Archive member included to satisfy reference by file (symbol)

C:/Users/agras/.pico-sdk/toolchain/13_3_Rel1/bin/../lib/gcc/arm-none-eabi/13.3.1/thumb/v8-m.main+fp/softfp\libm.a(libm_a-wf_sqrt.o)
                              i2c/mpu6050_i2c/CMakeFiles/mpu6050_i2c.dir/C_/Users/agras/.pico-sdk/sdk/2.1.0/src/rp2_common/pico_float/float_math.c.obj (sqrtf)
C:/Users/agras/.pico-sdk/toolchain/13_3_Rel1/bin/../lib/gcc/arm-none-eabi/13.3.1/thumb/v8-m.main+fp/softfp\libm.a(libm_a-ef_sqrt.o)
                              C:/Users/agras/.pico-sdk/toolchain/13_3_Rel1/bin/../lib/gcc/arm-none-eabi/13.3.1/thumb/v8-m.main+fp/softfp\libm.a(libm_a-wf_sqrt.o) (__ieee754_sqrtf)
C:/Users/agras/.pico-sdk/toolchain/13_3_Rel1/bin/../lib/gcc/arm-none-eabi/13.3.1/thumb/v8-m.main+fp/softfp\libgcc.a(_arm_addsubdf3.o)
                              i2c/mpu6050_i2c/CMakeFiles/mpu6050_i2c.dir/C_/Users/agras/.pico-sdk/sdk/2.1.0/src/rp2_common/pico_float/float_math.c.obj (__aeabi_f2d)
C:/Users/agras/.pico-sdk/toolchain/13_3_Rel1/bin/../lib/gcc/arm-none-eabi/13.3.1/thumb/v8-m.main+fp/softfp\libgcc.a(_aeabi_ldivmod.o)
                              i2c/mpu6050_i2c/CMakeFiles/mpu6050_i2c.dir/C_/Users/agras/.pico-sdk/sdk/2.1.0/src/common/pico_time/time.c.obj (__aeabi_ldivmod)
C:/Users/agras/.pico-sdk/toolchain/13_3_Rel1/bin/../lib/gcc/arm-none-eabi/13.3.1/thumb/v8-m.main+fp/softfp\libgcc.a(_aeabi_uldivmod.o)
                              i2c/mpu6050_i2c/CMakeFiles/mpu6050_i2c.dir/C_/Users/agras/.pico-sdk/sdk/2.1.0/src/rp2_common/hardware_clocks/clocks.c.obj (__aeabi_uldivmod)
C:/Users/agras/.pico-sdk/toolchain/13_3_Rel1/bin/../lib/gcc/arm-none-eabi/13.3.1/thumb/v8-m.main+fp/softfp\libgcc.a(_udivmoddi4.o)
                              C:/Users/agras/.pico-sdk/toolchain/13_3_Rel1/bin/../lib/gcc/arm-none-eabi/13.3.1/thumb/v8-m.main+fp/softfp\libgcc.a(_aeabi_ldivmod.o) (__udivmoddi4)
C:/Users/agras/.pico-sdk/toolchain/13_3_Rel1/bin/../lib/gcc/arm-none-eabi/13.3.1/thumb/v8-m.main+fp/softfp\libgcc.a(_dvmd_tls.o)
                              C:/Users/agras/.pico-sdk/toolchain/13_3_Rel1/bin/../lib/gcc/arm-none-eabi/13.3.1/thumb/v8-m.main+fp/softfp\libgcc.a(_aeabi_ldivmod.o) (__aeabi_ldiv0)
C:/Users/agras/.pico-sdk/toolchain/13_3_Rel1/bin/../lib/gcc/arm-none-eabi/13.3.1/thumb/v8-m.main+fp/softfp\libg.a(libc_a-calloc.o)
                              i2c/mpu6050_i2c/CMakeFiles/mpu6050_i2c.dir/C_/Users/agras/.pico-sdk/sdk/2.1.0/src/rp2_common/pico_malloc/malloc.c.obj (calloc)
C:/Users/agras/.pico-sdk/toolchain/13_3_Rel1/bin/../lib/gcc/arm-none-eabi/13.3.1/thumb/v8-m.main+fp/softfp\libg.a(libc_a-callocr.o)
                              C:/Users/agras/.pico-sdk/toolchain/13_3_Rel1/bin/../lib/gcc/arm-none-eabi/13.3.1/thumb/v8-m.main+fp/softfp\libg.a(libc_a-calloc.o) (_calloc_r)
C:/Users/agras/.pico-sdk/toolchain/13_3_Rel1/bin/../lib/gcc/arm-none-eabi/13.3.1/thumb/v8-m.main+fp/softfp\libg.a(libc_a-malloc.o)
                              i2c/mpu6050_i2c/CMakeFiles/mpu6050_i2c.dir/C_/Users/agras/.pico-sdk/sdk/2.1.0/src/rp2_common/pico_malloc/malloc.c.obj (malloc)
C:/Users/agras/.pico-sdk/toolchain/13_3_Rel1/bin/../lib/gcc/arm-none-eabi/13.3.1/thumb/v8-m.main+fp/softfp\libg.a(libc_a-mallocr.o)
                              C:/Users/agras/.pico-sdk/toolchain/13_3_Rel1/bin/../lib/gcc/arm-none-eabi/13.3.1/thumb/v8-m.main+fp/softfp\libg.a(libc_a-callocr.o) (_malloc_r)
C:/Users/agras/.pico-sdk/toolchain/13_3_Rel1/bin/../lib/gcc/arm-none-eabi/13.3.1/thumb/v8-m.main+fp/softfp\libg.a(libc_a-mlock.o)
                              C:/Users/agras/.pico-sdk/toolchain/13_3_Rel1/bin/../lib/gcc/arm-none-eabi/13.3.1/thumb/v8-m.main+fp/softfp\libg.a(libc_a-mallocr.o) (__malloc_lock)
C:/Users/agras/.pico-sdk/toolchain/13_3_Rel1/bin/../lib/gcc/arm-none-eabi/13.3.1/thumb/v8-m.main+fp/softfp\libg.a(libc_a-realloc.o)
                              i2c/mpu6050_i2c/CMakeFiles/mpu6050_i2c.dir/C_/Users/agras/.pico-sdk/sdk/2.1.0/src/rp2_common/pico_malloc/malloc.c.obj (realloc)
C:/Users/agras/.pico-sdk/toolchain/13_3_Rel1/bin/../lib/gcc/arm-none-eabi/13.3.1/thumb/v8-m.main+fp/softfp\libg.a(libc_a-reallocr.o)
                              C:/Users/agras/.pico-sdk/toolchain/13_3_Rel1/bin/../lib/gcc/arm-none-eabi/13.3.1/thumb/v8-m.main+fp/softfp\libg.a(libc_a-realloc.o) (_realloc_r)
C:/Users/agras/.pico-sdk/toolchain/13_3_Rel1/bin/../lib/gcc/arm-none-eabi/13.3.1/thumb/v8-m.main+fp/softfp\libg.a(libc_a-memcmp.o)
                              i2c/mpu6050_i2c/CMakeFiles/mpu6050_i2c.dir/C_/Users/agras/.pico-sdk/sdk/2.1.0/src/rp2_common/pico_atomic/atomic.c.obj (memcmp)
C:/Users/agras/.pico-sdk/toolchain/13_3_Rel1/bin/../lib/gcc/arm-none-eabi/13.3.1/thumb/v8-m.main+fp/softfp\libg.a(libc_a-memmove.o)
                              C:/Users/agras/.pico-sdk/toolchain/13_3_Rel1/bin/../lib/gcc/arm-none-eabi/13.3.1/thumb/v8-m.main+fp/softfp\libg.a(libc_a-reallocr.o) (memmove)
C:/Users/agras/.pico-sdk/toolchain/13_3_Rel1/bin/../lib/gcc/arm-none-eabi/13.3.1/thumb/v8-m.main+fp/softfp\libg.a(libc_a-memset.o)
[...]
Memory Configuration

Name             Origin             Length             Attributes
FLASH            0x10000000         0x00400000         xr
RAM              0x20000000         0x00080000         xrw
SCRATCH_X        0x20080000         0x00001000         xrw
SCRATCH_Y        0x20081000         0x00001000         xrw
*default*        0x00000000         0xffffffff

Linker script and memory map

LOAD C:/Users/agras/.pico-sdk/toolchain/13_3_Rel1/bin/../lib/gcc/arm-none-eabi/13.3.1/thumb/v8-m.main+fp/softfp/crti.o
LOAD C:/Users/agras/.pico-sdk/toolchain/13_3_Rel1/bin/../lib/gcc/arm-none-eabi/13.3.1/thumb/v8-m.main+fp/softfp/crtbegin.o
LOAD C:/Users/agras/.pico-sdk/toolchain/13_3_Rel1/bin/../lib/gcc/arm-none-eabi/13.3.1/thumb/v8-m.main+fp/softfp/crt0.o

.flash_begin    0x10000000        0x0
                0x10000000                        __flash_binary_start = .

.text           0x10000000     0x37d4
                0x10000000                        __logical_binary_start = .
 *(.vectors)
 .vectors       0x10000000      0x124 i2c/mpu6050_i2c/CMakeFiles/mpu6050_i2c.dir/C_/Users/agras/.pico-sdk/sdk/2.1.0/src/rp2_common/pico_crt0/crt0.S.obj
                0x10000000                __VECTOR_TABLE
                0x10000000                __vectors
                0x10000110                __default_isrs_start
                0x10000110                isr_invalid
                0x10000112                isr_nmi
                0x10000114                isr_hardfault
                0x10000116                isr_svcall
                0x10000118                isr_pendsv
                0x1000011a                isr_systick
                0x1000011c                isr_irq31
                0x1000011c                isr_irq5
                0x1000011c                isr_irq11
                0x1000011c                isr_irq32
                0x1000011c                isr_irq23
                0x1000011c                isr_irq48
                0x1000011c                isr_irq35
                0x1000011c                isr_irq18
                0x1000011c                isr_irq50
                0x1000011c                isr_irq27
                0x1000011c                isr_irq40
                0x1000011c                isr_irq28
                0x1000011c                isr_irq19
                0x1000011c                isr_irq36
                0x1000011c                isr_irq41
                0x1000011c                isr_irq0
                0x1000011c                isr_irq6
                0x1000011c                isr_irq45
                0x1000011c                isr_irq12
                0x1000011c                isr_irq37
                0x1000011c                isr_irq42
                0x1000011c                isr_irq22
                0x1000011c                isr_irq43
                0x1000011c                isr_irq17
                0x1000011c                isr_irq38
                0x1000011c                isr_irq14
                0x1000011c                isr_irq13
                0x1000011c                isr_irq2
                0x1000011c                isr_irq10
                0x1000011c                isr_irq8
                0x1000011c                isr_irq24
                0x1000011c                isr_irq46
                0x1000011c                isr_irq1
                0x1000011c                isr_irq47
                0x1000011c                isr_irq51
                0x1000011c                isr_irq7
                0x1000011c                isr_irq21
                0x1000011c                isr_irq39
                0x1000011c                isr_irq20
                0x1000011c                isr_irq15
                0x1000011c                isr_irq25
                0x1000011c                isr_irq34
                0x1000011c                isr_irq49
                0x1000011c                __unhandled_user_irq
                0x1000011c                isr_irq4
                0x1000011c                isr_irq16
                0x1000011c                isr_irq44
                0x1000011c                isr_irq29
                0x1000011c                isr_irq26
                0x1000011c                __default_isrs_end
                0x1000011c                isr_irq33
                0x1000011c                isr_irq3
                0x1000011c                isr_irq30
                0x1000011c                isr_irq9
                0x10000122                unhandled_user_irq_num_in_r0
 *(.binary_info_header)
 .binary_info_header
                0x10000124       0x14 i2c/mpu6050_i2c/CMakeFiles/mpu6050_i2c.dir/C_/Users/agras/.pico-sdk/sdk/2.1.0/src/rp2_common/pico_crt0/crt0.S.obj
                0x10000138                        __binary_info_header_end = .
 *(.embedded_block)
 .embedded_block
                0x10000138       0x14 i2c/mpu6050_i2c/CMakeFiles/mpu6050_i2c.dir/C_/Users/agras/.pico-sdk/sdk/2.1.0/src/rp2_common/pico_crt0/crt0.S.obj
                0x1000014c                        __embedded_block_end = .
 *(.reset)
 .reset         0x1000014c       0xa0 i2c/mpu6050_i2c/CMakeFiles/mpu6050_i2c.dir/C_/Users/agras/.pico-sdk/sdk/2.1.0/src/rp2_common/pico_crt0/crt0.S.obj
                0x1000014c                _entry_point
 *(.init)
 .init          0x100001ec        0x4 C:/Users/agras/.pico-sdk/toolchain/13_3_Rel1/bin/../lib/gcc/arm-none-eabi/13.3.1/thumb/v8-m.main+fp/softfp/crti.o
                0x100001ec                _init
 SORT_BY_NAME(REVERSE(*libgcc.a:cmse_nonsecure_call.o))()
 *(EXCLUDE_FILE(*libm.a: *libc.a:*lib_a-mem*.o *libgcc.a:) .text*)
 .text.register_tm_clones
                0x100001f0       0x28 C:/Users/agras/.pico-sdk/toolchain/13_3_Rel1/bin/../lib/gcc/arm-none-eabi/13.3.1/thumb/v8-m.main+fp/softfp/crtbegin.o
 .text.frame_dummy
                0x10000218       0x24 C:/Users/agras/.pico-sdk/toolchain/13_3_Rel1/bin/../lib/gcc/arm-none-eabi/13.3.1/thumb/v8-m.main+fp/softfp/crtbegin.o
 .text.mpu6050_reset
                0x1000023c       0x44 i2c/mpu6050_i2c/CMakeFiles/mpu6050_i2c.dir/mpu6050_i2c.c.obj
 .text.mpu6050_read_raw
                0x10000280       0xf0 i2c/mpu6050_i2c/CMakeFiles/mpu6050_i2c.dir/mpu6050_i2c.c.obj
 .text.main     0x10000370       0xc4 i2c/mpu6050_i2c/CMakeFiles/mpu6050_i2c.dir/mpu6050_i2c.c.obj
                0x10000370                main
 .text.gpio_set_function
                0x10000434       0x38 i2c/mpu6050_i2c/CMakeFiles/mpu6050_i2c.dir/C_/Users/agras/.pico-sdk/sdk/2.1.0/src/rp2_common/hardware_gpio/gpio.c.obj
                0x10000434                gpio_set_function
 .text.gpio_set_pulls
                0x1000046c       0x38 i2c/mpu6050_i2c/CMakeFiles/mpu6050_i2c.dir/C_/Users/agras/.pico-sdk/sdk/2.1.0/src/rp2_common/hardware_gpio/gpio.c.obj
                0x1000046c                gpio_set_pulls
 .text.panic    0x100004a4       0x30 i2c/mpu6050_i2c/CMakeFiles/mpu6050_i2c.dir/C_/Users/agras/.pico-sdk/sdk/2.1.0/src/rp2_common/pico_platform_panic/panic.c.obj
                0x100004a4                panic
 .text.hw_claim_lock
                0x100004d4       0x24 i2c/mpu6050_i2c/CMakeFiles/mpu6050_i2c.dir/C_/Users/agras/.pico-sdk/sdk/2.1.0/src/common/hardware_claim/claim.c.obj
                0x100004d4                hw_claim_lock
 .text.hw_claim_unlock
                0x100004f8       0x14 i2c/mpu6050_i2c/CMakeFiles/mpu6050_i2c.dir/C_/Users/agras/.pico-sdk/sdk/2.1.0/src/common/hardware_claim/claim.c.obj
                0x100004f8                hw_claim_unlock
 .text.hw_claim_or_assert
                0x1000050c       0x32 i2c/mpu6050_i2c/CMakeFiles/mpu6050_i2c.dir/C_/Users/agras/.pico-sdk/sdk/2.1.0/src/common/hardware_claim/claim.c.obj
                0x1000050c                hw_claim_or_assert
 *fill*         0x1000053e        0x2 
 .text.next_striped_spin_lock_num
                0x10000540       0x1c i2c/mpu6050_i2c/CMakeFiles/mpu6050_i2c.dir/C_/Users/agras/.pico-sdk/sdk/2.1.0/src/rp2_common/hardware_sync/sync.c.obj
                0x10000540                next_striped_spin_lock_num
 .text.spinlock_set_extexclall
                0x1000055c        0xe i2c/mpu6050_i2c/CMakeFiles/mpu6050_i2c.dir/C_/Users/agras/.pico-sdk/sdk/2.1.0/src/rp2_common/hardware_sync_spin_lock/sync_spin_lock.c.obj
 *fill*         0x1000056a        0x2 
 .text.spin_locks_reset
                0x1000056c       0x1c i2c/mpu6050_i2c/CMakeFiles/mpu6050_i2c.dir/C_/Users/agras/.pico-sdk/sdk/2.1.0/src/rp2_common/hardware_sync_spin_lock/sync_spin_lock.c.obj
                0x1000056c                spin_locks_reset
 .text.set_raw_irq_handler_and_unlock
                0x10000588       0x24 i2c/mpu6050_i2c/CMakeFiles/mpu6050_i2c.dir/C_/Users/agras/.pico-sdk/sdk/2.1.0/src/rp2_common/hardware_irq/irq.c.obj
 .text.nvic_ipr0
                0x100005ac        0x8 i2c/mpu6050_i2c/CMakeFiles/mpu6050_i2c.dir/C_/Users/agras/.pico-sdk/sdk/2.1.0/src/rp2_common/hardware_irq/irq.c.obj
 .text.runtime_init_per_core_irq_priorities
                0x100005b4       0x1a i2c/mpu6050_i2c/CMakeFiles/mpu6050_i2c.dir/C_/Users/agras/.pico-sdk/sdk/2.1.0/src/rp2_common/hardware_irq/irq.c.obj
                0x100005b4                runtime_init_per_core_irq_priorities
 *fill*         0x100005ce        0x2 
 .text.resolve_j_16
                0x100005d0       0x40 i2c/mpu6050_i2c/CMakeFiles/mpu6050_i2c.dir/C_/Users/agras/.pico-sdk/sdk/2.1.0/src/rp2_common/hardware_irq/irq.c.obj
 .text.make_j_16
                0x10000610       0x3c i2c/mpu6050_i2c/CMakeFiles/mpu6050_i2c.dir/C_/Users/agras/.pico-sdk/sdk/2.1.0/src/rp2_common/hardware_irq/irq.c.obj
 .text.insert_bl_32
                0x1000064c       0x3c i2c/mpu6050_i2c/CMakeFiles/mpu6050_i2c.dir/C_/Users/agras/.pico-sdk/sdk/2.1.0/src/rp2_common/hardware_irq/irq.c.obj
 .text.irq_is_enabled
                0x10000688       0x20 i2c/mpu6050_i2c/CMakeFiles/mpu6050_i2c.dir/C_/Users/agras/.pico-sdk/sdk/2.1.0/src/rp2_common/hardware_irq/irq.c.obj
                0x10000688                irq_is_enabled
 .text.irq_set_mask_n_enabled
                0x100006a8       0x20 i2c/mpu6050_i2c/CMakeFiles/mpu6050_i2c.dir/C_/Users/agras/.pico-sdk/sdk/2.1.0/src/rp2_common/hardware_irq/irq.c.obj
                0x100006a8                irq_set_mask_n_enabled
 .text.irq_set_enabled
                0x100006c8       0x14 i2c/mpu6050_i2c/CMakeFiles/mpu6050_i2c.dir/C_/Users/agras/.pico-sdk/sdk/2.1.0/src/rp2_common/hardware_irq/irq.c.obj
                0x100006c8                irq_set_enabled
 .text.irq_get_vtable_handler
                0x100006dc       0x10 i2c/mpu6050_i2c/CMakeFiles/mpu6050_i2c.dir/C_/Users/agras/.pico-sdk/sdk/2.1.0/src/rp2_common/hardware_irq/irq.c.obj
                0x100006dc                irq_get_vtable_handler
 .text.irq_set_exclusive_handler
                0x100006ec       0x60 i2c/mpu6050_i2c/CMakeFiles/mpu6050_i2c.dir/C_/Users/agras/.pico-sdk/sdk/2.1.0/src/rp2_common/hardware_irq/irq.c.obj
                0x100006ec                irq_set_exclusive_handler
 .text.irq_remove_handler
                0x1000074c      0x178 i2c/mpu6050_i2c/CMakeFiles/mpu6050_i2c.dir/C_/Users/agras/.pico-sdk/sdk/2.1.0/src/rp2_common/hardware_irq/irq.c.obj
                0x1000074c                irq_remove_handler
 .text.irq_add_tail_to_free_list
                0x100008c4       0xf8 i2c/mpu6050_i2c/CMakeFiles/mpu6050_i2c.dir/C_/Users/agras/.pico-sdk/sdk/2.1.0/src/rp2_common/hardware_irq/irq.c.obj
                0x100008c4                irq_add_tail_to_free_list
 .text.lock_init
                0x100009bc        0xc i2c/mpu6050_i2c/CMakeFiles/mpu6050_i2c.dir/C_/Users/agras/.pico-sdk/sdk/2.1.0/src/common/pico_sync/lock_core.c.obj
                0x100009bc                lock_init
 .text.mutex_init
                0x100009c8       0x1a i2c/mpu6050_i2c/CMakeFiles/mpu6050_i2c.dir/C_/Users/agras/.pico-sdk/sdk/2.1.0/src/common/pico_sync/mutex.c.obj
                0x100009c8                mutex_init
 .text.recursive_mutex_init
                0x100009e2       0x1e i2c/mpu6050_i2c/CMakeFiles/mpu6050_i2c.dir/C_/Users/agras/.pico-sdk/sdk/2.1.0/src/common/pico_sync/mutex.c.obj
                0x100009e2                recursive_mutex_init
 .text.runtime_init_mutex
                0x10000a00       0x4c i2c/mpu6050_i2c/CMakeFiles/mpu6050_i2c.dir/C_/Users/agras/.pico-sdk/sdk/2.1.0/src/common/pico_sync/mutex.c.obj
                0x10000a00                runtime_init_mutex
 .text.ta_from_current_irq
                0x10000a4c       0x24 i2c/mpu6050_i2c/CMakeFiles/mpu6050_i2c.dir/C_/Users/agras/.pico-sdk/sdk/2.1.0/src/common/pico_time/time.c.obj
 .text.make_alarm_id
                0x10000a70        0x6 i2c/mpu6050_i2c/CMakeFiles/mpu6050_i2c.dir/C_/Users/agras/.pico-sdk/sdk/2.1.0/src/common/pico_time/time.c.obj
 *fill*         0x10000a76        0x2 
 .text.sleep_until_callback
                0x10000a78       0x3c i2c/mpu6050_i2c/CMakeFiles/mpu6050_i2c.dir/C_/Users/agras/.pico-sdk/sdk/2.1.0/src/common/pico_time/time.c.obj
 .text.alarm_pool_irq_handler
                0x10000ab4      0x2e0 i2c/mpu6050_i2c/CMakeFiles/mpu6050_i2c.dir/C_/Users/agras/.pico-sdk/sdk/2.1.0/src/common/pico_time/time.c.obj
 .text.ta_enable_irq_handler
                0x10000d94       0x38 i2c/mpu6050_i2c/CMakeFiles/mpu6050_i2c.dir/C_/Users/agras/.pico-sdk/sdk/2.1.0/src/common/pico_time/time.c.obj
 .text.alarm_pool_post_alloc_init
                0x10000dcc       0x7c i2c/mpu6050_i2c/CMakeFiles/mpu6050_i2c.dir/C_/Users/agras/.pico-sdk/sdk/2.1.0/src/common/pico_time/time.c.obj
 .text.alarm_pool_get_default
                0x10000e48       0x28 i2c/mpu6050_i2c/CMakeFiles/mpu6050_i2c.dir/C_/Users/agras/.pico-sdk/sdk/2.1.0/src/common/pico_time/time.c.obj
                0x10000e48                alarm_pool_get_default
 .text.alarm_pool_add_alarm_at_force_in_context
                0x10000e70       0xc0 i2c/mpu6050_i2c/CMakeFiles/mpu6050_i2c.dir/C_/Users/agras/.pico-sdk/sdk/2.1.0/src/common/pico_time/time.c.obj
                0x10000e70                alarm_pool_add_alarm_at_force_in_context
 .text.alarm_pool_add_alarm_at
                0x10000f30       0x38 i2c/mpu6050_i2c/CMakeFiles/mpu6050_i2c.dir/C_/Users/agras/.pico-sdk/sdk/2.1.0/src/common/pico_time/time.c.obj
                0x10000f30                alarm_pool_add_alarm_at
 .text.add_alarm_at
                0x10000f68       0x26 i2c/mpu6050_i2c/CMakeFiles/mpu6050_i2c.dir/C_/Users/agras/.pico-sdk/sdk/2.1.0/src/common/pico_time/time.c.obj
 .text.alarm_pool_cancel_alarm
                0x10000f8e       0x72 i2c/mpu6050_i2c/CMakeFiles/mpu6050_i2c.dir/C_/Users/agras/.pico-sdk/sdk/2.1.0/src/common/pico_time/time.c.obj
                0x10000f8e                alarm_pool_cancel_alarm
 .text.cancel_alarm
                0x10001000       0x10 i2c/mpu6050_i2c/CMakeFiles/mpu6050_i2c.dir/C_/Users/agras/.pico-sdk/sdk/2.1.0/src/common/pico_time/time.c.obj
 .text.sleep_until
                0x10001010       0xc4 i2c/mpu6050_i2c/CMakeFiles/mpu6050_i2c.dir/C_/Users/agras/.pico-sdk/sdk/2.1.0/src/common/pico_time/time.c.obj
                0x10001010                sleep_until
 .text.sleep_us
                0x100010d4       0x24 i2c/mpu6050_i2c/CMakeFiles/mpu6050_i2c.dir/C_/Users/agras/.pico-sdk/sdk/2.1.0/src/common/pico_time/time.c.obj
                0x100010d4                sleep_us
 .text.sleep_ms
                0x100010f8       0x28 i2c/mpu6050_i2c/CMakeFiles/mpu6050_i2c.dir/C_/Users/agras/.pico-sdk/sdk/2.1.0/src/common/pico_time/time.c.obj
                0x100010f8                sleep_ms
 .text.best_effort_wfe_or_timeout
                0x10001120      0x100 i2c/mpu6050_i2c/CMakeFiles/mpu6050_i2c.dir/C_/Users/agras/.pico-sdk/sdk/2.1.0/src/common/pico_time/time.c.obj
                0x10001120                best_effort_wfe_or_timeout
 .text.alarm_pool_get_default_timer
                0x10001220        0x8 i2c/mpu6050_i2c/CMakeFiles/mpu6050_i2c.dir/C_/Users/agras/.pico-sdk/sdk/2.1.0/src/common/pico_time/time.c.obj
                0x10001220                alarm_pool_get_default_timer
 .text.runtime_init_default_alarm_pool
                0x10001228       0x34 i2c/mpu6050_i2c/CMakeFiles/mpu6050_i2c.dir/C_/Users/agras/.pico-sdk/sdk/2.1.0/src/common/pico_time/time.c.obj
                0x10001228                runtime_init_default_alarm_pool
 .text.timer_hardware_alarm_claim
                0x1000125c       0x24 i2c/mpu6050_i2c/CMakeFiles/mpu6050_i2c.dir/C_/Users/agras/.pico-sdk/sdk/2.1.0/src/rp2_common/hardware_timer/timer.c.obj
                0x1000125c                timer_hardware_alarm_claim
 .text.timer_time_us_64
                0x10001280       0x10 i2c/mpu6050_i2c/CMakeFiles/mpu6050_i2c.dir/C_/Users/agras/.pico-sdk/sdk/2.1.0/src/rp2_common/hardware_timer/timer.c.obj
                0x10001280                timer_time_us_64
 .text.timer_busy_wait_until
                0x10001290       0x1a i2c/mpu6050_i2c/CMakeFiles/mpu6050_i2c.dir/C_/Users/agras/.pico-sdk/sdk/2.1.0/src/rp2_common/hardware_timer/timer.c.obj
                0x10001290                timer_busy_wait_until
 .text.timer_busy_wait_us
                0x100012aa       0x28 i2c/mpu6050_i2c/CMakeFiles/mpu6050_i2c.dir/C_/Users/agras/.pico-sdk/sdk/2.1.0/src/rp2_common/hardware_timer/timer.c.obj
                0x100012aa                timer_busy_wait_us
 *fill*         0x100012d2        0x2 
 .text.time_us_64
                0x100012d4       0x10 i2c/mpu6050_i2c/CMakeFiles/mpu6050_i2c.dir/C_/Users/agras/.pico-sdk/sdk/2.1.0/src/rp2_common/hardware_timer/timer.c.obj
                0x100012d4                time_us_64
 .text.busy_wait_us
                0x100012e4       0x14 i2c/mpu6050_i2c/CMakeFiles/mpu6050_i2c.dir/C_/Users/agras/.pico-sdk/sdk/2.1.0/src/rp2_common/hardware_timer/timer.c.obj
                0x100012e4                busy_wait_us
 .text.busy_wait_until
                0x100012f8       0x14 i2c/mpu6050_i2c/CMakeFiles/mpu6050_i2c.dir/C_/Users/agras/.pico-sdk/sdk/2.1.0/src/rp2_common/hardware_timer/timer.c.obj
                0x100012f8                busy_wait_until
 .text.uart_unreset
                0x1000130c       0x2c i2c/mpu6050_i2c/CMakeFiles/mpu6050_i2c.dir/C_/Users/agras/.pico-sdk/sdk/2.1.0/src/rp2_common/hardware_uart/uart.c.obj
 .text.uart_disable_before_lcr_write
                0x10001338       0x40 i2c/mpu6050_i2c/CMakeFiles/mpu6050_i2c.dir/C_/Users/agras/.pico-sdk/sdk/2.1.0/src/rp2_common/hardware_uart/uart.c.obj
 .text.uart_write_lcr_bits_masked
                0x10001378       0x1c i2c/mpu6050_i2c/CMakeFiles/mpu6050_i2c.dir/C_/Users/agras/.pico-sdk/sdk/2.1.0/src/rp2_common/hardware_uart/uart.c.obj
 .text.uart_set_baudrate
                0x10001394       0x52 i2c/mpu6050_i2c/CMakeFiles/mpu6050_i2c.dir/C_/Users/agras/.pico-sdk/sdk/2.1.0/src/rp2_common/hardware_uart/uart.c.obj
                0x10001394                uart_set_baudrate
 *fill*         0x100013e6        0x2 
 .text.uart_set_translate_crlf
                0x100013e8       0x24 i2c/mpu6050_i2c/CMakeFiles/mpu6050_i2c.dir/C_/Users/agras/.pico-sdk/sdk/2.1.0/src/rp2_common/hardware_uart/uart.c.obj
                0x100013e8                uart_set_translate_crlf
 .text.uart_init
                0x1000140c       0x5c i2c/mpu6050_i2c/CMakeFiles/mpu6050_i2c.dir/C_/Users/agras/.pico-sdk/sdk/2.1.0/src/rp2_common/hardware_uart/uart.c.obj
                0x1000140c                uart_init
 .text.clock_configure_internal
                0x10001468       0xb8 i2c/mpu6050_i2c/CMakeFiles/mpu6050_i2c.dir/C_/Users/agras/.pico-sdk/sdk/2.1.0/src/rp2_common/hardware_clocks/clocks.c.obj
 .text.clock_configure_undivided
                0x10001520       0x12 i2c/mpu6050_i2c/CMakeFiles/mpu6050_i2c.dir/C_/Users/agras/.pico-sdk/sdk/2.1.0/src/rp2_common/hardware_clocks/clocks.c.obj
                0x10001520                clock_configure_undivided
 *fill*         0x10001532        0x2 
 .text.clock_get_hz
                0x10001534        0xc i2c/mpu6050_i2c/CMakeFiles/mpu6050_i2c.dir/C_/Users/agras/.pico-sdk/sdk/2.1.0/src/rp2_common/hardware_clocks/clocks.c.obj
                0x10001534                clock_get_hz
 .text.pll_init
                0x10001540      0x108 i2c/mpu6050_i2c/CMakeFiles/mpu6050_i2c.dir/C_/Users/agras/.pico-sdk/sdk/2.1.0/src/rp2_common/hardware_pll/pll.c.obj
                0x10001540                pll_init
 .text.tick_start
                0x10001648       0x1c i2c/mpu6050_i2c/CMakeFiles/mpu6050_i2c.dir/C_/Users/agras/.pico-sdk/sdk/2.1.0/src/rp2_common/hardware_ticks/ticks.c.obj
                0x10001648                tick_start
 .text.rom_func_lookup
                0x10001664       0x1e i2c/mpu6050_i2c/CMakeFiles/mpu6050_i2c.dir/C_/Users/agras/.pico-sdk/sdk/2.1.0/src/rp2_common/pico_bootrom/bootrom.c.obj
                0x10001664                rom_func_lookup
 *fill*         0x10001682        0x2 
 .text.runtime_init_bootrom_locking_enable
                0x10001684       0x14 i2c/mpu6050_i2c/CMakeFiles/mpu6050_i2c.dir/C_/Users/agras/.pico-sdk/sdk/2.1.0/src/rp2_common/pico_bootrom/bootrom_lock.c.obj
                0x10001684                runtime_init_bootrom_locking_enable
 .text.boot_locks_reset
                0x10001698       0x20 i2c/mpu6050_i2c/CMakeFiles/mpu6050_i2c.dir/C_/Users/agras/.pico-sdk/sdk/2.1.0/src/rp2_common/hardware_boot_lock/boot_lock.c.obj
                0x10001698                boot_locks_reset
 .text.runtime_init_boot_locks_reset
                0x100016b8        0x8 i2c/mpu6050_i2c/CMakeFiles/mpu6050_i2c.dir/C_/Users/agras/.pico-sdk/sdk/2.1.0/src/rp2_common/hardware_boot_lock/boot_lock.c.obj
                0x100016b8                runtime_init_boot_locks_reset
 .text.xosc_init
                0x100016c0       0x28 i2c/mpu6050_i2c/CMakeFiles/mpu6050_i2c.dir/C_/Users/agras/.pico-sdk/sdk/2.1.0/src/rp2_common/hardware_xosc/xosc.c.obj
                0x100016c0                xosc_init
 .text.runtime_run_initializers_from
                0x100016e8       0x18 i2c/mpu6050_i2c/CMakeFiles/mpu6050_i2c.dir/C_/Users/agras/.pico-sdk/sdk/2.1.0/src/rp2_common/pico_runtime/runtime.c.obj
 .text.first_per_core_initializer
                0x10001700        0x2 i2c/mpu6050_i2c/CMakeFiles/mpu6050_i2c.dir/C_/Users/agras/.pico-sdk/sdk/2.1.0/src/rp2_common/pico_runtime/runtime.c.obj
 *fill*         0x10001702        0x2 
 .text.runtime_run_initializers
                0x10001704       0x10 i2c/mpu6050_i2c/CMakeFiles/mpu6050_i2c.dir/C_/Users/agras/.pico-sdk/sdk/2.1.0/src/rp2_common/pico_runtime/runtime.c.obj
                0x10001704                runtime_run_initializers
 .text.runtime_init_early_resets
                0x10001714       0x2c i2c/mpu6050_i2c/CMakeFiles/mpu6050_i2c.dir/C_/Users/agras/.pico-sdk/sdk/2.1.0/src/rp2_common/pico_runtime_init/runtime_init.c.obj
                0x10001714                runtime_init_early_resets
 .text.runtime_init_usb_power_down
                0x10001740       0x20 i2c/mpu6050_i2c/CMakeFiles/mpu6050_i2c.dir/C_/Users/agras/.pico-sdk/sdk/2.1.0/src/rp2_common/pico_runtime_init/runtime_init.c.obj
                0x10001740                runtime_init_usb_power_down
 .text.runtime_init_per_core_enable_coprocessors
                0x10001760       0x1c i2c/mpu6050_i2c/CMakeFiles/mpu6050_i2c.dir/C_/Users/agras/.pico-sdk/sdk/2.1.0/src/rp2_common/pico_runtime_init/runtime_init.c.obj
                0x10001760                runtime_init_per_core_enable_coprocessors
 .text.runtime_init_post_clock_resets
                0x1000177c       0x20 i2c/mpu6050_i2c/CMakeFiles/mpu6050_i2c.dir/C_/Users/agras/.pico-sdk/sdk/2.1.0/src/rp2_common/pico_runtime_init/runtime_init.c.obj
                0x1000177c                runtime_init_post_clock_resets
 .text.runtime_init_bootrom_reset
                0x1000179c       0x12 i2c/mpu6050_i2c/CMakeFiles/mpu6050_i2c.dir/C_/Users/agras/.pico-sdk/sdk/2.1.0/src/rp2_common/pico_runtime_init/runtime_init.c.obj
                0x1000179c                runtime_init_bootrom_reset
 .text.runtime_init_per_core_bootrom_reset
                0x100017ae       0x12 i2c/mpu6050_i2c/CMakeFiles/mpu6050_i2c.dir/C_/Users/agras/.pico-sdk/sdk/2.1.0/src/rp2_common/pico_runtime_init/runtime_init.c.obj
                0x100017ae                runtime_init_per_core_bootrom_reset
 .text.runtime_init_spin_locks_reset
                0x100017c0        0x8 i2c/mpu6050_i2c/CMakeFiles/mpu6050_i2c.dir/C_/Users/agras/.pico-sdk/sdk/2.1.0/src/rp2_common/pico_runtime_init/runtime_init.c.obj
                0x100017c0                runtime_init_spin_locks_reset
 .text.runtime_init_install_ram_vector_table
                0x100017c8       0x20 i2c/mpu6050_i2c/CMakeFiles/mpu6050_i2c.dir/C_/Users/agras/.pico-sdk/sdk/2.1.0/src/rp2_common/pico_runtime_init/runtime_init.c.obj
                0x100017c8                runtime_init_install_ram_vector_table
 .text.start_all_ticks
                0x100017e8       0x28 i2c/mpu6050_i2c/CMakeFiles/mpu6050_i2c.dir/C_/Users/agras/.pico-sdk/sdk/2.1.0/src/rp2_common/pico_runtime_init/runtime_init_clocks.c.obj
 .text.runtime_init_clocks
                0x10001810       0xc4 i2c/mpu6050_i2c/CMakeFiles/mpu6050_i2c.dir/C_/Users/agras/.pico-sdk/sdk/2.1.0/src/rp2_common/pico_runtime_init/runtime_init_clocks.c.obj
                0x10001810                runtime_init_clocks
 .text.__rp2350_dcp_engaged_state_save_restore
                0x100018d4       0x3a i2c/mpu6050_i2c/CMakeFiles/mpu6050_i2c.dir/C_/Users/agras/.pico-sdk/sdk/2.1.0/src/rp2_common/pico_double/double_aeabi_dcp.S.obj
 *fill*         0x1000190e        0x2 
 .text.__wrap___aeabi_dadd
                0x10001910       0x28 i2c/mpu6050_i2c/CMakeFiles/mpu6050_i2c.dir/C_/Users/agras/.pico-sdk/sdk/2.1.0/src/rp2_common/pico_double/double_aeabi_dcp.S.obj
                0x10001918                __wrap___aeabi_dadd
 .text.__wrap___aeabi_dsub
                0x10001938       0x28 i2c/mpu6050_i2c/CMakeFiles/mpu6050_i2c.dir/C_/Users/agras/.pico-sdk/sdk/2.1.0/src/rp2_common/pico_double/double_aeabi_dcp.S.obj
                0x10001940                __wrap___aeabi_dsub
 .text.__wrap___aeabi_dmul
                0x10001960       0x4c i2c/mpu6050_i2c/CMakeFiles/mpu6050_i2c.dir/C_/Users/agras/.pico-sdk/sdk/2.1.0/src/rp2_common/pico_double/double_aeabi_dcp.S.obj
                0x10001968                __wrap___aeabi_dmul
 .text.__wrap___aeabi_ddiv
                0x100019ac       0x9c i2c/mpu6050_i2c/CMakeFiles/mpu6050_i2c.dir/C_/Users/agras/.pico-sdk/sdk/2.1.0/src/rp2_common/pico_double/double_aeabi_dcp.S.obj
                0x100019b4                __wrap___aeabi_ddiv
 .text.__wrap___aeabi_i2d
                0x10001a48       0x24 i2c/mpu6050_i2c/CMakeFiles/mpu6050_i2c.dir/C_/Users/agras/.pico-sdk/sdk/2.1.0/src/rp2_common/pico_double/double_aeabi_dcp.S.obj
                0x10001a50                __wrap___aeabi_i2d
 .text.__wrap___aeabi_ui2d
                0x10001a6c       0x24 i2c/mpu6050_i2c/CMakeFiles/mpu6050_i2c.dir/C_/Users/agras/.pico-sdk/sdk/2.1.0/src/rp2_common/pico_double/double_aeabi_dcp.S.obj
                0x10001a74                __wrap___aeabi_ui2d
 .text.__wrap___aeabi_d2iz
                0x10001a90       0x24 i2c/mpu6050_i2c/CMakeFiles/mpu6050_i2c.dir/C_/Users/agras/.pico-sdk/sdk/2.1.0/src/rp2_common/pico_double/double_aeabi_dcp.S.obj
                0x10001a98                __wrap___aeabi_d2iz
 .text.__wrap___aeabi_d2uiz
                0x10001ab4       0x24 i2c/mpu6050_i2c/CMakeFiles/mpu6050_i2c.dir/C_/Users/agras/.pico-sdk/sdk/2.1.0/src/rp2_common/pico_double/double_aeabi_dcp.S.obj
                0x10001abc                __wrap___aeabi_d2uiz
 .text.__wrap___aeabi_dcmpun
                0x10001ad8       0x24 i2c/mpu6050_i2c/CMakeFiles/mpu6050_i2c.dir/C_/Users/agras/.pico-sdk/sdk/2.1.0/src/rp2_common/pico_double/double_aeabi_dcp.S.obj
                0x10001ae0                __wrap___aeabi_dcmpun
 .text.__wrap___aeabi_dcmplt
                0x10001afc       0x28 i2c/mpu6050_i2c/CMakeFiles/mpu6050_i2c.dir/C_/Users/agras/.pico-sdk/sdk/2.1.0/src/rp2_common/pico_double/double_aeabi_dcp.S.obj
                0x10001b04                __wrap___aeabi_dcmplt
 .text.__wrap___aeabi_dcmple
                0x10001b24       0x28 i2c/mpu6050_i2c/CMakeFiles/mpu6050_i2c.dir/C_/Users/agras/.pico-sdk/sdk/2.1.0/src/rp2_common/pico_double/double_aeabi_dcp.S.obj
                0x10001b2c                __wrap___aeabi_dcmple
 .text.__wrap___aeabi_dcmpge
                0x10001b4c       0x28 i2c/mpu6050_i2c/CMakeFiles/mpu6050_i2c.dir/C_/Users/agras/.pico-sdk/sdk/2.1.0/src/rp2_common/pico_double/double_aeabi_dcp.S.obj
                0x10001b54                __wrap___aeabi_dcmpge
 .text.__wrap___aeabi_dcmpgt
                0x10001b74       0x28 i2c/mpu6050_i2c/CMakeFiles/mpu6050_i2c.dir/C_/Users/agras/.pico-sdk/sdk/2.1.0/src/rp2_common/pico_double/double_aeabi_dcp.S.obj
                0x10001b7c                __wrap___aeabi_dcmpgt
 .text._out_null
                0x10001b9c        0x2 i2c/mpu6050_i2c/CMakeFiles/mpu6050_i2c.dir/C_/Users/agras/.pico-sdk/sdk/2.1.0/src/rp2_common/pico_printf/printf.c.obj
 .text._out_fct
                0x10001b9e        0xe i2c/mpu6050_i2c/CMakeFiles/mpu6050_i2c.dir/C_/Users/agras/.pico-sdk/sdk/2.1.0/src/rp2_common/pico_printf/printf.c.obj
 .text._atoi    0x10001bac       0x26 i2c/mpu6050_i2c/CMakeFiles/mpu6050_i2c.dir/C_/Users/agras/.pico-sdk/sdk/2.1.0/src/rp2_common/pico_printf/printf.c.obj
 .text._out_rev
                0x10001bd2       0x7e i2c/mpu6050_i2c/CMakeFiles/mpu6050_i2c.dir/C_/Users/agras/.pico-sdk/sdk/2.1.0/src/rp2_common/pico_printf/printf.c.obj
 .text._ntoa_format
                0x10001c50      0x136 i2c/mpu6050_i2c/CMakeFiles/mpu6050_i2c.dir/C_/Users/agras/.pico-sdk/sdk/2.1.0/src/rp2_common/pico_printf/printf.c.obj
 .text._ntoa_long
                0x10001d86       0x94 i2c/mpu6050_i2c/CMakeFiles/mpu6050_i2c.dir/C_/Users/agras/.pico-sdk/sdk/2.1.0/src/rp2_common/pico_printf/printf.c.obj
 .text._ntoa_long_long
                0x10001e1a       0xc2 i2c/mpu6050_i2c/CMakeFiles/mpu6050_i2c.dir/C_/Users/agras/.pico-sdk/sdk/2.1.0/src/rp2_common/pico_printf/printf.c.obj
 *fill*         0x10001edc        0x4 
 .text._etoa    0x10001ee0      0x41c i2c/mpu6050_i2c/CMakeFiles/mpu6050_i2c.dir/C_/Users/agras/.pico-sdk/sdk/2.1.0/src/rp2_common/pico_printf/printf.c.obj
 *fill*         0x100022fc        0x4 
 .text._ftoa    0x10002300      0x398 i2c/mpu6050_i2c/CMakeFiles/mpu6050_i2c.dir/C_/Users/agras/.pico-sdk/sdk/2.1.0/src/rp2_common/pico_printf/printf.c.obj
 .text._vsnprintf
                0x10002698      0x6d0 i2c/mpu6050_i2c/CMakeFiles/mpu6050_i2c.dir/C_/Users/agras/.pico-sdk/sdk/2.1.0/src/rp2_common/pico_printf/printf.c.obj
 .text.vfctprintf
                0x10002d68       0x24 i2c/mpu6050_i2c/CMakeFiles/mpu6050_i2c.dir/C_/Users/agras/.pico-sdk/sdk/2.1.0/src/rp2_common/pico_printf/printf.c.obj
                0x10002d68                vfctprintf
 .text._exit    0x10002d8c        0x4 i2c/mpu6050_i2c/CMakeFiles/mpu6050_i2c.dir/C_/Users/agras/.pico-sdk/sdk/2.1.0/src/rp2_common/pico_clib_interface/newlib_interface.c.obj
                0x10002d8c                _exit
 .text.exit     0x10002d90        0x6 i2c/mpu6050_i2c/CMakeFiles/mpu6050_i2c.dir/C_/Users/agras/.pico-sdk/sdk/2.1.0/src/rp2_common/pico_clib_interface/newlib_interface.c.obj
                0x10002d90                exit
 *fill*         0x10002d96        0x2 
 .text.__assert_func
                0x10002d98       0x34 i2c/mpu6050_i2c/CMakeFiles/mpu6050_i2c.dir/C_/Users/agras/.pico-sdk/sdk/2.1.0/src/rp2_common/pico_clib_interface/newlib_interface.c.obj
                0x10002d98                __assert_func
 .text.runtime_init
                0x10002dcc       0x2c i2c/mpu6050_i2c/CMakeFiles/mpu6050_i2c.dir/C_/Users/agras/.pico-sdk/sdk/2.1.0/src/rp2_common/pico_clib_interface/newlib_interface.c.obj
                0x10002dcc                runtime_init
 .text.stdio_out_chars_no_crlf
                0x10002df8        0xe i2c/mpu6050_i2c/CMakeFiles/mpu6050_i2c.dir/C_/Users/agras/.pico-sdk/sdk/2.1.0/src/rp2_common/pico_stdio/stdio.c.obj
 *fill*         0x10002e06        0x2 
 .text.stdio_out_chars_crlf
                0x10002e08       0x80 i2c/mpu6050_i2c/CMakeFiles/mpu6050_i2c.dir/C_/Users/agras/.pico-sdk/sdk/2.1.0/src/rp2_common/pico_stdio/stdio.c.obj
 .text.stdio_stack_buffer_flush
                0x10002e88       0x40 i2c/mpu6050_i2c/CMakeFiles/mpu6050_i2c.dir/C_/Users/agras/.pico-sdk/sdk/2.1.0/src/rp2_common/pico_stdio/stdio.c.obj
 .text.stdio_buffered_printer
                0x10002ec8       0x20 i2c/mpu6050_i2c/CMakeFiles/mpu6050_i2c.dir/C_/Users/agras/.pico-sdk/sdk/2.1.0/src/rp2_common/pico_stdio/stdio.c.obj
 .text.stdout_serialize_begin
                0x10002ee8       0x2c i2c/mpu6050_i2c/CMakeFiles/mpu6050_i2c.dir/C_/Users/agras/.pico-sdk/sdk/2.1.0/src/rp2_common/pico_stdio/stdio.c.obj
                0x10002ee8                stdout_serialize_begin
 .text.stdout_serialize_end
                0x10002f14       0x10 i2c/mpu6050_i2c/CMakeFiles/mpu6050_i2c.dir/C_/Users/agras/.pico-sdk/sdk/2.1.0/src/rp2_common/pico_stdio/stdio.c.obj
                0x10002f14                stdout_serialize_end
 .text.stdio_put_string
                0x10002f24       0x8c i2c/mpu6050_i2c/CMakeFiles/mpu6050_i2c.dir/C_/Users/agras/.pico-sdk/sdk/2.1.0/src/rp2_common/pico_stdio/stdio.c.obj
                0x10002f24                stdio_put_string
 .text.stdio_set_driver_enabled
                0x10002fb0       0x28 i2c/mpu6050_i2c/CMakeFiles/mpu6050_i2c.dir/C_/Users/agras/.pico-sdk/sdk/2.1.0/src/rp2_common/pico_stdio/stdio.c.obj
                0x10002fb0                stdio_set_driver_enabled
 .text.stdio_flush
                0x10002fd8       0x1c i2c/mpu6050_i2c/CMakeFiles/mpu6050_i2c.dir/C_/Users/agras/.pico-sdk/sdk/2.1.0/src/rp2_common/pico_stdio/stdio.c.obj
                0x10002fd8                stdio_flush
 .text.stdio_init_all
                0x10002ff4        0xa i2c/mpu6050_i2c/CMakeFiles/mpu6050_i2c.dir/C_/Users/agras/.pico-sdk/sdk/2.1.0/src/rp2_common/pico_stdio/stdio.c.obj
                0x10002ff4                stdio_init_all
 .text.__wrap_puts
                0x10002ffe       0x1e i2c/mpu6050_i2c/CMakeFiles/mpu6050_i2c.dir/C_/Users/agras/.pico-sdk/sdk/2.1.0/src/rp2_common/pico_stdio/stdio.c.obj
                0x10002ffe                stdio_puts
                0x10002ffe                __wrap_puts
 .text.__wrap_vprintf
                0x1000301c       0x3c i2c/mpu6050_i2c/CMakeFiles/mpu6050_i2c.dir/C_/Users/agras/.pico-sdk/sdk/2.1.0/src/rp2_common/pico_stdio/stdio.c.obj
                0x1000301c                stdio_vprintf
                0x1000301c                __wrap_vprintf
 .text.__wrap_printf
                0x10003058       0x1c i2c/mpu6050_i2c/CMakeFiles/mpu6050_i2c.dir/C_/Users/agras/.pico-sdk/sdk/2.1.0/src/rp2_common/pico_stdio/stdio.c.obj
                0x10003058                __wrap_printf
                0x10003058                stdio_printf
 .text.uart_putc
                0x10003074       0x70 i2c/mpu6050_i2c/CMakeFiles/mpu6050_i2c.dir/C_/Users/agras/.pico-sdk/sdk/2.1.0/src/rp2_common/pico_stdio_uart/stdio_uart.c.obj
 .text.uart_getc
                0x100030e4       0x30 i2c/mpu6050_i2c/CMakeFiles/mpu6050_i2c.dir/C_/Users/agras/.pico-sdk/sdk/2.1.0/src/rp2_common/pico_stdio_uart/stdio_uart.c.obj
 .text.stdio_uart_out_chars
                0x10003114       0x20 i2c/mpu6050_i2c/CMakeFiles/mpu6050_i2c.dir/C_/Users/agras/.pico-sdk/sdk/2.1.0/src/rp2_common/pico_stdio_uart/stdio_uart.c.obj
 .text.stdio_uart_in_chars
                0x10003134       0x54 i2c/mpu6050_i2c/CMakeFiles/mpu6050_i2c.dir/C_/Users/agras/.pico-sdk/sdk/2.1.0/src/rp2_common/pico_stdio_uart/stdio_uart.c.obj
                0x10003134                stdio_uart_in_chars
 .text.on_uart_rx
                0x10003188       0x24 i2c/mpu6050_i2c/CMakeFiles/mpu6050_i2c.dir/C_/Users/agras/.pico-sdk/sdk/2.1.0/src/rp2_common/pico_stdio_uart/stdio_uart.c.obj
 .text.stdio_uart_out_flush
                0x100031ac       0x14 i2c/mpu6050_i2c/CMakeFiles/mpu6050_i2c.dir/C_/Users/agras/.pico-sdk/sdk/2.1.0/src/rp2_common/pico_stdio_uart/stdio_uart.c.obj
 .text.stdio_uart_set_chars_available_callback
                0x100031c0       0x84 i2c/mpu6050_i2c/CMakeFiles/mpu6050_i2c.dir/C_/Users/agras/.pico-sdk/sdk/2.1.0/src/rp2_common/pico_stdio_uart/stdio_uart.c.obj
 .text.stdio_uart_init_full
                0x10003244       0x50 i2c/mpu6050_i2c/CMakeFiles/mpu6050_i2c.dir/C_/Users/agras/.pico-sdk/sdk/2.1.0/src/rp2_common/pico_stdio_uart/stdio_uart.c.obj
                0x10003244                stdio_uart_init_full
 .text.stdio_uart_init
                0x10003294       0x30 i2c/mpu6050_i2c/CMakeFiles/mpu6050_i2c.dir/C_/Users/agras/.pico-sdk/sdk/2.1.0/src/rp2_common/pico_stdio_uart/stdio_uart.c.obj
                0x10003294                stdio_uart_init
 .text.i2c_unreset
                0x100032c4       0x2c i2c/mpu6050_i2c/CMakeFiles/mpu6050_i2c.dir/C_/Users/agras/.pico-sdk/sdk/2.1.0/src/rp2_common/hardware_i2c/i2c.c.obj
 .text.i2c_write_blocking_internal
                0x100032f0      0x124 i2c/mpu6050_i2c/CMakeFiles/mpu6050_i2c.dir/C_/Users/agras/.pico-sdk/sdk/2.1.0/src/rp2_common/hardware_i2c/i2c.c.obj
 .text.i2c_read_blocking_internal
                0x10003414       0xca i2c/mpu6050_i2c/CMakeFiles/mpu6050_i2c.dir/C_/Users/agras/.pico-sdk/sdk/2.1.0/src/rp2_common/hardware_i2c/i2c.c.obj
 *fill*         0x100034de        0x2 
 .text.i2c_set_baudrate
                0x100034e0       0xc8 i2c/mpu6050_i2c/CMakeFiles/mpu6050_i2c.dir/C_/Users/agras/.pico-sdk/sdk/2.1.0/src/rp2_common/hardware_i2c/i2c.c.obj
                0x100034e0                i2c_set_baudrate
 .text.i2c_init
                0x100035a8       0x54 i2c/mpu6050_i2c/CMakeFiles/mpu6050_i2c.dir/C_/Users/agras/.pico-sdk/sdk/2.1.0/src/rp2_common/hardware_i2c/i2c.c.obj
                0x100035a8                i2c_init
 .text.i2c_write_blocking
                0x100035fc       0x18 i2c/mpu6050_i2c/CMakeFiles/mpu6050_i2c.dir/C_/Users/agras/.pico-sdk/sdk/2.1.0/src/rp2_common/hardware_i2c/i2c.c.obj
                0x100035fc                i2c_write_blocking
 .text.i2c_read_blocking
                0x10003614       0x18 i2c/mpu6050_i2c/CMakeFiles/mpu6050_i2c.dir/C_/Users/agras/.pico-sdk/sdk/2.1.0/src/rp2_common/hardware_i2c/i2c.c.obj
                0x10003614                i2c_read_blocking
 .text          0x1000362c       0xec C:/Users/agras/.pico-sdk/toolchain/13_3_Rel1/bin/../lib/gcc/arm-none-eabi/13.3.1/thumb/v8-m.main+fp/softfp\libg.a(libc_a-memcpy.o)
                0x1000362c                memcpy
 .text.strlen   0x10003718       0x5c C:/Users/agras/.pico-sdk/toolchain/13_3_Rel1/bin/../lib/gcc/arm-none-eabi/13.3.1/thumb/v8-m.main+fp/softfp\libg.a(libc_a-strlen-stub.o)
                0x10003718                strlen
 *(.fini)
 .fini          0x10003774        0x4 C:/Users/agras/.pico-sdk/toolchain/13_3_Rel1/bin/../lib/gcc/arm-none-eabi/13.3.1/thumb/v8-m.main+fp/softfp/crti.o
                0x10003774                _fini
 .fini.__stub   0x10003778       0x18 linker stubs
 *crtbegin.o(.ctors)
 *crtbegin?.o(.ctors)
 *(EXCLUDE_FILE(*crtend.o *crtend?.o) .ctors)
 *(SORT_BY_NAME(.ctors.*))
 *(.ctors)
 *crtbegin.o(.dtors)
 *crtbegin?.o(.dtors)
 *(EXCLUDE_FILE(*crtend.o *crtend?.o) .dtors)
 *(SORT_BY_NAME(.dtors.*))
 *(.dtors)
                0x10003790                        . = ALIGN (0x4)
                0x10003790                        PROVIDE (__preinit_array_start = .)
 *(SORT_BY_NAME(.preinit_array.*))
 .preinit_array.00050
                0x10003790        0x4 i2c/mpu6050_i2c/CMakeFiles/mpu6050_i2c.dir/C_/Users/agras/.pico-sdk/sdk/2.1.0/src/rp2_common/pico_runtime_init/runtime_init.c.obj
                0x10003790                __pre_init_runtime_init_bootrom_reset
 .preinit_array.00100
                0x10003794        0x4 i2c/mpu6050_i2c/CMakeFiles/mpu6050_i2c.dir/C_/Users/agras/.pico-sdk/sdk/2.1.0/src/rp2_common/pico_runtime_init/runtime_init.c.obj
                0x10003794                __pre_init_runtime_init_early_resets
 .preinit_array.00101
                0x10003798        0x4 i2c/mpu6050_i2c/CMakeFiles/mpu6050_i2c.dir/C_/Users/agras/.pico-sdk/sdk/2.1.0/src/rp2_common/pico_runtime_init/runtime_init.c.obj
                0x10003798                __pre_init_runtime_init_usb_power_down
 .preinit_array.00500
                0x1000379c        0x4 i2c/mpu6050_i2c/CMakeFiles/mpu6050_i2c.dir/C_/Users/agras/.pico-sdk/sdk/2.1.0/src/rp2_common/pico_runtime_init/runtime_init.c.obj
                0x1000379c                __pre_init_runtime_init_clocks
 .preinit_array.00600
                0x100037a0        0x4 i2c/mpu6050_i2c/CMakeFiles/mpu6050_i2c.dir/C_/Users/agras/.pico-sdk/sdk/2.1.0/src/rp2_common/pico_runtime_init/runtime_init.c.obj
                0x100037a0                __pre_init_runtime_init_post_clock_resets
 .preinit_array.01000
                0x100037a4        0x4 i2c/mpu6050_i2c/CMakeFiles/mpu6050_i2c.dir/C_/Users/agras/.pico-sdk/sdk/2.1.0/src/rp2_common/hardware_boot_lock/boot_lock.c.obj
                0x100037a4                __pre_init_runtime_init_boot_locks_reset
 .preinit_array.01000
                0x100037a8        0x4 i2c/mpu6050_i2c/CMakeFiles/mpu6050_i2c.dir/C_/Users/agras/.pico-sdk/sdk/2.1.0/src/rp2_common/pico_runtime_init/runtime_init.c.obj
                0x100037a8                __pre_init_runtime_init_spin_locks_reset
 .preinit_array.01010
                0x100037ac        0x4 i2c/mpu6050_i2c/CMakeFiles/mpu6050_i2c.dir/C_/Users/agras/.pico-sdk/sdk/2.1.0/src/rp2_common/pico_bootrom/bootrom_lock.c.obj
                0x100037ac                __pre_init_runtime_init_bootrom_locking_enable
 .preinit_array.01100
                0x100037b0        0x4 i2c/mpu6050_i2c/CMakeFiles/mpu6050_i2c.dir/C_/Users/agras/.pico-sdk/sdk/2.1.0/src/common/pico_sync/mutex.c.obj
                0x100037b0                __pre_init_runtime_init_mutex
 .preinit_array.10080
                0x100037b4        0x4 i2c/mpu6050_i2c/CMakeFiles/mpu6050_i2c.dir/C_/Users/agras/.pico-sdk/sdk/2.1.0/src/rp2_common/pico_runtime_init/runtime_init.c.obj
                0x100037b4                __pre_init_runtime_init_install_ram_vector_table
 .preinit_array.11000
                0x100037b8        0x4 i2c/mpu6050_i2c/CMakeFiles/mpu6050_i2c.dir/C_/Users/agras/.pico-sdk/sdk/2.1.0/src/common/pico_time/time.c.obj
                0x100037b8                __pre_init_runtime_init_default_alarm_pool
 .preinit_array.YYYYY
                0x100037bc        0x4 i2c/mpu6050_i2c/CMakeFiles/mpu6050_i2c.dir/C_/Users/agras/.pico-sdk/sdk/2.1.0/src/rp2_common/pico_runtime/runtime.c.obj
                0x100037bc                __pre_init_first_per_core_initializer
 .preinit_array.ZZZZZ.00051
                0x100037c0        0x4 i2c/mpu6050_i2c/CMakeFiles/mpu6050_i2c.dir/C_/Users/agras/.pico-sdk/sdk/2.1.0/src/rp2_common/pico_runtime_init/runtime_init.c.obj
                0x100037c0                __pre_init_runtime_init_per_core_bootrom_reset
 .preinit_array.ZZZZZ.00200
                0x100037c4        0x4 i2c/mpu6050_i2c/CMakeFiles/mpu6050_i2c.dir/C_/Users/agras/.pico-sdk/sdk/2.1.0/src/rp2_common/pico_runtime_init/runtime_init.c.obj
                0x100037c4                __pre_init_runtime_init_per_core_enable_coprocessors
 .preinit_array.ZZZZZ.01000
                0x100037c8        0x4 i2c/mpu6050_i2c/CMakeFiles/mpu6050_i2c.dir/C_/Users/agras/.pico-sdk/sdk/2.1.0/src/rp2_common/hardware_sync_spin_lock/sync_spin_lock.c.obj
                0x100037c8                __pre_init_spinlock_set_extexclall
 .preinit_array.ZZZZZ.01200
                0x100037cc        0x4 i2c/mpu6050_i2c/CMakeFiles/mpu6050_i2c.dir/C_/Users/agras/.pico-sdk/sdk/2.1.0/src/rp2_common/hardware_irq/irq.c.obj
                0x100037cc                __pre_init_runtime_init_per_core_irq_priorities
 *(.preinit_array)
                0x100037d0                        PROVIDE (__preinit_array_end = .)
                0x100037d0                        . = ALIGN (0x4)
                0x100037d0                        PROVIDE (__init_array_start = .)
 *(SORT_BY_NAME(.init_array.*))
 *(.init_array)
 .init_array    0x100037d0        0x4 C:/Users/agras/.pico-sdk/toolchain/13_3_Rel1/bin/../lib/gcc/arm-none-eabi/13.3.1/thumb/v8-m.main+fp/softfp/crtbegin.o
                0x100037d4                        PROVIDE (__init_array_end = .)
                0x100037d4                        . = ALIGN (0x4)
                [!provide]                        PROVIDE (__fini_array_start = .)
 *(SORT_BY_NAME(.fini_array.*))
 *(.fini_array)
                [!provide]                        PROVIDE (__fini_array_end = .)
 *(.eh_frame*)
 .eh_frame      0x100037d4        0x0 C:/Users/agras/.pico-sdk/toolchain/13_3_Rel1/bin/../lib/gcc/arm-none-eabi/13.3.1/thumb/v8-m.main+fp/softfp/crtbegin.o
                0x100037d4                        . = ALIGN (0x4)

.glue_7         0x100037d4        0x0
 .glue_7        0x100037d4        0x0 linker stubs

.glue_7t        0x100037d4        0x0
 .glue_7t       0x100037d4        0x0 linker stubs

.vfp11_veneer   0x100037d4        0x0
 .vfp11_veneer  0x100037d4        0x0 linker stubs

.v4_bx          0x100037d4        0x0
 .v4_bx         0x100037d4        0x0 linker stubs

.iplt           0x100037d4        0x0
 .iplt          0x100037d4        0x0 C:/Users/agras/.pico-sdk/toolchain/13_3_Rel1/bin/../lib/gcc/arm-none-eabi/13.3.1/thumb/v8-m.main+fp/softfp/crtbegin.o

.boot2          0x100037d4        0x0
                0x100037d4                        __boot2_start__ = .
 *(.boot2)
                0x100037d4                        __boot2_end__ = .
                0x00000001                        ASSERT (((__boot2_end__ - __boot2_start__) <= 0x100), ERROR: Pico second stage bootloader must be no more than 256 bytes in size)

.rodata         0x100037d8      0x804
 *(EXCLUDE_FILE(*libm.a: *libc.a:*lib_a-mem*.o *libgcc.a:) .rodata*)
 .rodata.main.str1.4
                0x100037d8      0x625 i2c/mpu6050_i2c/CMakeFiles/mpu6050_i2c.dir/mpu6050_i2c.c.obj
                                 0x80 (size before relaxing)
 *fill*         0x10003dfd        0x3 
 .rodata.__bi_102.0
                0x10003e00        0x8 i2c/mpu6050_i2c/CMakeFiles/mpu6050_i2c.dir/mpu6050_i2c.c.obj
 .rodata.panic.str1.4
                0x10003e08       0x12 i2c/mpu6050_i2c/CMakeFiles/mpu6050_i2c.dir/C_/Users/agras/.pico-sdk/sdk/2.1.0/src/rp2_common/pico_platform_panic/panic.c.obj
 .rodata.resolve_j_16.str1.4
                0x10003e08       0x5d i2c/mpu6050_i2c/CMakeFiles/mpu6050_i2c.dir/C_/Users/agras/.pico-sdk/sdk/2.1.0/src/rp2_common/hardware_irq/irq.c.obj
 .rodata.make_j_16.str1.4
                0x10003e08       0x30 i2c/mpu6050_i2c/CMakeFiles/mpu6050_i2c.dir/C_/Users/agras/.pico-sdk/sdk/2.1.0/src/rp2_common/hardware_irq/irq.c.obj
 .rodata.insert_bl_32.str1.4
                0x10003e08       0x10 i2c/mpu6050_i2c/CMakeFiles/mpu6050_i2c.dir/C_/Users/agras/.pico-sdk/sdk/2.1.0/src/rp2_common/hardware_irq/irq.c.obj
 .rodata.irq_set_exclusive_handler.str1.4
                0x10003e08       0x36 i2c/mpu6050_i2c/CMakeFiles/mpu6050_i2c.dir/C_/Users/agras/.pico-sdk/sdk/2.1.0/src/rp2_common/hardware_irq/irq.c.obj
 .rodata.irq_remove_handler.str1.4
                0x10003e08       0x3a i2c/mpu6050_i2c/CMakeFiles/mpu6050_i2c.dir/C_/Users/agras/.pico-sdk/sdk/2.1.0/src/rp2_common/hardware_irq/irq.c.obj
 .rodata.irq_add_tail_to_free_list.str1.4
                0x10003e08       0x3a i2c/mpu6050_i2c/CMakeFiles/mpu6050_i2c.dir/C_/Users/agras/.pico-sdk/sdk/2.1.0/src/rp2_common/hardware_irq/irq.c.obj
 .rodata.__func__.0
                0x10003e08       0x1a i2c/mpu6050_i2c/CMakeFiles/mpu6050_i2c.dir/C_/Users/agras/.pico-sdk/sdk/2.1.0/src/rp2_common/hardware_irq/irq.c.obj
 *fill*         0x10003e22        0x2 
 .rodata.__func__.1
                0x10003e24        0xd i2c/mpu6050_i2c/CMakeFiles/mpu6050_i2c.dir/C_/Users/agras/.pico-sdk/sdk/2.1.0/src/rp2_common/hardware_irq/irq.c.obj
 *fill*         0x10003e31        0x3 
 .rodata.__func__.2
                0x10003e34       0x13 i2c/mpu6050_i2c/CMakeFiles/mpu6050_i2c.dir/C_/Users/agras/.pico-sdk/sdk/2.1.0/src/rp2_common/hardware_irq/irq.c.obj
 *fill*         0x10003e47        0x1 
 .rodata.__func__.3
                0x10003e48        0xa i2c/mpu6050_i2c/CMakeFiles/mpu6050_i2c.dir/C_/Users/agras/.pico-sdk/sdk/2.1.0/src/rp2_common/hardware_irq/irq.c.obj
 *fill*         0x10003e52        0x2 
 .rodata.__func__.4
                0x10003e54        0xd i2c/mpu6050_i2c/CMakeFiles/mpu6050_i2c.dir/C_/Users/agras/.pico-sdk/sdk/2.1.0/src/rp2_common/hardware_irq/irq.c.obj
 *fill*         0x10003e61        0x3 
 .rodata.__func__.6
                0x10003e64       0x1a i2c/mpu6050_i2c/CMakeFiles/mpu6050_i2c.dir/C_/Users/agras/.pico-sdk/sdk/2.1.0/src/rp2_common/hardware_irq/irq.c.obj
 .rodata.runtime_init_mutex.str1.4
                0x10003e7e       0x60 i2c/mpu6050_i2c/CMakeFiles/mpu6050_i2c.dir/C_/Users/agras/.pico-sdk/sdk/2.1.0/src/common/pico_sync/mutex.c.obj
 .rodata.str1.4
                0x10003e7e       0x51 i2c/mpu6050_i2c/CMakeFiles/mpu6050_i2c.dir/C_/Users/agras/.pico-sdk/sdk/2.1.0/src/common/pico_sync/mutex.c.obj
 *fill*         0x10003e7e        0x2 
 .rodata.__func__.1
                0x10003e80        0xb i2c/mpu6050_i2c/CMakeFiles/mpu6050_i2c.dir/C_/Users/agras/.pico-sdk/sdk/2.1.0/src/common/pico_sync/mutex.c.obj
 *fill*         0x10003e8b        0x1 
 .rodata.__func__.3
                0x10003e8c       0x18 i2c/mpu6050_i2c/CMakeFiles/mpu6050_i2c.dir/C_/Users/agras/.pico-sdk/sdk/2.1.0/src/common/pico_sync/mutex.c.obj
 .rodata.__func__.6
                0x10003ea4       0x13 i2c/mpu6050_i2c/CMakeFiles/mpu6050_i2c.dir/C_/Users/agras/.pico-sdk/sdk/2.1.0/src/common/pico_sync/mutex.c.obj
 .rodata.alarm_pool_irq_handler.str1.4
                0x10003eb7       0x6b i2c/mpu6050_i2c/CMakeFiles/mpu6050_i2c.dir/C_/Users/agras/.pico-sdk/sdk/2.1.0/src/common/pico_time/time.c.obj
 .rodata.alarm_pool_get_default.str1.4
                0x10003eb7       0x21 i2c/mpu6050_i2c/CMakeFiles/mpu6050_i2c.dir/C_/Users/agras/.pico-sdk/sdk/2.1.0/src/common/pico_time/time.c.obj
 .rodata.sleep_until.str1.4
                0x10003eb7       0x4d i2c/mpu6050_i2c/CMakeFiles/mpu6050_i2c.dir/C_/Users/agras/.pico-sdk/sdk/2.1.0/src/common/pico_time/time.c.obj
 *fill*         0x10003eb7        0x1 
 .rodata.__func__.1
                0x10003eb8       0x17 i2c/mpu6050_i2c/CMakeFiles/mpu6050_i2c.dir/C_/Users/agras/.pico-sdk/sdk/2.1.0/src/common/pico_time/time.c.obj
 *fill*         0x10003ecf        0x1 
 .rodata.__func__.2
                0x10003ed0       0x17 i2c/mpu6050_i2c/CMakeFiles/mpu6050_i2c.dir/C_/Users/agras/.pico-sdk/sdk/2.1.0/src/common/pico_time/time.c.obj
 .rodata.timer_hardware_alarm_claim.str1.4
                0x10003ee7       0x22 i2c/mpu6050_i2c/CMakeFiles/mpu6050_i2c.dir/C_/Users/agras/.pico-sdk/sdk/2.1.0/src/rp2_common/hardware_timer/timer.c.obj
 .rodata.pll_init.str1.4
                0x10003ee7      0x11c i2c/mpu6050_i2c/CMakeFiles/mpu6050_i2c.dir/C_/Users/agras/.pico-sdk/sdk/2.1.0/src/rp2_common/hardware_pll/pll.c.obj
 *fill*         0x10003ee7        0x1 
 .rodata.__func__.0
                0x10003ee8        0x9 i2c/mpu6050_i2c/CMakeFiles/mpu6050_i2c.dir/C_/Users/agras/.pico-sdk/sdk/2.1.0/src/rp2_common/hardware_pll/pll.c.obj
 .rodata.str1.4
                0x10003ef1       0x88 i2c/mpu6050_i2c/CMakeFiles/mpu6050_i2c.dir/C_/Users/agras/.pico-sdk/sdk/2.1.0/src/rp2_common/pico_standard_binary_info/standard_binary_info.c.obj
 *fill*         0x10003ef1        0x3 
 .rodata.__bi_84
                0x10003ef4        0xc i2c/mpu6050_i2c/CMakeFiles/mpu6050_i2c.dir/C_/Users/agras/.pico-sdk/sdk/2.1.0/src/rp2_common/pico_standard_binary_info/standard_binary_info.c.obj
 .rodata.__bi_78
                0x10003f00        0xc i2c/mpu6050_i2c/CMakeFiles/mpu6050_i2c.dir/C_/Users/agras/.pico-sdk/sdk/2.1.0/src/rp2_common/pico_standard_binary_info/standard_binary_info.c.obj
 .rodata.__bi_72
                0x10003f0c        0xc i2c/mpu6050_i2c/CMakeFiles/mpu6050_i2c.dir/C_/Users/agras/.pico-sdk/sdk/2.1.0/src/rp2_common/pico_standard_binary_info/standard_binary_info.c.obj
 .rodata.__bi_54
                0x10003f18        0xc i2c/mpu6050_i2c/CMakeFiles/mpu6050_i2c.dir/C_/Users/agras/.pico-sdk/sdk/2.1.0/src/rp2_common/pico_standard_binary_info/standard_binary_info.c.obj
 .rodata.__bi_48
                0x10003f24        0xc i2c/mpu6050_i2c/CMakeFiles/mpu6050_i2c.dir/C_/Users/agras/.pico-sdk/sdk/2.1.0/src/rp2_common/pico_standard_binary_info/standard_binary_info.c.obj
 .rodata.__bi_42
                0x10003f30        0xc i2c/mpu6050_i2c/CMakeFiles/mpu6050_i2c.dir/C_/Users/agras/.pico-sdk/sdk/2.1.0/src/rp2_common/pico_standard_binary_info/standard_binary_info.c.obj
 .rodata.__bi_34
                0x10003f3c        0xc i2c/mpu6050_i2c/CMakeFiles/mpu6050_i2c.dir/C_/Users/agras/.pico-sdk/sdk/2.1.0/src/rp2_common/pico_standard_binary_info/standard_binary_info.c.obj
 .rodata.__bi_26
                0x10003f48        0xc i2c/mpu6050_i2c/CMakeFiles/mpu6050_i2c.dir/C_/Users/agras/.pico-sdk/sdk/2.1.0/src/rp2_common/pico_standard_binary_info/standard_binary_info.c.obj
 .rodata._ftoa.str1.4
                0x10003f54       0x15 i2c/mpu6050_i2c/CMakeFiles/mpu6050_i2c.dir/C_/Users/agras/.pico-sdk/sdk/2.1.0/src/rp2_common/pico_printf/printf.c.obj
 *fill*         0x10003f54        0x4 
 .rodata.pow10.0
                0x10003f58       0x50 i2c/mpu6050_i2c/CMakeFiles/mpu6050_i2c.dir/C_/Users/agras/.pico-sdk/sdk/2.1.0/src/rp2_common/pico_printf/printf.c.obj
 .rodata.__assert_func.str1.4
                0x10003fa8       0x43 i2c/mpu6050_i2c/CMakeFiles/mpu6050_i2c.dir/C_/Users/agras/.pico-sdk/sdk/2.1.0/src/rp2_common/pico_clib_interface/newlib_interface.c.obj
 .rodata.crlf_str.0
                0x10003fa8        0x2 i2c/mpu6050_i2c/CMakeFiles/mpu6050_i2c.dir/C_/Users/agras/.pico-sdk/sdk/2.1.0/src/rp2_common/pico_stdio/stdio.c.obj
 .rodata.str1.4
                0x10003faa       0x2c i2c/mpu6050_i2c/CMakeFiles/mpu6050_i2c.dir/C_/Users/agras/.pico-sdk/sdk/2.1.0/src/rp2_common/pico_stdio_uart/stdio_uart.c.obj
 *fill*         0x10003faa        0x2 
 .rodata.__bi_45.4
                0x10003fac        0xc i2c/mpu6050_i2c/CMakeFiles/mpu6050_i2c.dir/C_/Users/agras/.pico-sdk/sdk/2.1.0/src/rp2_common/pico_stdio_uart/stdio_uart.c.obj
 .rodata.__bi_49.5
                0x10003fb8        0x8 i2c/mpu6050_i2c/CMakeFiles/mpu6050_i2c.dir/C_/Users/agras/.pico-sdk/sdk/2.1.0/src/rp2_common/pico_stdio_uart/stdio_uart.c.obj
 .rodata.__bi_50.6
                0x10003fc0        0x8 i2c/mpu6050_i2c/CMakeFiles/mpu6050_i2c.dir/C_/Users/agras/.pico-sdk/sdk/2.1.0/src/rp2_common/pico_stdio_uart/stdio_uart.c.obj
 .rodata.i2c_set_baudrate.str1.4
                0x10003fc8       0x65 i2c/mpu6050_i2c/CMakeFiles/mpu6050_i2c.dir/C_/Users/agras/.pico-sdk/sdk/2.1.0/src/rp2_common/hardware_i2c/i2c.c.obj
 .rodata.__func__.0
                0x10003fc8       0x11 i2c/mpu6050_i2c/CMakeFiles/mpu6050_i2c.dir/C_/Users/agras/.pico-sdk/sdk/2.1.0/src/rp2_common/hardware_i2c/i2c.c.obj
 *(.srodata*)
                0x10004030                        . = ALIGN (0x4)
 *fill*         0x10003fd9        0x3 
 *(SORT_BY_ALIGNMENT(SORT_BY_NAME(.flashdata*)))
                0x10003fdc                        . = ALIGN (0x4)

.ARM.extab
 *(.ARM.extab* .gnu.linkonce.armextab.*)
                0x10003fdc                        __exidx_start = .

.ARM.exidx      0x10003fdc        0x8
 *(.ARM.exidx* .gnu.linkonce.armexidx.*)
 .ARM.exidx     0x10003fdc        0x8 C:/Users/agras/.pico-sdk/toolchain/13_3_Rel1/bin/../lib/gcc/arm-none-eabi/13.3.1/thumb/v8-m.main+fp/softfp\libg.a(libc_a-memcpy.o)
 .ARM.exidx.text.__udivmoddi4
                0x10003fe4        0x0 C:/Users/agras/.pico-sdk/toolchain/13_3_Rel1/bin/../lib/gcc/arm-none-eabi/13.3.1/thumb/v8-m.main+fp/softfp\libgcc.a(_udivmoddi4.o)
                                  0x8 (size before relaxing)
                0x10003fe4                        __exidx_end = .
                0x10003fe4                        . = ALIGN (0x4)
                0x10003fe4                        __binary_info_start = .

.binary_info    0x10003fe4       0x30
 *(.binary_info.keep.*)
 .binary_info.keep.__bi_ptr102
                0x10003fe4        0x4 i2c/mpu6050_i2c/CMakeFiles/mpu6050_i2c.dir/mpu6050_i2c.c.obj
 .binary_info.keep.__bi_ptr84
                0x10003fe8        0x4 i2c/mpu6050_i2c/CMakeFiles/mpu6050_i2c.dir/C_/Users/agras/.pico-sdk/sdk/2.1.0/src/rp2_common/pico_standard_binary_info/standard_binary_info.c.obj
 .binary_info.keep.__bi_ptr78
                0x10003fec        0x4 i2c/mpu6050_i2c/CMakeFiles/mpu6050_i2c.dir/C_/Users/agras/.pico-sdk/sdk/2.1.0/src/rp2_common/pico_standard_binary_info/standard_binary_info.c.obj
 .binary_info.keep.__bi_ptr72
                0x10003ff0        0x4 i2c/mpu6050_i2c/CMakeFiles/mpu6050_i2c.dir/C_/Users/agras/.pico-sdk/sdk/2.1.0/src/rp2_common/pico_standard_binary_info/standard_binary_info.c.obj
 .binary_info.keep.__bi_ptr54
                0x10003ff4        0x4 i2c/mpu6050_i2c/CMakeFiles/mpu6050_i2c.dir/C_/Users/agras/.pico-sdk/sdk/2.1.0/src/rp2_common/pico_standard_binary_info/standard_binary_info.c.obj
 .binary_info.keep.__bi_ptr48
                0x10003ff8        0x4 i2c/mpu6050_i2c/CMakeFiles/mpu6050_i2c.dir/C_/Users/agras/.pico-sdk/sdk/2.1.0/src/rp2_common/pico_standard_binary_info/standard_binary_info.c.obj
 .binary_info.keep.__bi_ptr42
                0x10003ffc        0x4 i2c/mpu6050_i2c/CMakeFiles/mpu6050_i2c.dir/C_/Users/agras/.pico-sdk/sdk/2.1.0/src/rp2_common/pico_standard_binary_info/standard_binary_info.c.obj
 .binary_info.keep.__bi_ptr34
                0x10004000        0x4 i2c/mpu6050_i2c/CMakeFiles/mpu6050_i2c.dir/C_/Users/agras/.pico-sdk/sdk/2.1.0/src/rp2_common/pico_standard_binary_info/standard_binary_info.c.obj
 .binary_info.keep.__bi_ptr26
                0x10004004        0x4 i2c/mpu6050_i2c/CMakeFiles/mpu6050_i2c.dir/C_/Users/agras/.pico-sdk/sdk/2.1.0/src/rp2_common/pico_standard_binary_info/standard_binary_info.c.obj
 *(.binary_info.*)
 .binary_info.__bi_ptr50
                0x10004008        0x4 i2c/mpu6050_i2c/CMakeFiles/mpu6050_i2c.dir/C_/Users/agras/.pico-sdk/sdk/2.1.0/src/rp2_common/pico_stdio_uart/stdio_uart.c.obj
 .binary_info.__bi_ptr49
                0x1000400c        0x4 i2c/mpu6050_i2c/CMakeFiles/mpu6050_i2c.dir/C_/Users/agras/.pico-sdk/sdk/2.1.0/src/rp2_common/pico_stdio_uart/stdio_uart.c.obj
 .binary_info.__bi_ptr45
                0x10004010        0x4 i2c/mpu6050_i2c/CMakeFiles/mpu6050_i2c.dir/C_/Users/agras/.pico-sdk/sdk/2.1.0/src/rp2_common/pico_stdio_uart/stdio_uart.c.obj
                0x10004014                        __binary_info_end = .
                0x10004014                        . = ALIGN (0x4)

.ram_vector_table
                0x20000000      0x110
 *(.ram_vector_table)
 .ram_vector_table
                0x20000000      0x110 i2c/mpu6050_i2c/CMakeFiles/mpu6050_i2c.dir/C_/Users/agras/.pico-sdk/sdk/2.1.0/src/rp2_common/pico_runtime_init/runtime_init.c.obj
                0x20000000                ram_vector_table

.uninitialized_data
                0x20000110        0x0
                0x20000110                        . = ALIGN (0x4)
 *(.uninitialized_data*)

.data           0x20000110      0x53c load address 0x10004014
                0x20000110                        __data_start__ = .
 *(vtable)
 *(.time_critical*)
 .time_critical.mutex_try_enter
                0x20000110       0x58 i2c/mpu6050_i2c/CMakeFiles/mpu6050_i2c.dir/C_/Users/agras/.pico-sdk/sdk/2.1.0/src/common/pico_sync/mutex.c.obj
                0x20000110                mutex_try_enter
 .time_critical.mutex_enter_block_until
                0x20000168       0x84 i2c/mpu6050_i2c/CMakeFiles/mpu6050_i2c.dir/C_/Users/agras/.pico-sdk/sdk/2.1.0/src/common/pico_sync/mutex.c.obj
                0x20000168                mutex_enter_block_until
 .time_critical.mutex_try_enter_block_until
                0x200001ec       0x32 i2c/mpu6050_i2c/CMakeFiles/mpu6050_i2c.dir/C_/Users/agras/.pico-sdk/sdk/2.1.0/src/common/pico_sync/mutex.c.obj
                0x200001ec                mutex_try_enter_block_until
 *fill*         0x2000021e        0x2 
 .time_critical.mutex_exit
                0x20000220       0x58 i2c/mpu6050_i2c/CMakeFiles/mpu6050_i2c.dir/C_/Users/agras/.pico-sdk/sdk/2.1.0/src/common/pico_sync/mutex.c.obj
                0x20000220                mutex_exit
 *(.text*)
 .text          0x20000278       0x30 C:/Users/agras/.pico-sdk/toolchain/13_3_Rel1/bin/../lib/gcc/arm-none-eabi/13.3.1/thumb/v8-m.main+fp/softfp\libgcc.a(_aeabi_uldivmod.o)
                0x20000278                __aeabi_uldivmod
 .text.__udivmoddi4
                0x200002a8      0x300 C:/Users/agras/.pico-sdk/toolchain/13_3_Rel1/bin/../lib/gcc/arm-none-eabi/13.3.1/thumb/v8-m.main+fp/softfp\libgcc.a(_udivmoddi4.o)
                0x200002a8                __udivmoddi4
 .text          0x200005a8        0x4 C:/Users/agras/.pico-sdk/toolchain/13_3_Rel1/bin/../lib/gcc/arm-none-eabi/13.3.1/thumb/v8-m.main+fp/softfp\libgcc.a(_dvmd_tls.o)
                0x200005a8                __aeabi_idiv0
                0x200005a8                __aeabi_ldiv0
 *fill*         0x200005ac        0x4 
 .text.__stub   0x200005b0       0x10 linker stubs
                0x200005c0                        . = ALIGN (0x4)
 *(.rodata*)
                0x200005c0                        . = ALIGN (0x4)
 *(.data*)
 .data.striped_spin_lock_num
                0x200005c0        0x1 i2c/mpu6050_i2c/CMakeFiles/mpu6050_i2c.dir/C_/Users/agras/.pico-sdk/sdk/2.1.0/src/rp2_common/hardware_sync/sync.c.obj
 *fill*         0x200005c1        0x3 
 .data          0x200005c4       0x48 i2c/mpu6050_i2c/CMakeFiles/mpu6050_i2c.dir/C_/Users/agras/.pico-sdk/sdk/2.1.0/src/rp2_common/hardware_irq/irq_handler_chain.S.obj
                0x200005c4                irq_handler_chain_slots
                0x200005f4                irq_handler_chain_first_slot
                0x200005fe                irq_handler_chain_remove_tail
 .data.default_alarm_pool
                0x2000060c       0x18 i2c/mpu6050_i2c/CMakeFiles/mpu6050_i2c.dir/C_/Users/agras/.pico-sdk/sdk/2.1.0/src/common/pico_time/time.c.obj
 .data.stdio_uart
                0x20000624       0x18 i2c/mpu6050_i2c/CMakeFiles/mpu6050_i2c.dir/C_/Users/agras/.pico-sdk/sdk/2.1.0/src/rp2_common/pico_stdio_uart/stdio_uart.c.obj
                0x20000624                stdio_uart
 .data.i2c0_inst
                0x2000063c        0x8 i2c/mpu6050_i2c/CMakeFiles/mpu6050_i2c.dir/C_/Users/agras/.pico-sdk/sdk/2.1.0/src/rp2_common/hardware_i2c/i2c.c.obj
                0x2000063c                i2c0_inst
 *(.sdata*)
                0x20000644                        . = ALIGN (0x4)
 *(.after_data.*)
                0x20000644                        . = ALIGN (0x4)
                0x20000644                        PROVIDE (__mutex_array_start = .)
 *(SORT_BY_NAME(.mutex_array.*))
 *(.mutex_array)
 .mutex_array   0x20000644        0x8 i2c/mpu6050_i2c/CMakeFiles/mpu6050_i2c.dir/C_/Users/agras/.pico-sdk/sdk/2.1.0/src/rp2_common/pico_stdio/stdio.c.obj
                0x2000064c                        PROVIDE (__mutex_array_end = .)
 *(.jcr)
                0x2000064c                        . = ALIGN (0x4)

.tm_clone_table
                0x2000064c        0x0 load address 0x10004550
 .tm_clone_table
                0x2000064c        0x0 C:/Users/agras/.pico-sdk/toolchain/13_3_Rel1/bin/../lib/gcc/arm-none-eabi/13.3.1/thumb/v8-m.main+fp/softfp/crtbegin.o
 .tm_clone_table
                0x2000064c        0x0 C:/Users/agras/.pico-sdk/toolchain/13_3_Rel1/bin/../lib/gcc/arm-none-eabi/13.3.1/thumb/v8-m.main+fp/softfp/crtend.o

.igot.plt       0x2000064c        0x0 load address 0x10004550
 .igot.plt      0x2000064c        0x0 C:/Users/agras/.pico-sdk/toolchain/13_3_Rel1/bin/../lib/gcc/arm-none-eabi/13.3.1/thumb/v8-m.main+fp/softfp/crtbegin.o

.tdata          0x2000064c        0x0 load address 0x10004550
                0x2000064c                        . = ALIGN (0x4)
 *(.tdata .tdata.* .gnu.linkonce.td.*)
                0x2000064c                        __tdata_end = .
                0x2000064c                        PROVIDE (__data_end__ = .)
                0x10004014                        __etext = LOADADDR (.data)

.tbss           0x2000064c        0x0 load address 0x10004550
                0x2000064c                        . = ALIGN (0x4)
                0x2000064c                        __bss_start__ = .
                0x2000064c                        __tls_base = .
 *(.tbss .tbss.* .gnu.linkonce.tb.*)
 *(.tcommon)
                0x2000064c                        __tls_end = .

.bss            0x20000650      0x224 load address 0x10004550
                0x20000650                        . = ALIGN (0x4)
                0x20000650                        __tbss_end = .
 *(SORT_BY_ALIGNMENT(SORT_BY_NAME(.bss*)))
 .bss.default_alarm_pool_entries
                0x20000650      0x180 i2c/mpu6050_i2c/CMakeFiles/mpu6050_i2c.dir/C_/Users/agras/.pico-sdk/sdk/2.1.0/src/common/pico_time/time.c.obj
 .bss._sw_spin_locks
                0x200007d0       0x20 i2c/mpu6050_i2c/CMakeFiles/mpu6050_i2c.dir/C_/Users/agras/.pico-sdk/sdk/2.1.0/src/rp2_common/hardware_sync_spin_lock/sync_spin_lock.c.obj
                0x200007d0                _sw_spin_locks
 .bss.chars_available_callback
                0x200007f0        0x4 i2c/mpu6050_i2c/CMakeFiles/mpu6050_i2c.dir/C_/Users/agras/.pico-sdk/sdk/2.1.0/src/rp2_common/pico_stdio_uart/stdio_uart.c.obj
 .bss.chars_available_param
                0x200007f4        0x4 i2c/mpu6050_i2c/CMakeFiles/mpu6050_i2c.dir/C_/Users/agras/.pico-sdk/sdk/2.1.0/src/rp2_common/pico_stdio_uart/stdio_uart.c.obj
 .bss.claimed   0x200007f8        0x2 i2c/mpu6050_i2c/CMakeFiles/mpu6050_i2c.dir/C_/Users/agras/.pico-sdk/sdk/2.1.0/src/rp2_common/hardware_timer/timer.c.obj
 *fill*         0x200007fa        0x2 
 .bss.configured_freq
                0x200007fc       0x28 i2c/mpu6050_i2c/CMakeFiles/mpu6050_i2c.dir/C_/Users/agras/.pico-sdk/sdk/2.1.0/src/rp2_common/hardware_clocks/clocks.c.obj
 .bss.drivers   0x20000824        0x4 i2c/mpu6050_i2c/CMakeFiles/mpu6050_i2c.dir/C_/Users/agras/.pico-sdk/sdk/2.1.0/src/rp2_common/pico_stdio/stdio.c.obj
 .bss.filter    0x20000828        0x4 i2c/mpu6050_i2c/CMakeFiles/mpu6050_i2c.dir/C_/Users/agras/.pico-sdk/sdk/2.1.0/src/rp2_common/pico_stdio/stdio.c.obj
 .bss.object.0  0x2000082c       0x18 C:/Users/agras/.pico-sdk/toolchain/13_3_Rel1/bin/../lib/gcc/arm-none-eabi/13.3.1/thumb/v8-m.main+fp/softfp/crtbegin.o
 .bss.pools     0x20000844       0x20 i2c/mpu6050_i2c/CMakeFiles/mpu6050_i2c.dir/C_/Users/agras/.pico-sdk/sdk/2.1.0/src/common/pico_time/time.c.obj
 .bss.sleep_notifier
                0x20000864        0x4 i2c/mpu6050_i2c/CMakeFiles/mpu6050_i2c.dir/C_/Users/agras/.pico-sdk/sdk/2.1.0/src/common/pico_time/time.c.obj
 .bss.uart_char_to_line_feed
                0x20000868        0x4 i2c/mpu6050_i2c/CMakeFiles/mpu6050_i2c.dir/C_/Users/agras/.pico-sdk/sdk/2.1.0/src/rp2_common/hardware_uart/uart.c.obj
                0x20000868                uart_char_to_line_feed
 .bss.uart_instance
                0x2000086c        0x4 i2c/mpu6050_i2c/CMakeFiles/mpu6050_i2c.dir/C_/Users/agras/.pico-sdk/sdk/2.1.0/src/rp2_common/pico_stdio_uart/stdio_uart.c.obj
 .bss.irq_handler_chain_free_slot_head
                0x20000870        0x1 i2c/mpu6050_i2c/CMakeFiles/mpu6050_i2c.dir/C_/Users/agras/.pico-sdk/sdk/2.1.0/src/rp2_common/hardware_irq/irq.c.obj
 *(COMMON)
                [!provide]                        PROVIDE (__global_pointer$ = (. + 0x800))
 *(.sbss*)
                0x20000874                        . = ALIGN (0x4)
 *fill*         0x20000871        0x3 
                0x20000874                        __bss_end__ = .

.heap           0x20000874      0x800 load address 0x10004550
                0x20000874                        __end__ = .
                0x20000874                        end = __end__
 *(.heap*)
 .heap          0x20000874      0x800 i2c/mpu6050_i2c/CMakeFiles/mpu6050_i2c.dir/C_/Users/agras/.pico-sdk/sdk/2.1.0/src/rp2_common/pico_crt0/crt0.S.obj
                0x20080000                        __HeapLimit = (ORIGIN (RAM) + LENGTH (RAM))

.scratch_x      0x20080000        0x0 load address 0x10004550
                0x20080000                        __scratch_x_start__ = .
 *(.scratch_x.*)
                0x20080000                        . = ALIGN (0x4)
                0x20080000                        __scratch_x_end__ = .
                0x10004550                        __scratch_x_source__ = LOADADDR (.scratch_x)

.scratch_y      0x20081000        0x0 load address 0x10004550
                0x20081000                        __scratch_y_start__ = .
 *(.scratch_y.*)
                0x20081000                        . = ALIGN (0x4)
                0x20081000                        __scratch_y_end__ = .
                0x10004550                        __scratch_y_source__ = LOADADDR (.scratch_y)

.stack1_dummy
 *(.stack1*)

.stack_dummy    0x20081000      0x800
 *(.stack*)
 .stack         0x20081000      0x800 i2c/mpu6050_i2c/CMakeFiles/mpu6050_i2c.dir/C_/Users/agras/.pico-sdk/sdk/2.1.0/src/rp2_common/pico_crt0/crt0.S.obj

.flash_end      0x10004550       0x14
 *(.embedded_end_block*)
 .embedded_end_block
                0x10004550       0x14 i2c/mpu6050_i2c/CMakeFiles/mpu6050_i2c.dir/C_/Users/agras/.pico-sdk/sdk/2.1.0/src/rp2_common/pico_crt0/crt0.S.obj
                0x10004564                        PROVIDE (__flash_binary_end = .)
                0x20080000                        __StackLimit = (ORIGIN (RAM) + LENGTH (RAM))
                0x20081000                        __StackOneTop = (ORIGIN (SCRATCH_X) + LENGTH (SCRATCH_X))
                0x20082000                        __StackTop = (ORIGIN (SCRATCH_Y) + LENGTH (SCRATCH_Y))
                0x20081000                        __StackOneBottom = (__StackOneTop - SIZEOF (.stack1_dummy))
                0x20081800                        __StackBottom = (__StackTop - SIZEOF (.stack_dummy))
                0x20082000                        PROVIDE (__stack = __StackTop)
                [!provide]                        PROVIDE (__heap_start = __end__)
                [!provide]                        PROVIDE (__heap_end = __HeapLimit)
                [!provide]                        PROVIDE (__tls_align = MAX (ALIGNOF (.tdata), ALIGNOF (.tbss)))
                [!provide]                        PROVIDE (__tls_size_align = (((__tls_size + __tls_align) - 0x1) & ~ ((__tls_align - 0x1))))
                [!provide]                        PROVIDE (__arm32_tls_tcb_offset = MAX (0x8, __tls_align))
                [!provide]                        PROVIDE (_end = __end__)
                [!provide]                        PROVIDE (__llvm_libc_heap_limit = __HeapLimit)
                0x00000001                        ASSERT ((__StackLimit >= __HeapLimit), region RAM overflowed)
                0x00000001                        ASSERT (((__binary_info_header_end - __logical_binary_start) <= 0x400), Binary info must be in first 1024 bytes of the binary)
                0x00000001                        ASSERT (((__embedded_block_end - __logical_binary_start) <= 0x1000), Embedded block must be in first 4096 bytes of the binary)
LOAD i2c/mpu6050_i2c/CMakeFiles/mpu6050_i2c.dir/mpu6050_i2c.c.obj
LOAD i2c/mpu6050_i2c/CMakeFiles/mpu6050_i2c.dir/C_/Users/agras/.pico-sdk/sdk/2.1.0/src/rp2_common/pico_stdlib/stdlib.c.obj
LOAD i2c/mpu6050_i2c/CMakeFiles/mpu6050_i2c.dir/C_/Users/agras/.pico-sdk/sdk/2.1.0/src/rp2_common/hardware_gpio/gpio.c.obj
LOAD i2c/mpu6050_i2c/CMakeFiles/mpu6050_i2c.dir/C_/Users/agras/.pico-sdk/sdk/2.1.0/src/rp2350/pico_platform/platform.c.obj
LOAD i2c/mpu6050_i2c/CMakeFiles/mpu6050_i2c.dir/C_/Users/agras/.pico-sdk/sdk/2.1.0/src/rp2_common/pico_platform_panic/panic.c.obj
LOAD i2c/mpu6050_i2c/CMakeFiles/mpu6050_i2c.dir/C_/Users/agras/.pico-sdk/sdk/2.1.0/src/common/hardware_claim/claim.c.obj
LOAD i2c/mpu6050_i2c/CMakeFiles/mpu6050_i2c.dir/C_/Users/agras/.pico-sdk/sdk/2.1.0/src/rp2_common/hardware_sync/sync.c.obj
LOAD i2c/mpu6050_i2c/CMakeFiles/mpu6050_i2c.dir/C_/Users/agras/.pico-sdk/sdk/2.1.0/src/rp2_common/hardware_sync_spin_lock/sync_spin_lock.c.obj
LOAD i2c/mpu6050_i2c/CMakeFiles/mpu6050_i2c.dir/C_/Users/agras/.pico-sdk/sdk/2.1.0/src/rp2_common/hardware_irq/irq.c.obj
LOAD i2c/mpu6050_i2c/CMakeFiles/mpu6050_i2c.dir/C_/Users/agras/.pico-sdk/sdk/2.1.0/src/rp2_common/hardware_irq/irq_handler_chain.S.obj
LOAD i2c/mpu6050_i2c/CMakeFiles/mpu6050_i2c.dir/C_/Users/agras/.pico-sdk/sdk/2.1.0/src/common/pico_sync/sem.c.obj
LOAD i2c/mpu6050_i2c/CMakeFiles/mpu6050_i2c.dir/C_/Users/agras/.pico-sdk/sdk/2.1.0/src/common/pico_sync/lock_core.c.obj
LOAD i2c/mpu6050_i2c/CMakeFiles/mpu6050_i2c.dir/C_/Users/agras/.pico-sdk/sdk/2.1.0/src/common/pico_sync/mutex.c.obj
LOAD i2c/mpu6050_i2c/CMakeFiles/mpu6050_i2c.dir/C_/Users/agras/.pico-sdk/sdk/2.1.0/src/common/pico_sync/critical_section.c.obj
LOAD i2c/mpu6050_i2c/CMakeFiles/mpu6050_i2c.dir/C_/Users/agras/.pico-sdk/sdk/2.1.0/src/common/pico_time/time.c.obj
LOAD i2c/mpu6050_i2c/CMakeFiles/mpu6050_i2c.dir/C_/Users/agras/.pico-sdk/sdk/2.1.0/src/common/pico_time/timeout_helper.c.obj
LOAD i2c/mpu6050_i2c/CMakeFiles/mpu6050_i2c.dir/C_/Users/agras/.pico-sdk/sdk/2.1.0/src/rp2_common/hardware_timer/timer.c.obj
LOAD i2c/mpu6050_i2c/CMakeFiles/mpu6050_i2c.dir/C_/Users/agras/.pico-sdk/sdk/2.1.0/src/common/pico_util/datetime.c.obj
LOAD i2c/mpu6050_i2c/CMakeFiles/mpu6050_i2c.dir/C_/Users/agras/.pico-sdk/sdk/2.1.0/src/common/pico_util/pheap.c.obj
LOAD i2c/mpu6050_i2c/CMakeFiles/mpu6050_i2c.dir/C_/Users/agras/.pico-sdk/sdk/2.1.0/src/common/pico_util/queue.c.obj
LOAD i2c/mpu6050_i2c/CMakeFiles/mpu6050_i2c.dir/C_/Users/agras/.pico-sdk/sdk/2.1.0/src/rp2_common/hardware_uart/uart.c.obj
LOAD i2c/mpu6050_i2c/CMakeFiles/mpu6050_i2c.dir/C_/Users/agras/.pico-sdk/sdk/2.1.0/src/rp2_common/hardware_clocks/clocks.c.obj
LOAD i2c/mpu6050_i2c/CMakeFiles/mpu6050_i2c.dir/C_/Users/agras/.pico-sdk/sdk/2.1.0/src/rp2_common/hardware_pll/pll.c.obj
LOAD i2c/mpu6050_i2c/CMakeFiles/mpu6050_i2c.dir/C_/Users/agras/.pico-sdk/sdk/2.1.0/src/rp2_common/hardware_vreg/vreg.c.obj
LOAD i2c/mpu6050_i2c/CMakeFiles/mpu6050_i2c.dir/C_/Users/agras/.pico-sdk/sdk/2.1.0/src/rp2_common/hardware_watchdog/watchdog.c.obj
LOAD i2c/mpu6050_i2c/CMakeFiles/mpu6050_i2c.dir/C_/Users/agras/.pico-sdk/sdk/2.1.0/src/rp2_common/hardware_ticks/ticks.c.obj
LOAD i2c/mpu6050_i2c/CMakeFiles/mpu6050_i2c.dir/C_/Users/agras/.pico-sdk/sdk/2.1.0/src/rp2_common/pico_bootrom/bootrom.c.obj
LOAD i2c/mpu6050_i2c/CMakeFiles/mpu6050_i2c.dir/C_/Users/agras/.pico-sdk/sdk/2.1.0/src/rp2_common/pico_bootrom/bootrom_lock.c.obj
LOAD i2c/mpu6050_i2c/CMakeFiles/mpu6050_i2c.dir/C_/Users/agras/.pico-sdk/sdk/2.1.0/src/rp2_common/hardware_boot_lock/boot_lock.c.obj
LOAD i2c/mpu6050_i2c/CMakeFiles/mpu6050_i2c.dir/C_/Users/agras/.pico-sdk/sdk/2.1.0/src/rp2_common/pico_flash/flash.c.obj
LOAD i2c/mpu6050_i2c/CMakeFiles/mpu6050_i2c.dir/C_/Users/agras/.pico-sdk/sdk/2.1.0/src/rp2_common/hardware_xosc/xosc.c.obj
LOAD i2c/mpu6050_i2c/CMakeFiles/mpu6050_i2c.dir/C_/Users/agras/.pico-sdk/sdk/2.1.0/src/rp2_common/hardware_divider/divider.c.obj
LOAD i2c/mpu6050_i2c/CMakeFiles/mpu6050_i2c.dir/C_/Users/agras/.pico-sdk/sdk/2.1.0/src/rp2_common/pico_runtime/runtime.c.obj
LOAD i2c/mpu6050_i2c/CMakeFiles/mpu6050_i2c.dir/C_/Users/agras/.pico-sdk/sdk/2.1.0/src/rp2_common/pico_runtime_init/runtime_init.c.obj
LOAD i2c/mpu6050_i2c/CMakeFiles/mpu6050_i2c.dir/C_/Users/agras/.pico-sdk/sdk/2.1.0/src/rp2_common/pico_runtime_init/runtime_init_clocks.c.obj
LOAD i2c/mpu6050_i2c/CMakeFiles/mpu6050_i2c.dir/C_/Users/agras/.pico-sdk/sdk/2.1.0/src/rp2_common/pico_runtime_init/runtime_init_stack_guard.c.obj
LOAD i2c/mpu6050_i2c/CMakeFiles/mpu6050_i2c.dir/C_/Users/agras/.pico-sdk/sdk/2.1.0/src/rp2_common/pico_bit_ops/bit_ops_aeabi.S.obj
LOAD i2c/mpu6050_i2c/CMakeFiles/mpu6050_i2c.dir/C_/Users/agras/.pico-sdk/sdk/2.1.0/src/rp2_common/pico_divider/divider_compiler.c.obj
LOAD i2c/mpu6050_i2c/CMakeFiles/mpu6050_i2c.dir/C_/Users/agras/.pico-sdk/sdk/2.1.0/src/rp2_common/pico_double/double_math.c.obj
LOAD i2c/mpu6050_i2c/CMakeFiles/mpu6050_i2c.dir/C_/Users/agras/.pico-sdk/sdk/2.1.0/src/rp2_common/pico_double/double_aeabi_dcp.S.obj
LOAD i2c/mpu6050_i2c/CMakeFiles/mpu6050_i2c.dir/C_/Users/agras/.pico-sdk/sdk/2.1.0/src/rp2_common/pico_double/double_fma_dcp.S.obj
LOAD i2c/mpu6050_i2c/CMakeFiles/mpu6050_i2c.dir/C_/Users/agras/.pico-sdk/sdk/2.1.0/src/rp2_common/pico_double/double_sci_m33.S.obj
LOAD i2c/mpu6050_i2c/CMakeFiles/mpu6050_i2c.dir/C_/Users/agras/.pico-sdk/sdk/2.1.0/src/rp2_common/pico_double/double_conv_m33.S.obj
LOAD i2c/mpu6050_i2c/CMakeFiles/mpu6050_i2c.dir/C_/Users/agras/.pico-sdk/sdk/2.1.0/src/rp2_common/pico_float/float_math.c.obj
LOAD i2c/mpu6050_i2c/CMakeFiles/mpu6050_i2c.dir/C_/Users/agras/.pico-sdk/sdk/2.1.0/src/rp2_common/pico_float/float_sci_m33_vfp.S.obj
LOAD i2c/mpu6050_i2c/CMakeFiles/mpu6050_i2c.dir/C_/Users/agras/.pico-sdk/sdk/2.1.0/src/rp2_common/pico_float/float_conv_m33.S.obj
LOAD i2c/mpu6050_i2c/CMakeFiles/mpu6050_i2c.dir/C_/Users/agras/.pico-sdk/sdk/2.1.0/src/rp2_common/pico_malloc/malloc.c.obj
LOAD i2c/mpu6050_i2c/CMakeFiles/mpu6050_i2c.dir/C_/Users/agras/.pico-sdk/sdk/2.1.0/src/rp2_common/pico_atomic/atomic.c.obj
LOAD i2c/mpu6050_i2c/CMakeFiles/mpu6050_i2c.dir/C_/Users/agras/.pico-sdk/sdk/2.1.0/src/rp2_common/pico_cxx_options/new_delete.cpp.obj
LOAD i2c/mpu6050_i2c/CMakeFiles/mpu6050_i2c.dir/C_/Users/agras/.pico-sdk/sdk/2.1.0/src/rp2_common/pico_standard_binary_info/standard_binary_info.c.obj
LOAD i2c/mpu6050_i2c/CMakeFiles/mpu6050_i2c.dir/C_/Users/agras/.pico-sdk/sdk/2.1.0/src/rp2_common/pico_printf/printf.c.obj
LOAD i2c/mpu6050_i2c/CMakeFiles/mpu6050_i2c.dir/C_/Users/agras/.pico-sdk/sdk/2.1.0/src/rp2_common/pico_crt0/crt0.S.obj
LOAD i2c/mpu6050_i2c/CMakeFiles/mpu6050_i2c.dir/C_/Users/agras/.pico-sdk/sdk/2.1.0/src/rp2_common/pico_clib_interface/newlib_interface.c.obj
LOAD i2c/mpu6050_i2c/CMakeFiles/mpu6050_i2c.dir/C_/Users/agras/.pico-sdk/sdk/2.1.0/src/rp2_common/pico_stdio/stdio.c.obj
LOAD i2c/mpu6050_i2c/CMakeFiles/mpu6050_i2c.dir/C_/Users/agras/.pico-sdk/sdk/2.1.0/src/rp2_common/pico_stdio_uart/stdio_uart.c.obj
LOAD i2c/mpu6050_i2c/CMakeFiles/mpu6050_i2c.dir/C_/Users/agras/.pico-sdk/sdk/2.1.0/src/rp2_common/hardware_i2c/i2c.c.obj
LOAD pico-sdk/src/rp2350/boot_stage2/CMakeFiles/bs2_default_library.dir/./bs2_default_padded_checksummed.S.obj
LOAD C:/Users/agras/.pico-sdk/toolchain/13_3_Rel1/bin/../lib/gcc/arm-none-eabi/13.3.1/thumb/v8-m.main+fp/softfp\libstdc++.a
LOAD C:/Users/agras/.pico-sdk/toolchain/13_3_Rel1/bin/../lib/gcc/arm-none-eabi/13.3.1/thumb/v8-m.main+fp/softfp\libm.a
START GROUP
LOAD C:/Users/agras/.pico-sdk/toolchain/13_3_Rel1/bin/../lib/gcc/arm-none-eabi/13.3.1/thumb/v8-m.main+fp/softfp\libgcc.a
LOAD C:/Users/agras/.pico-sdk/toolchain/13_3_Rel1/bin/../lib/gcc/arm-none-eabi/13.3.1/thumb/v8-m.main+fp/softfp\libg.a
LOAD C:/Users/agras/.pico-sdk/toolchain/13_3_Rel1/bin/../lib/gcc/arm-none-eabi/13.3.1/thumb/v8-m.main+fp/softfp\libc.a
END GROUP
START GROUP
LOAD C:/Users/agras/.pico-sdk/toolchain/13_3_Rel1/bin/../lib/gcc/arm-none-eabi/13.3.1/thumb/v8-m.main+fp/softfp\libgcc.a
LOAD C:/Users/agras/.pico-sdk/toolchain/13_3_Rel1/bin/../lib/gcc/arm-none-eabi/13.3.1/thumb/v8-m.main+fp/softfp\libc.a
LOAD C:/Users/agras/.pico-sdk/toolchain/13_3_Rel1/bin/../lib/gcc/arm-none-eabi/13.3.1/thumb/v8-m.main+fp/softfp\libnosys.a
END GROUP
LOAD C:/Users/agras/.pico-sdk/toolchain/13_3_Rel1/bin/../lib/gcc/arm-none-eabi/13.3.1/thumb/v8-m.main+fp/softfp/crtend.o
LOAD C:/Users/agras/.pico-sdk/toolchain/13_3_Rel1/bin/../lib/gcc/arm-none-eabi/13.3.1/thumb/v8-m.main+fp/softfp/crtn.o
OUTPUT(i2c\mpu6050_i2c\mpu6050_i2c.elf elf32-littlearm)
LOAD linker stubs

.rel.dyn        0x10004564        0x0
 .rel.iplt      0x10004564        0x0 C:/Users/agras/.pico-sdk/toolchain/13_3_Rel1/bin/../lib/gcc/arm-none-eabi/13.3.1/thumb/v8-m.main+fp/softfp/crtbegin.o

.ARM.attributes
                0x00000000       0x34
 .ARM.attributes
                0x00000000       0x26 C:/Users/agras/.pico-sdk/toolchain/13_3_Rel1/bin/../lib/gcc/arm-none-eabi/13.3.1/thumb/v8-m.main+fp/softfp/crti.o
 .ARM.attributes
                0x00000026       0x36 C:/Users/agras/.pico-sdk/toolchain/13_3_Rel1/bin/../lib/gcc/arm-none-eabi/13.3.1/thumb/v8-m.main+fp/softfp/crtbegin.o
 .ARM.attributes
                0x0000005c       0x38 i2c/mpu6050_i2c/CMakeFiles/mpu6050_i2c.dir/mpu6050_i2c.c.obj
 .ARM.attributes
                0x00000094       0x38 i2c/mpu6050_i2c/CMakeFiles/mpu6050_i2c.dir/C_/Users/agras/.pico-sdk/sdk/2.1.0/src/rp2_common/hardware_gpio/gpio.c.obj
 .ARM.attributes
                0x000000cc       0x38 i2c/mpu6050_i2c/CMakeFiles/mpu6050_i2c.dir/C_/Users/agras/.pico-sdk/sdk/2.1.0/src/rp2_common/pico_platform_panic/panic.c.obj
 .ARM.attributes
                0x00000104       0x38 i2c/mpu6050_i2c/CMakeFiles/mpu6050_i2c.dir/C_/Users/agras/.pico-sdk/sdk/2.1.0/src/common/hardware_claim/claim.c.obj
 .ARM.attributes
                0x0000013c       0x38 i2c/mpu6050_i2c/CMakeFiles/mpu6050_i2c.dir/C_/Users/agras/.pico-sdk/sdk/2.1.0/src/rp2_common/hardware_sync/sync.c.obj
 .ARM.attributes
                0x00000174       0x38 i2c/mpu6050_i2c/CMakeFiles/mpu6050_i2c.dir/C_/Users/agras/.pico-sdk/sdk/2.1.0/src/rp2_common/hardware_sync_spin_lock/sync_spin_lock.c.obj
 .ARM.attributes
                0x000001ac       0x38 i2c/mpu6050_i2c/CMakeFiles/mpu6050_i2c.dir/C_/Users/agras/.pico-sdk/sdk/2.1.0/src/rp2_common/hardware_irq/irq.c.obj
 .ARM.attributes
                0x000001e4       0x28 i2c/mpu6050_i2c/CMakeFiles/mpu6050_i2c.dir/C_/Users/agras/.pico-sdk/sdk/2.1.0/src/rp2_common/hardware_irq/irq_handler_chain.S.obj
 .ARM.attributes
                0x0000020c       0x38 i2c/mpu6050_i2c/CMakeFiles/mpu6050_i2c.dir/C_/Users/agras/.pico-sdk/sdk/2.1.0/src/common/pico_sync/lock_core.c.obj
 .ARM.attributes
                0x00000244       0x38 i2c/mpu6050_i2c/CMakeFiles/mpu6050_i2c.dir/C_/Users/agras/.pico-sdk/sdk/2.1.0/src/common/pico_sync/mutex.c.obj
 .ARM.attributes
                0x0000027c       0x38 i2c/mpu6050_i2c/CMakeFiles/mpu6050_i2c.dir/C_/Users/agras/.pico-sdk/sdk/2.1.0/src/common/pico_time/time.c.obj
 .ARM.attributes
                0x000002b4       0x38 i2c/mpu6050_i2c/CMakeFiles/mpu6050_i2c.dir/C_/Users/agras/.pico-sdk/sdk/2.1.0/src/rp2_common/hardware_timer/timer.c.obj
 .ARM.attributes
                0x000002ec       0x38 i2c/mpu6050_i2c/CMakeFiles/mpu6050_i2c.dir/C_/Users/agras/.pico-sdk/sdk/2.1.0/src/rp2_common/hardware_uart/uart.c.obj
 .ARM.attributes
                0x00000324       0x38 i2c/mpu6050_i2c/CMakeFiles/mpu6050_i2c.dir/C_/Users/agras/.pico-sdk/sdk/2.1.0/src/rp2_common/hardware_clocks/clocks.c.obj
 .ARM.attributes
                0x0000035c       0x38 i2c/mpu6050_i2c/CMakeFiles/mpu6050_i2c.dir/C_/Users/agras/.pico-sdk/sdk/2.1.0/src/rp2_common/hardware_pll/pll.c.obj
 .ARM.attributes
                0x00000394       0x38 i2c/mpu6050_i2c/CMakeFiles/mpu6050_i2c.dir/C_/Users/agras/.pico-sdk/sdk/2.1.0/src/rp2_common/hardware_ticks/ticks.c.obj
 .ARM.attributes
                0x000003cc       0x38 i2c/mpu6050_i2c/CMakeFiles/mpu6050_i2c.dir/C_/Users/agras/.pico-sdk/sdk/2.1.0/src/rp2_common/pico_bootrom/bootrom.c.obj
 .ARM.attributes
                0x00000404       0x38 i2c/mpu6050_i2c/CMakeFiles/mpu6050_i2c.dir/C_/Users/agras/.pico-sdk/sdk/2.1.0/src/rp2_common/pico_bootrom/bootrom_lock.c.obj
 .ARM.attributes
                0x0000043c       0x38 i2c/mpu6050_i2c/CMakeFiles/mpu6050_i2c.dir/C_/Users/agras/.pico-sdk/sdk/2.1.0/src/rp2_common/hardware_boot_lock/boot_lock.c.obj
 .ARM.attributes
                0x00000474       0x38 i2c/mpu6050_i2c/CMakeFiles/mpu6050_i2c.dir/C_/Users/agras/.pico-sdk/sdk/2.1.0/src/rp2_common/hardware_xosc/xosc.c.obj
 .ARM.attributes
                0x000004ac       0x38 i2c/mpu6050_i2c/CMakeFiles/mpu6050_i2c.dir/C_/Users/agras/.pico-sdk/sdk/2.1.0/src/rp2_common/pico_runtime/runtime.c.obj
 .ARM.attributes
                0x000004e4       0x38 i2c/mpu6050_i2c/CMakeFiles/mpu6050_i2c.dir/C_/Users/agras/.pico-sdk/sdk/2.1.0/src/rp2_common/pico_runtime_init/runtime_init.c.obj
 .ARM.attributes
                0x0000051c       0x38 i2c/mpu6050_i2c/CMakeFiles/mpu6050_i2c.dir/C_/Users/agras/.pico-sdk/sdk/2.1.0/src/rp2_common/pico_runtime_init/runtime_init_clocks.c.obj
 .ARM.attributes
                0x00000554       0x28 i2c/mpu6050_i2c/CMakeFiles/mpu6050_i2c.dir/C_/Users/agras/.pico-sdk/sdk/2.1.0/src/rp2_common/pico_double/double_aeabi_dcp.S.obj
 .ARM.attributes
                0x0000057c       0x38 i2c/mpu6050_i2c/CMakeFiles/mpu6050_i2c.dir/C_/Users/agras/.pico-sdk/sdk/2.1.0/src/rp2_common/pico_standard_binary_info/standard_binary_info.c.obj
 .ARM.attributes
                0x000005b4       0x38 i2c/mpu6050_i2c/CMakeFiles/mpu6050_i2c.dir/C_/Users/agras/.pico-sdk/sdk/2.1.0/src/rp2_common/pico_printf/printf.c.obj
 .ARM.attributes
                0x000005ec       0x28 i2c/mpu6050_i2c/CMakeFiles/mpu6050_i2c.dir/C_/Users/agras/.pico-sdk/sdk/2.1.0/src/rp2_common/pico_crt0/crt0.S.obj
 .ARM.attributes
                0x00000614       0x38 i2c/mpu6050_i2c/CMakeFiles/mpu6050_i2c.dir/C_/Users/agras/.pico-sdk/sdk/2.1.0/src/rp2_common/pico_clib_interface/newlib_interface.c.obj
 .ARM.attributes
                0x0000064c       0x38 i2c/mpu6050_i2c/CMakeFiles/mpu6050_i2c.dir/C_/Users/agras/.pico-sdk/sdk/2.1.0/src/rp2_common/pico_stdio/stdio.c.obj
 .ARM.attributes
                0x00000684       0x38 i2c/mpu6050_i2c/CMakeFiles/mpu6050_i2c.dir/C_/Users/agras/.pico-sdk/sdk/2.1.0/src/rp2_common/pico_stdio_uart/stdio_uart.c.obj
 .ARM.attributes
                0x000006bc       0x38 i2c/mpu6050_i2c/CMakeFiles/mpu6050_i2c.dir/C_/Users/agras/.pico-sdk/sdk/2.1.0/src/rp2_common/hardware_i2c/i2c.c.obj
 .ARM.attributes
                0x000006f4       0x26 C:/Users/agras/.pico-sdk/toolchain/13_3_Rel1/bin/../lib/gcc/arm-none-eabi/13.3.1/thumb/v8-m.main+fp/softfp\libgcc.a(_aeabi_uldivmod.o)
 .ARM.attributes
                0x0000071a       0x36 C:/Users/agras/.pico-sdk/toolchain/13_3_Rel1/bin/../lib/gcc/arm-none-eabi/13.3.1/thumb/v8-m.main+fp/softfp\libgcc.a(_udivmoddi4.o)
 .ARM.attributes
                0x00000750       0x26 C:/Users/agras/.pico-sdk/toolchain/13_3_Rel1/bin/../lib/gcc/arm-none-eabi/13.3.1/thumb/v8-m.main+fp/softfp\libgcc.a(_dvmd_tls.o)
 .ARM.attributes
                0x00000776       0x24 C:/Users/agras/.pico-sdk/toolchain/13_3_Rel1/bin/../lib/gcc/arm-none-eabi/13.3.1/thumb/v8-m.main+fp/softfp\libg.a(libc_a-memcpy.o)
 .ARM.attributes
                0x0000079a       0x36 C:/Users/agras/.pico-sdk/toolchain/13_3_Rel1/bin/../lib/gcc/arm-none-eabi/13.3.1/thumb/v8-m.main+fp/softfp\libg.a(libc_a-strlen-stub.o)
 .ARM.attributes
                0x000007d0       0x36 C:/Users/agras/.pico-sdk/toolchain/13_3_Rel1/bin/../lib/gcc/arm-none-eabi/13.3.1/thumb/v8-m.main+fp/softfp/crtend.o

.comment        0x00000000       0x45
 .comment       0x00000000       0x45 i2c/mpu6050_i2c/CMakeFiles/mpu6050_i2c.dir/mpu6050_i2c.c.obj
                                 0x46 (size before relaxing)
 .comment       0x00000045       0x46 i2c/mpu6050_i2c/CMakeFiles/mpu6050_i2c.dir/C_/Users/agras/.pico-sdk/sdk/2.1.0/src/rp2_common/hardware_gpio/gpio.c.obj
 .comment       0x00000045       0x46 i2c/mpu6050_i2c/CMakeFiles/mpu6050_i2c.dir/C_/Users/agras/.pico-sdk/sdk/2.1.0/src/rp2_common/pico_platform_panic/panic.c.obj
 .comment       0x00000045       0x46 i2c/mpu6050_i2c/CMakeFiles/mpu6050_i2c.dir/C_/Users/agras/.pico-sdk/sdk/2.1.0/src/common/hardware_claim/claim.c.obj
 .comment       0x00000045       0x46 i2c/mpu6050_i2c/CMakeFiles/mpu6050_i2c.dir/C_/Users/agras/.pico-sdk/sdk/2.1.0/src/rp2_common/hardware_sync/sync.c.obj
 .comment       0x00000045       0x46 i2c/mpu6050_i2c/CMakeFiles/mpu6050_i2c.dir/C_/Users/agras/.pico-sdk/sdk/2.1.0/src/rp2_common/hardware_sync_spin_lock/sync_spin_lock.c.obj
 .comment       0x00000045       0x46 i2c/mpu6050_i2c/CMakeFiles/mpu6050_i2c.dir/C_/Users/agras/.pico-sdk/sdk/2.1.0/src/rp2_common/hardware_irq/irq.c.obj
 .comment       0x00000045       0x46 i2c/mpu6050_i2c/CMakeFiles/mpu6050_i2c.dir/C_/Users/agras/.pico-sdk/sdk/2.1.0/src/common/pico_sync/lock_core.c.obj
 .comment       0x00000045       0x46 i2c/mpu6050_i2c/CMakeFiles/mpu6050_i2c.dir/C_/Users/agras/.pico-sdk/sdk/2.1.0/src/common/pico_sync/mutex.c.obj
 .comment       0x00000045       0x46 i2c/mpu6050_i2c/CMakeFiles/mpu6050_i2c.dir/C_/Users/agras/.pico-sdk/sdk/2.1.0/src/common/pico_time/time.c.obj
 .comment       0x00000045       0x46 i2c/mpu6050_i2c/CMakeFiles/mpu6050_i2c.dir/C_/Users/agras/.pico-sdk/sdk/2.1.0/src/rp2_common/hardware_timer/timer.c.obj
 .comment       0x00000045       0x46 i2c/mpu6050_i2c/CMakeFiles/mpu6050_i2c.dir/C_/Users/agras/.pico-sdk/sdk/2.1.0/src/rp2_common/hardware_uart/uart.c.obj
 .comment       0x00000045       0x46 i2c/mpu6050_i2c/CMakeFiles/mpu6050_i2c.dir/C_/Users/agras/.pico-sdk/sdk/2.1.0/src/rp2_common/hardware_clocks/clocks.c.obj
 .comment       0x00000045       0x46 i2c/mpu6050_i2c/CMakeFiles/mpu6050_i2c.dir/C_/Users/agras/.pico-sdk/sdk/2.1.0/src/rp2_common/hardware_pll/pll.c.obj
 .comment       0x00000045       0x46 i2c/mpu6050_i2c/CMakeFiles/mpu6050_i2c.dir/C_/Users/agras/.pico-sdk/sdk/2.1.0/src/rp2_common/hardware_ticks/ticks.c.obj
 .comment       0x00000045       0x46 i2c/mpu6050_i2c/CMakeFiles/mpu6050_i2c.dir/C_/Users/agras/.pico-sdk/sdk/2.1.0/src/rp2_common/pico_bootrom/bootrom.c.obj
 .comment       0x00000045       0x46 i2c/mpu6050_i2c/CMakeFiles/mpu6050_i2c.dir/C_/Users/agras/.pico-sdk/sdk/2.1.0/src/rp2_common/pico_bootrom/bootrom_lock.c.obj
 .comment       0x00000045       0x46 i2c/mpu6050_i2c/CMakeFiles/mpu6050_i2c.dir/C_/Users/agras/.pico-sdk/sdk/2.1.0/src/rp2_common/hardware_boot_lock/boot_lock.c.obj
 .comment       0x00000045       0x46 i2c/mpu6050_i2c/CMakeFiles/mpu6050_i2c.dir/C_/Users/agras/.pico-sdk/sdk/2.1.0/src/rp2_common/hardware_xosc/xosc.c.obj
 .comment       0x00000045       0x46 i2c/mpu6050_i2c/CMakeFiles/mpu6050_i2c.dir/C_/Users/agras/.pico-sdk/sdk/2.1.0/src/rp2_common/pico_runtime/runtime.c.obj
 .comment       0x00000045       0x46 i2c/mpu6050_i2c/CMakeFiles/mpu6050_i2c.dir/C_/Users/agras/.pico-sdk/sdk/2.1.0/src/rp2_common/pico_runtime_init/runtime_init.c.obj
 .comment       0x00000045       0x46 i2c/mpu6050_i2c/CMakeFiles/mpu6050_i2c.dir/C_/Users/agras/.pico-sdk/sdk/2.1.0/src/rp2_common/pico_runtime_init/runtime_init_clocks.c.obj
 .comment       0x00000045       0x46 i2c/mpu6050_i2c/CMakeFiles/mpu6050_i2c.dir/C_/Users/agras/.pico-sdk/sdk/2.1.0/src/rp2_common/pico_standard_binary_info/standard_binary_info.c.obj
 .comment       0x00000045       0x46 i2c/mpu6050_i2c/CMakeFiles/mpu6050_i2c.dir/C_/Users/agras/.pico-sdk/sdk/2.1.0/src/rp2_common/pico_printf/printf.c.obj
 .comment       0x00000045       0x46 i2c/mpu6050_i2c/CMakeFiles/mpu6050_i2c.dir/C_/Users/agras/.pico-sdk/sdk/2.1.0/src/rp2_common/pico_clib_interface/newlib_interface.c.obj
 .comment       0x00000045       0x46 i2c/mpu6050_i2c/CMakeFiles/mpu6050_i2c.dir/C_/Users/agras/.pico-sdk/sdk/2.1.0/src/rp2_common/pico_stdio/stdio.c.obj
 .comment       0x00000045       0x46 i2c/mpu6050_i2c/CMakeFiles/mpu6050_i2c.dir/C_/Users/agras/.pico-sdk/sdk/2.1.0/src/rp2_common/pico_stdio_uart/stdio_uart.c.obj
 .comment       0x00000045       0x46 i2c/mpu6050_i2c/CMakeFiles/mpu6050_i2c.dir/C_/Users/agras/.pico-sdk/sdk/2.1.0/src/rp2_common/hardware_i2c/i2c.c.obj

.debug_info     0x00000000    0x1c0f2
 .debug_info    0x00000000      0xd33 i2c/mpu6050_i2c/CMakeFiles/mpu6050_i2c.dir/mpu6050_i2c.c.obj
 .debug_info    0x00000d33     0x1c2c i2c/mpu6050_i2c/CMakeFiles/mpu6050_i2c.dir/C_/Users/agras/.pico-sdk/sdk/2.1.0/src/rp2_common/hardware_gpio/gpio.c.obj
 .debug_info    0x0000295f      0x1b3 i2c/mpu6050_i2c/CMakeFiles/mpu6050_i2c.dir/C_/Users/agras/.pico-sdk/sdk/2.1.0/src/rp2_common/pico_platform_panic/panic.c.obj
 .debug_info    0x00002b12      0x73d i2c/mpu6050_i2c/CMakeFiles/mpu6050_i2c.dir/C_/Users/agras/.pico-sdk/sdk/2.1.0/src/common/hardware_claim/claim.c.obj
 .debug_info    0x0000324f      0x47d i2c/mpu6050_i2c/CMakeFiles/mpu6050_i2c.dir/C_/Users/agras/.pico-sdk/sdk/2.1.0/src/rp2_common/hardware_sync/sync.c.obj
 .debug_info    0x000036cc     0x152a i2c/mpu6050_i2c/CMakeFiles/mpu6050_i2c.dir/C_/Users/agras/.pico-sdk/sdk/2.1.0/src/rp2_common/hardware_sync_spin_lock/sync_spin_lock.c.obj
 .debug_info    0x00004bf6     0x23ac i2c/mpu6050_i2c/CMakeFiles/mpu6050_i2c.dir/C_/Users/agras/.pico-sdk/sdk/2.1.0/src/rp2_common/hardware_irq/irq.c.obj
 .debug_info    0x00006fa2      0x1cf i2c/mpu6050_i2c/CMakeFiles/mpu6050_i2c.dir/C_/Users/agras/.pico-sdk/sdk/2.1.0/src/common/pico_sync/lock_core.c.obj
 .debug_info    0x00007171     0x1f0d i2c/mpu6050_i2c/CMakeFiles/mpu6050_i2c.dir/C_/Users/agras/.pico-sdk/sdk/2.1.0/src/common/pico_sync/mutex.c.obj
 .debug_info    0x0000907e     0x38bf i2c/mpu6050_i2c/CMakeFiles/mpu6050_i2c.dir/C_/Users/agras/.pico-sdk/sdk/2.1.0/src/common/pico_time/time.c.obj
 .debug_info    0x0000c93d     0x1ea3 i2c/mpu6050_i2c/CMakeFiles/mpu6050_i2c.dir/C_/Users/agras/.pico-sdk/sdk/2.1.0/src/rp2_common/hardware_timer/timer.c.obj
 .debug_info    0x0000e7e0     0x13da i2c/mpu6050_i2c/CMakeFiles/mpu6050_i2c.dir/C_/Users/agras/.pico-sdk/sdk/2.1.0/src/rp2_common/hardware_uart/uart.c.obj
 .debug_info    0x0000fbba     0x15ed i2c/mpu6050_i2c/CMakeFiles/mpu6050_i2c.dir/C_/Users/agras/.pico-sdk/sdk/2.1.0/src/rp2_common/hardware_clocks/clocks.c.obj
 .debug_info    0x000111a7      0x67c i2c/mpu6050_i2c/CMakeFiles/mpu6050_i2c.dir/C_/Users/agras/.pico-sdk/sdk/2.1.0/src/rp2_common/hardware_pll/pll.c.obj
 .debug_info    0x00011823      0x2d6 i2c/mpu6050_i2c/CMakeFiles/mpu6050_i2c.dir/C_/Users/agras/.pico-sdk/sdk/2.1.0/src/rp2_common/hardware_ticks/ticks.c.obj
 .debug_info    0x00011af9      0x8de i2c/mpu6050_i2c/CMakeFiles/mpu6050_i2c.dir/C_/Users/agras/.pico-sdk/sdk/2.1.0/src/rp2_common/pico_bootrom/bootrom.c.obj
 .debug_info    0x000123d7      0x1d5 i2c/mpu6050_i2c/CMakeFiles/mpu6050_i2c.dir/C_/Users/agras/.pico-sdk/sdk/2.1.0/src/rp2_common/pico_bootrom/bootrom_lock.c.obj
 .debug_info    0x000125ac      0x334 i2c/mpu6050_i2c/CMakeFiles/mpu6050_i2c.dir/C_/Users/agras/.pico-sdk/sdk/2.1.0/src/rp2_common/hardware_boot_lock/boot_lock.c.obj
 .debug_info    0x000128e0      0x1b5 i2c/mpu6050_i2c/CMakeFiles/mpu6050_i2c.dir/C_/Users/agras/.pico-sdk/sdk/2.1.0/src/rp2_common/hardware_xosc/xosc.c.obj
 .debug_info    0x00012a95      0x1bc i2c/mpu6050_i2c/CMakeFiles/mpu6050_i2c.dir/C_/Users/agras/.pico-sdk/sdk/2.1.0/src/rp2_common/pico_runtime/runtime.c.obj
 .debug_info    0x00012c51     0x1bec i2c/mpu6050_i2c/CMakeFiles/mpu6050_i2c.dir/C_/Users/agras/.pico-sdk/sdk/2.1.0/src/rp2_common/pico_runtime_init/runtime_init.c.obj
 .debug_info    0x0001483d      0x7af i2c/mpu6050_i2c/CMakeFiles/mpu6050_i2c.dir/C_/Users/agras/.pico-sdk/sdk/2.1.0/src/rp2_common/pico_runtime_init/runtime_init_clocks.c.obj