Archive member included to satisfy reference by file (symbol)

C:/Users/agras/.pico-sdk/toolchain/13_3_Rel1/bin/../lib/gcc/arm-none-eabi/13.3.1/thumb/v8-m.main+fp/softfp\libm.a(libm_a-wf_sqrt.o)
                              multicore/multicore_runner_queue/CMakeFiles/multicore_runner_queue.dir/C_/Users/agras/.pico-sdk/sdk/2.1.0/src/rp2_common/pico_float/float_math.c.obj (sqrtf)
C:/Users/agras/.pico-sdk/toolchain/13_3_Rel1/bin/../lib/gcc/arm-none-eabi/13.3.1/thumb/v8-m.main+fp/softfp\libm.a(libm_a-ef_sqrt.o)
                              C:/Users/agras/.pico-sdk/toolchain/13_3_Rel1/bin/../lib/gcc/arm-none-eabi/13.3.1/thumb/v8-m.main+fp/softfp\libm.a(libm_a-wf_sqrt.o) (__ieee754_sqrtf)
C:/Users/agras/.pico-sdk/toolchain/13_3_Rel1/bin/../lib/gcc/arm-none-eabi/13.3.1/thumb/v8-m.main+fp/softfp\libgcc.a(_arm_addsubdf3.o)
                              multicore/multicore_runner_queue/CMakeFiles/multicore_runner_queue.dir/C_/Users/agras/.pico-sdk/sdk/2.1.0/src/rp2_common/pico_float/float_math.c.obj (__aeabi_f2d)
C:/Users/agras/.pico-sdk/toolchain/13_3_Rel1/bin/../lib/gcc/arm-none-eabi/13.3.1/thumb/v8-m.main+fp/softfp\libgcc.a(_aeabi_ldivmod.o)
                              multicore/multicore_runner_queue/CMakeFiles/multicore_runner_queue.dir/C_/Users/agras/.pico-sdk/sdk/2.1.0/src/common/pico_time/time.c.obj (__aeabi_ldivmod)
C:/Users/agras/.pico-sdk/toolchain/13_3_Rel1/bin/../lib/gcc/arm-none-eabi/13.3.1/thumb/v8-m.main+fp/softfp\libgcc.a(_aeabi_uldivmod.o)
                              multicore/multicore_runner_queue/CMakeFiles/multicore_runner_queue.dir/C_/Users/agras/.pico-sdk/sdk/2.1.0/src/rp2_common/hardware_clocks/clocks.c.obj (__aeabi_uldivmod)
C:/Users/agras/.pico-sdk/toolchain/13_3_Rel1/bin/../lib/gcc/arm-none-eabi/13.3.1/thumb/v8-m.main+fp/softfp\libgcc.a(_udivmoddi4.o)
                              C:/Users/agras/.pico-sdk/toolchain/13_3_Rel1/bin/../lib/gcc/arm-none-eabi/13.3.1/thumb/v8-m.main+fp/softfp\libgcc.a(_aeabi_ldivmod.o) (__udivmoddi4)
C:/Users/agras/.pico-sdk/toolchain/13_3_Rel1/bin/../lib/gcc/arm-none-eabi/13.3.1/thumb/v8-m.main+fp/softfp\libgcc.a(_dvmd_tls.o)
                              C:/Users/agras/.pico-sdk/toolchain/13_3_Rel1/bin/../lib/gcc/arm-none-eabi/13.3.1/thumb/v8-m.main+fp/softfp\libgcc.a(_aeabi_ldivmod.o) (__aeabi_ldiv0)
C:/Users/agras/.pico-sdk/toolchain/13_3_Rel1/bin/../lib/gcc/arm-none-eabi/13.3.1/thumb/v8-m.main+fp/softfp\libg.a(libc_a-calloc.o)
                              multicore/multicore_runner_queue/CMakeFiles/multicore_runner_queue.dir/C_/Users/agras/.pico-sdk/sdk/2.1.0/src/rp2_common/pico_malloc/malloc.c.obj (calloc)
C:/Users/agras/.pico-sdk/toolchain/13_3_Rel1/bin/../lib/gcc/arm-none-eabi/13.3.1/thumb/v8-m.main+fp/softfp\libg.a(libc_a-callocr.o)
                              C:/Users/agras/.pico-sdk/toolchain/13_3_Rel1/bin/../lib/gcc/arm-none-eabi/13.3.1/thumb/v8-m.main+fp/softfp\libg.a(libc_a-calloc.o) (_calloc_r)
C:/Users/agras/.pico-sdk/toolchain/13_3_Rel1/bin/../lib/gcc/arm-none-eabi/13.3.1/thumb/v8-m.main+fp/softfp\libg.a(libc_a-malloc.o)
                              multicore/multicore_runner_queue/CMakeFiles/multicore_runner_queue.dir/C_/Users/agras/.pico-sdk/sdk/2.1.0/src/rp2_common/pico_malloc/malloc.c.obj (malloc)
C:/Users/agras/.pico-sdk/toolchain/13_3_Rel1/bin/../lib/gcc/arm-none-eabi/13.3.1/thumb/v8-m.main+fp/softfp\libg.a(libc_a-mallocr.o)
                              C:/Users/agras/.pico-sdk/toolchain/13_3_Rel1/bin/../lib/gcc/arm-none-eabi/13.3.1/thumb/v8-m.main+fp/softfp\libg.a(libc_a-callocr.o) (_malloc_r)
C:/Users/agras/.pico-sdk/toolchain/13_3_Rel1/bin/../lib/gcc/arm-none-eabi/13.3.1/thumb/v8-m.main+fp/softfp\libg.a(libc_a-mlock.o)
                              C:/Users/agras/.pico-sdk/toolchain/13_3_Rel1/bin/../lib/gcc/arm-none-eabi/13.3.1/thumb/v8-m.main+fp/softfp\libg.a(libc_a-mallocr.o) (__malloc_lock)
C:/Users/agras/.pico-sdk/toolchain/13_3_Rel1/bin/../lib/gcc/arm-none-eabi/13.3.1/thumb/v8-m.main+fp/softfp\libg.a(libc_a-realloc.o)
                              multicore/multicore_runner_queue/CMakeFiles/multicore_runner_queue.dir/C_/Users/agras/.pico-sdk/sdk/2.1.0/src/rp2_common/pico_malloc/malloc.c.obj (realloc)
C:/Users/agras/.pico-sdk/toolchain/13_3_Rel1/bin/../lib/gcc/arm-none-eabi/13.3.1/thumb/v8-m.main+fp/softfp\libg.a(libc_a-reallocr.o)
                              C:/Users/agras/.pico-sdk/toolchain/13_3_Rel1/bin/../lib/gcc/arm-none-eabi/13.3.1/thumb/v8-m.main+fp/softfp\libg.a(libc_a-realloc.o) (_realloc_r)
C:/Users/agras/.pico-sdk/toolchain/13_3_Rel1/bin/../lib/gcc/arm-none-eabi/13.3.1/thumb/v8-m.main+fp/softfp\libg.a(libc_a-memcmp.o)
                              multicore/multicore_runner_queue/CMakeFiles/multicore_runner_queue.dir/C_/Users/agras/.pico-sdk/sdk/2.1.0/src/rp2_common/pico_atomic/atomic.c.obj (memcmp)
C:/Users/agras/.pico-sdk/toolchain/13_3_Rel1/bin/../lib/gcc/arm-none-eabi/13.3.1/thumb/v8-m.main+fp/softfp\libg.a(libc_a-memmove.o)
[...]
Memory Configuration

Name             Origin             Length             Attributes
FLASH            0x10000000         0x00400000         xr
RAM              0x20000000         0x00080000         xrw
SCRATCH_X        0x20080000         0x00001000         xrw
SCRATCH_Y        0x20081000         0x00001000         xrw
*default*        0x00000000         0xffffffff

Linker script and memory map

LOAD C:/Users/agras/.pico-sdk/toolchain/13_3_Rel1/bin/../lib/gcc/arm-none-eabi/13.3.1/thumb/v8-m.main+fp/softfp/crti.o
LOAD C:/Users/agras/.pico-sdk/toolchain/13_3_Rel1/bin/../lib/gcc/arm-none-eabi/13.3.1/thumb/v8-m.main+fp/softfp/crtbegin.o
LOAD C:/Users/agras/.pico-sdk/toolchain/13_3_Rel1/bin/../lib/gcc/arm-none-eabi/13.3.1/thumb/v8-m.main+fp/softfp/crt0.o

.flash_begin    0x10000000        0x0
                0x10000000                        __flash_binary_start = .

.text           0x10000000     0x3f14
                0x10000000                        __logical_binary_start = .
 *(.vectors)
 .vectors       0x10000000      0x124 multicore/multicore_runner_queue/CMakeFiles/multicore_runner_queue.dir/C_/Users/agras/.pico-sdk/sdk/2.1.0/src/rp2_common/pico_crt0/crt0.S.obj
                0x10000000                __VECTOR_TABLE
                0x10000000                __vectors
                0x10000110                __default_isrs_start
                0x10000110                isr_invalid
                0x10000112                isr_nmi
                0x10000114                isr_hardfault
                0x10000116                isr_svcall
                0x10000118                isr_pendsv
                0x1000011a                isr_systick
                0x1000011c                isr_irq31
                0x1000011c                isr_irq5
                0x1000011c                isr_irq11
                0x1000011c                isr_irq32
                0x1000011c                isr_irq23
                0x1000011c                isr_irq48
                0x1000011c                isr_irq35
                0x1000011c                isr_irq18
                0x1000011c                isr_irq50
                0x1000011c                isr_irq27
                0x1000011c                isr_irq40
                0x1000011c                isr_irq28
                0x1000011c                isr_irq19
                0x1000011c                isr_irq36
                0x1000011c                isr_irq41
                0x1000011c                isr_irq0
                0x1000011c                isr_irq6
                0x1000011c                isr_irq45
                0x1000011c                isr_irq12
                0x1000011c                isr_irq37
                0x1000011c                isr_irq42
                0x1000011c                isr_irq22
                0x1000011c                isr_irq43
                0x1000011c                isr_irq17
                0x1000011c                isr_irq38
                0x1000011c                isr_irq14
                0x1000011c                isr_irq13
                0x1000011c                isr_irq2
                0x1000011c                isr_irq10
                0x1000011c                isr_irq8
                0x1000011c                isr_irq24
                0x1000011c                isr_irq46
                0x1000011c                isr_irq1
                0x1000011c                isr_irq47
                0x1000011c                isr_irq51
                0x1000011c                isr_irq7
                0x1000011c                isr_irq21
                0x1000011c                isr_irq39
                0x1000011c                isr_irq20
                0x1000011c                isr_irq15
                0x1000011c                isr_irq25
                0x1000011c                isr_irq34
                0x1000011c                isr_irq49
                0x1000011c                __unhandled_user_irq
                0x1000011c                isr_irq4
                0x1000011c                isr_irq16
                0x1000011c                isr_irq44
                0x1000011c                isr_irq29
                0x1000011c                isr_irq26
                0x1000011c                __default_isrs_end
                0x1000011c                isr_irq33
                0x1000011c                isr_irq3
                0x1000011c                isr_irq30
                0x1000011c                isr_irq9
                0x10000122                unhandled_user_irq_num_in_r0
 *(.binary_info_header)
 .binary_info_header
                0x10000124       0x14 multicore/multicore_runner_queue/CMakeFiles/multicore_runner_queue.dir/C_/Users/agras/.pico-sdk/sdk/2.1.0/src/rp2_common/pico_crt0/crt0.S.obj
                0x10000138                        __binary_info_header_end = .
 *(.embedded_block)
 .embedded_block
                0x10000138       0x14 multicore/multicore_runner_queue/CMakeFiles/multicore_runner_queue.dir/C_/Users/agras/.pico-sdk/sdk/2.1.0/src/rp2_common/pico_crt0/crt0.S.obj
                0x1000014c                        __embedded_block_end = .
 *(.reset)
 .reset         0x1000014c       0xa0 multicore/multicore_runner_queue/CMakeFiles/multicore_runner_queue.dir/C_/Users/agras/.pico-sdk/sdk/2.1.0/src/rp2_common/pico_crt0/crt0.S.obj
                0x1000014c                _entry_point
 *(.init)
 .init          0x100001ec        0x4 C:/Users/agras/.pico-sdk/toolchain/13_3_Rel1/bin/../lib/gcc/arm-none-eabi/13.3.1/thumb/v8-m.main+fp/softfp/crti.o
                0x100001ec                _init
 SORT_BY_NAME(REVERSE(*libgcc.a:cmse_nonsecure_call.o))()
 *(EXCLUDE_FILE(*libm.a: *libc.a:*lib_a-mem*.o *libgcc.a:) .text*)
 .text.register_tm_clones
                0x100001f0       0x28 C:/Users/agras/.pico-sdk/toolchain/13_3_Rel1/bin/../lib/gcc/arm-none-eabi/13.3.1/thumb/v8-m.main+fp/softfp/crtbegin.o
 .text.frame_dummy
                0x10000218       0x24 C:/Users/agras/.pico-sdk/toolchain/13_3_Rel1/bin/../lib/gcc/arm-none-eabi/13.3.1/thumb/v8-m.main+fp/softfp/crtbegin.o
 .text.factorial
                0x1000023c       0x14 multicore/multicore_runner_queue/CMakeFiles/multicore_runner_queue.dir/multicore_runner_queue.c.obj
                0x1000023c                factorial
 .text.fibonacci
                0x10000250       0x24 multicore/multicore_runner_queue/CMakeFiles/multicore_runner_queue.dir/multicore_runner_queue.c.obj
                0x10000250                fibonacci
 .text.core1_entry
                0x10000274       0x28 multicore/multicore_runner_queue/CMakeFiles/multicore_runner_queue.dir/multicore_runner_queue.c.obj
                0x10000274                core1_entry
 .text.queue_init
                0x1000029c       0x1a multicore/multicore_runner_queue/CMakeFiles/multicore_runner_queue.dir/multicore_runner_queue.c.obj
 *fill*         0x100002b6        0x2 
 .text.main     0x100002b8       0x98 multicore/multicore_runner_queue/CMakeFiles/multicore_runner_queue.dir/multicore_runner_queue.c.obj
                0x100002b8                main
 .text.core1_trampoline
                0x10000350        0x2 multicore/multicore_runner_queue/CMakeFiles/multicore_runner_queue.dir/C_/Users/agras/.pico-sdk/sdk/2.1.0/src/rp2_common/pico_multicore/multicore.c.obj
 .text.core1_wrapper
                0x10000352        0xc multicore/multicore_runner_queue/CMakeFiles/multicore_runner_queue.dir/C_/Users/agras/.pico-sdk/sdk/2.1.0/src/rp2_common/pico_multicore/multicore.c.obj
                0x10000352                core1_wrapper
 .text.multicore_fifo_push_blocking
                0x1000035e       0x16 multicore/multicore_runner_queue/CMakeFiles/multicore_runner_queue.dir/C_/Users/agras/.pico-sdk/sdk/2.1.0/src/rp2_common/pico_multicore/multicore.c.obj
                0x1000035e                multicore_fifo_push_blocking
 .text.multicore_fifo_pop_blocking
                0x10000374       0x18 multicore/multicore_runner_queue/CMakeFiles/multicore_runner_queue.dir/C_/Users/agras/.pico-sdk/sdk/2.1.0/src/rp2_common/pico_multicore/multicore.c.obj
                0x10000374                multicore_fifo_pop_blocking
 .text.multicore_launch_core1_raw
                0x1000038c       0x7a multicore/multicore_runner_queue/CMakeFiles/multicore_runner_queue.dir/C_/Users/agras/.pico-sdk/sdk/2.1.0/src/rp2_common/pico_multicore/multicore.c.obj
                0x1000038c                multicore_launch_core1_raw
 *fill*         0x10000406        0x2 
 .text.multicore_launch_core1_with_stack
                0x10000408       0x50 multicore/multicore_runner_queue/CMakeFiles/multicore_runner_queue.dir/C_/Users/agras/.pico-sdk/sdk/2.1.0/src/rp2_common/pico_multicore/multicore.c.obj
                0x10000408                multicore_launch_core1_with_stack
 .text.multicore_launch_core1
                0x10000458       0x24 multicore/multicore_runner_queue/CMakeFiles/multicore_runner_queue.dir/C_/Users/agras/.pico-sdk/sdk/2.1.0/src/rp2_common/pico_multicore/multicore.c.obj
                0x10000458                multicore_launch_core1
 .text.lock_init
                0x1000047c        0xc multicore/multicore_runner_queue/CMakeFiles/multicore_runner_queue.dir/C_/Users/agras/.pico-sdk/sdk/2.1.0/src/common/pico_sync/lock_core.c.obj
                0x1000047c                lock_init
 .text.mutex_init
                0x10000488       0x1a multicore/multicore_runner_queue/CMakeFiles/multicore_runner_queue.dir/C_/Users/agras/.pico-sdk/sdk/2.1.0/src/common/pico_sync/mutex.c.obj
                0x10000488                mutex_init
 .text.recursive_mutex_init
                0x100004a2       0x1e multicore/multicore_runner_queue/CMakeFiles/multicore_runner_queue.dir/C_/Users/agras/.pico-sdk/sdk/2.1.0/src/common/pico_sync/mutex.c.obj
                0x100004a2                recursive_mutex_init
 .text.runtime_init_mutex
                0x100004c0       0x4c multicore/multicore_runner_queue/CMakeFiles/multicore_runner_queue.dir/C_/Users/agras/.pico-sdk/sdk/2.1.0/src/common/pico_sync/mutex.c.obj
                0x100004c0                runtime_init_mutex
 .text.ta_from_current_irq
                0x1000050c       0x24 multicore/multicore_runner_queue/CMakeFiles/multicore_runner_queue.dir/C_/Users/agras/.pico-sdk/sdk/2.1.0/src/common/pico_time/time.c.obj
 .text.make_alarm_id
                0x10000530        0x6 multicore/multicore_runner_queue/CMakeFiles/multicore_runner_queue.dir/C_/Users/agras/.pico-sdk/sdk/2.1.0/src/common/pico_time/time.c.obj
 *fill*         0x10000536        0x2 
 .text.sleep_until_callback
                0x10000538       0x3c multicore/multicore_runner_queue/CMakeFiles/multicore_runner_queue.dir/C_/Users/agras/.pico-sdk/sdk/2.1.0/src/common/pico_time/time.c.obj
 .text.alarm_pool_irq_handler
                0x10000574      0x2e0 multicore/multicore_runner_queue/CMakeFiles/multicore_runner_queue.dir/C_/Users/agras/.pico-sdk/sdk/2.1.0/src/common/pico_time/time.c.obj
 .text.ta_enable_irq_handler
                0x10000854       0x38 multicore/multicore_runner_queue/CMakeFiles/multicore_runner_queue.dir/C_/Users/agras/.pico-sdk/sdk/2.1.0/src/common/pico_time/time.c.obj
 .text.alarm_pool_post_alloc_init
                0x1000088c       0x7c multicore/multicore_runner_queue/CMakeFiles/multicore_runner_queue.dir/C_/Users/agras/.pico-sdk/sdk/2.1.0/src/common/pico_time/time.c.obj
 .text.alarm_pool_get_default
                0x10000908       0x28 multicore/multicore_runner_queue/CMakeFiles/multicore_runner_queue.dir/C_/Users/agras/.pico-sdk/sdk/2.1.0/src/common/pico_time/time.c.obj
                0x10000908                alarm_pool_get_default
 .text.alarm_pool_add_alarm_at_force_in_context
                0x10000930       0xc0 multicore/multicore_runner_queue/CMakeFiles/multicore_runner_queue.dir/C_/Users/agras/.pico-sdk/sdk/2.1.0/src/common/pico_time/time.c.obj
                0x10000930                alarm_pool_add_alarm_at_force_in_context
 .text.alarm_pool_add_alarm_at
                0x100009f0       0x38 multicore/multicore_runner_queue/CMakeFiles/multicore_runner_queue.dir/C_/Users/agras/.pico-sdk/sdk/2.1.0/src/common/pico_time/time.c.obj
                0x100009f0                alarm_pool_add_alarm_at
 .text.add_alarm_at
                0x10000a28       0x26 multicore/multicore_runner_queue/CMakeFiles/multicore_runner_queue.dir/C_/Users/agras/.pico-sdk/sdk/2.1.0/src/common/pico_time/time.c.obj
 .text.alarm_pool_cancel_alarm
                0x10000a4e       0x72 multicore/multicore_runner_queue/CMakeFiles/multicore_runner_queue.dir/C_/Users/agras/.pico-sdk/sdk/2.1.0/src/common/pico_time/time.c.obj
                0x10000a4e                alarm_pool_cancel_alarm
 .text.cancel_alarm
                0x10000ac0       0x10 multicore/multicore_runner_queue/CMakeFiles/multicore_runner_queue.dir/C_/Users/agras/.pico-sdk/sdk/2.1.0/src/common/pico_time/time.c.obj
 .text.best_effort_wfe_or_timeout
                0x10000ad0      0x100 multicore/multicore_runner_queue/CMakeFiles/multicore_runner_queue.dir/C_/Users/agras/.pico-sdk/sdk/2.1.0/src/common/pico_time/time.c.obj
                0x10000ad0                best_effort_wfe_or_timeout
 .text.alarm_pool_get_default_timer
                0x10000bd0        0x8 multicore/multicore_runner_queue/CMakeFiles/multicore_runner_queue.dir/C_/Users/agras/.pico-sdk/sdk/2.1.0/src/common/pico_time/time.c.obj
                0x10000bd0                alarm_pool_get_default_timer
 .text.runtime_init_default_alarm_pool
                0x10000bd8       0x34 multicore/multicore_runner_queue/CMakeFiles/multicore_runner_queue.dir/C_/Users/agras/.pico-sdk/sdk/2.1.0/src/common/pico_time/time.c.obj
                0x10000bd8                runtime_init_default_alarm_pool
 .text.timer_hardware_alarm_claim
                0x10000c0c       0x24 multicore/multicore_runner_queue/CMakeFiles/multicore_runner_queue.dir/C_/Users/agras/.pico-sdk/sdk/2.1.0/src/rp2_common/hardware_timer/timer.c.obj
                0x10000c0c                timer_hardware_alarm_claim
 .text.timer_time_us_64
                0x10000c30       0x10 multicore/multicore_runner_queue/CMakeFiles/multicore_runner_queue.dir/C_/Users/agras/.pico-sdk/sdk/2.1.0/src/rp2_common/hardware_timer/timer.c.obj
                0x10000c30                timer_time_us_64
 .text.timer_busy_wait_until
                0x10000c40       0x1a multicore/multicore_runner_queue/CMakeFiles/multicore_runner_queue.dir/C_/Users/agras/.pico-sdk/sdk/2.1.0/src/rp2_common/hardware_timer/timer.c.obj
                0x10000c40                timer_busy_wait_until
 .text.timer_busy_wait_us
                0x10000c5a       0x28 multicore/multicore_runner_queue/CMakeFiles/multicore_runner_queue.dir/C_/Users/agras/.pico-sdk/sdk/2.1.0/src/rp2_common/hardware_timer/timer.c.obj
                0x10000c5a                timer_busy_wait_us
 *fill*         0x10000c82        0x2 
 .text.time_us_64
                0x10000c84       0x10 multicore/multicore_runner_queue/CMakeFiles/multicore_runner_queue.dir/C_/Users/agras/.pico-sdk/sdk/2.1.0/src/rp2_common/hardware_timer/timer.c.obj
                0x10000c84                time_us_64
 .text.busy_wait_us
                0x10000c94       0x14 multicore/multicore_runner_queue/CMakeFiles/multicore_runner_queue.dir/C_/Users/agras/.pico-sdk/sdk/2.1.0/src/rp2_common/hardware_timer/timer.c.obj
                0x10000c94                busy_wait_us
 .text.panic    0x10000ca8       0x30 multicore/multicore_runner_queue/CMakeFiles/multicore_runner_queue.dir/C_/Users/agras/.pico-sdk/sdk/2.1.0/src/rp2_common/pico_platform_panic/panic.c.obj
                0x10000ca8                panic
 .text.hw_claim_lock
                0x10000cd8       0x24 multicore/multicore_runner_queue/CMakeFiles/multicore_runner_queue.dir/C_/Users/agras/.pico-sdk/sdk/2.1.0/src/common/hardware_claim/claim.c.obj
                0x10000cd8                hw_claim_lock
 .text.hw_claim_unlock
                0x10000cfc       0x14 multicore/multicore_runner_queue/CMakeFiles/multicore_runner_queue.dir/C_/Users/agras/.pico-sdk/sdk/2.1.0/src/common/hardware_claim/claim.c.obj
                0x10000cfc                hw_claim_unlock
 .text.hw_claim_or_assert
                0x10000d10       0x32 multicore/multicore_runner_queue/CMakeFiles/multicore_runner_queue.dir/C_/Users/agras/.pico-sdk/sdk/2.1.0/src/common/hardware_claim/claim.c.obj
                0x10000d10                hw_claim_or_assert
 *fill*         0x10000d42        0x2 
 .text.next_striped_spin_lock_num
                0x10000d44       0x1c multicore/multicore_runner_queue/CMakeFiles/multicore_runner_queue.dir/C_/Users/agras/.pico-sdk/sdk/2.1.0/src/rp2_common/hardware_sync/sync.c.obj
                0x10000d44                next_striped_spin_lock_num
 .text.spinlock_set_extexclall
                0x10000d60        0xe multicore/multicore_runner_queue/CMakeFiles/multicore_runner_queue.dir/C_/Users/agras/.pico-sdk/sdk/2.1.0/src/rp2_common/hardware_sync_spin_lock/sync_spin_lock.c.obj
 *fill*         0x10000d6e        0x2 
 .text.spin_locks_reset
                0x10000d70       0x1c multicore/multicore_runner_queue/CMakeFiles/multicore_runner_queue.dir/C_/Users/agras/.pico-sdk/sdk/2.1.0/src/rp2_common/hardware_sync_spin_lock/sync_spin_lock.c.obj
                0x10000d70                spin_locks_reset
 .text.set_raw_irq_handler_and_unlock
                0x10000d8c       0x24 multicore/multicore_runner_queue/CMakeFiles/multicore_runner_queue.dir/C_/Users/agras/.pico-sdk/sdk/2.1.0/src/rp2_common/hardware_irq/irq.c.obj
 .text.nvic_ipr0
                0x10000db0        0x8 multicore/multicore_runner_queue/CMakeFiles/multicore_runner_queue.dir/C_/Users/agras/.pico-sdk/sdk/2.1.0/src/rp2_common/hardware_irq/irq.c.obj
 .text.runtime_init_per_core_irq_priorities
                0x10000db8       0x1a multicore/multicore_runner_queue/CMakeFiles/multicore_runner_queue.dir/C_/Users/agras/.pico-sdk/sdk/2.1.0/src/rp2_common/hardware_irq/irq.c.obj
                0x10000db8                runtime_init_per_core_irq_priorities
 *fill*         0x10000dd2        0x2 
 .text.resolve_j_16
                0x10000dd4       0x40 multicore/multicore_runner_queue/CMakeFiles/multicore_runner_queue.dir/C_/Users/agras/.pico-sdk/sdk/2.1.0/src/rp2_common/hardware_irq/irq.c.obj
 .text.make_j_16
                0x10000e14       0x3c multicore/multicore_runner_queue/CMakeFiles/multicore_runner_queue.dir/C_/Users/agras/.pico-sdk/sdk/2.1.0/src/rp2_common/hardware_irq/irq.c.obj
 .text.insert_bl_32
                0x10000e50       0x3c multicore/multicore_runner_queue/CMakeFiles/multicore_runner_queue.dir/C_/Users/agras/.pico-sdk/sdk/2.1.0/src/rp2_common/hardware_irq/irq.c.obj
 .text.irq_is_enabled
                0x10000e8c       0x20 multicore/multicore_runner_queue/CMakeFiles/multicore_runner_queue.dir/C_/Users/agras/.pico-sdk/sdk/2.1.0/src/rp2_common/hardware_irq/irq.c.obj
                0x10000e8c                irq_is_enabled
 .text.irq_set_mask_n_enabled
                0x10000eac       0x20 multicore/multicore_runner_queue/CMakeFiles/multicore_runner_queue.dir/C_/Users/agras/.pico-sdk/sdk/2.1.0/src/rp2_common/hardware_irq/irq.c.obj
                0x10000eac                irq_set_mask_n_enabled
 .text.irq_set_enabled
                0x10000ecc       0x14 multicore/multicore_runner_queue/CMakeFiles/multicore_runner_queue.dir/C_/Users/agras/.pico-sdk/sdk/2.1.0/src/rp2_common/hardware_irq/irq.c.obj
                0x10000ecc                irq_set_enabled
 .text.irq_get_vtable_handler
                0x10000ee0       0x10 multicore/multicore_runner_queue/CMakeFiles/multicore_runner_queue.dir/C_/Users/agras/.pico-sdk/sdk/2.1.0/src/rp2_common/hardware_irq/irq.c.obj
                0x10000ee0                irq_get_vtable_handler
 .text.irq_set_exclusive_handler
                0x10000ef0       0x60 multicore/multicore_runner_queue/CMakeFiles/multicore_runner_queue.dir/C_/Users/agras/.pico-sdk/sdk/2.1.0/src/rp2_common/hardware_irq/irq.c.obj
                0x10000ef0                irq_set_exclusive_handler
 .text.irq_remove_handler
                0x10000f50      0x178 multicore/multicore_runner_queue/CMakeFiles/multicore_runner_queue.dir/C_/Users/agras/.pico-sdk/sdk/2.1.0/src/rp2_common/hardware_irq/irq.c.obj
                0x10000f50                irq_remove_handler
 .text.irq_add_tail_to_free_list
                0x100010c8       0xf8 multicore/multicore_runner_queue/CMakeFiles/multicore_runner_queue.dir/C_/Users/agras/.pico-sdk/sdk/2.1.0/src/rp2_common/hardware_irq/irq.c.obj
                0x100010c8                irq_add_tail_to_free_list
 .text.element_ptr
                0x100011c0       0x2c multicore/multicore_runner_queue/CMakeFiles/multicore_runner_queue.dir/C_/Users/agras/.pico-sdk/sdk/2.1.0/src/common/pico_util/queue.c.obj
 .text.queue_add_internal
                0x100011ec       0x94 multicore/multicore_runner_queue/CMakeFiles/multicore_runner_queue.dir/C_/Users/agras/.pico-sdk/sdk/2.1.0/src/common/pico_util/queue.c.obj
 .text.queue_remove_internal
                0x10001280       0x94 multicore/multicore_runner_queue/CMakeFiles/multicore_runner_queue.dir/C_/Users/agras/.pico-sdk/sdk/2.1.0/src/common/pico_util/queue.c.obj
 .text.queue_init_with_spinlock
                0x10001314       0x24 multicore/multicore_runner_queue/CMakeFiles/multicore_runner_queue.dir/C_/Users/agras/.pico-sdk/sdk/2.1.0/src/common/pico_util/queue.c.obj
                0x10001314                queue_init_with_spinlock
 .text.queue_add_blocking
                0x10001338        0xa multicore/multicore_runner_queue/CMakeFiles/multicore_runner_queue.dir/C_/Users/agras/.pico-sdk/sdk/2.1.0/src/common/pico_util/queue.c.obj
                0x10001338                queue_add_blocking
 .text.queue_remove_blocking
                0x10001342        0xa multicore/multicore_runner_queue/CMakeFiles/multicore_runner_queue.dir/C_/Users/agras/.pico-sdk/sdk/2.1.0/src/common/pico_util/queue.c.obj
                0x10001342                queue_remove_blocking
 .text.gpio_set_function
                0x1000134c       0x38 multicore/multicore_runner_queue/CMakeFiles/multicore_runner_queue.dir/C_/Users/agras/.pico-sdk/sdk/2.1.0/src/rp2_common/hardware_gpio/gpio.c.obj
                0x1000134c                gpio_set_function
 .text.uart_unreset
                0x10001384       0x2c multicore/multicore_runner_queue/CMakeFiles/multicore_runner_queue.dir/C_/Users/agras/.pico-sdk/sdk/2.1.0/src/rp2_common/hardware_uart/uart.c.obj
 .text.uart_disable_before_lcr_write
                0x100013b0       0x40 multicore/multicore_runner_queue/CMakeFiles/multicore_runner_queue.dir/C_/Users/agras/.pico-sdk/sdk/2.1.0/src/rp2_common/hardware_uart/uart.c.obj
 .text.uart_write_lcr_bits_masked
                0x100013f0       0x1c multicore/multicore_runner_queue/CMakeFiles/multicore_runner_queue.dir/C_/Users/agras/.pico-sdk/sdk/2.1.0/src/rp2_common/hardware_uart/uart.c.obj
 .text.uart_set_baudrate
                0x1000140c       0x52 multicore/multicore_runner_queue/CMakeFiles/multicore_runner_queue.dir/C_/Users/agras/.pico-sdk/sdk/2.1.0/src/rp2_common/hardware_uart/uart.c.obj
                0x1000140c                uart_set_baudrate
 *fill*         0x1000145e        0x2 
 .text.uart_set_translate_crlf
                0x10001460       0x24 multicore/multicore_runner_queue/CMakeFiles/multicore_runner_queue.dir/C_/Users/agras/.pico-sdk/sdk/2.1.0/src/rp2_common/hardware_uart/uart.c.obj
                0x10001460                uart_set_translate_crlf
 .text.uart_init
                0x10001484       0x5c multicore/multicore_runner_queue/CMakeFiles/multicore_runner_queue.dir/C_/Users/agras/.pico-sdk/sdk/2.1.0/src/rp2_common/hardware_uart/uart.c.obj
                0x10001484                uart_init
 .text.clock_configure_internal
                0x100014e0       0xb8 multicore/multicore_runner_queue/CMakeFiles/multicore_runner_queue.dir/C_/Users/agras/.pico-sdk/sdk/2.1.0/src/rp2_common/hardware_clocks/clocks.c.obj
 .text.clock_configure_undivided
                0x10001598       0x12 multicore/multicore_runner_queue/CMakeFiles/multicore_runner_queue.dir/C_/Users/agras/.pico-sdk/sdk/2.1.0/src/rp2_common/hardware_clocks/clocks.c.obj
                0x10001598                clock_configure_undivided
 *fill*         0x100015aa        0x2 
 .text.clock_get_hz
                0x100015ac        0xc multicore/multicore_runner_queue/CMakeFiles/multicore_runner_queue.dir/C_/Users/agras/.pico-sdk/sdk/2.1.0/src/rp2_common/hardware_clocks/clocks.c.obj
                0x100015ac                clock_get_hz
 .text.pll_init
                0x100015b8      0x108 multicore/multicore_runner_queue/CMakeFiles/multicore_runner_queue.dir/C_/Users/agras/.pico-sdk/sdk/2.1.0/src/rp2_common/hardware_pll/pll.c.obj
                0x100015b8                pll_init
 .text.tick_start
                0x100016c0       0x1c multicore/multicore_runner_queue/CMakeFiles/multicore_runner_queue.dir/C_/Users/agras/.pico-sdk/sdk/2.1.0/src/rp2_common/hardware_ticks/ticks.c.obj
                0x100016c0                tick_start
 .text.rom_func_lookup
                0x100016dc       0x1e multicore/multicore_runner_queue/CMakeFiles/multicore_runner_queue.dir/C_/Users/agras/.pico-sdk/sdk/2.1.0/src/rp2_common/pico_bootrom/bootrom.c.obj
                0x100016dc                rom_func_lookup
 *fill*         0x100016fa        0x2 
 .text.runtime_init_bootrom_locking_enable
                0x100016fc       0x14 multicore/multicore_runner_queue/CMakeFiles/multicore_runner_queue.dir/C_/Users/agras/.pico-sdk/sdk/2.1.0/src/rp2_common/pico_bootrom/bootrom_lock.c.obj
                0x100016fc                runtime_init_bootrom_locking_enable
 .text.boot_locks_reset
                0x10001710       0x20 multicore/multicore_runner_queue/CMakeFiles/multicore_runner_queue.dir/C_/Users/agras/.pico-sdk/sdk/2.1.0/src/rp2_common/hardware_boot_lock/boot_lock.c.obj
                0x10001710                boot_locks_reset
 .text.runtime_init_boot_locks_reset
                0x10001730        0x8 multicore/multicore_runner_queue/CMakeFiles/multicore_runner_queue.dir/C_/Users/agras/.pico-sdk/sdk/2.1.0/src/rp2_common/hardware_boot_lock/boot_lock.c.obj
                0x10001730                runtime_init_boot_locks_reset
 .text.xosc_init
                0x10001738       0x28 multicore/multicore_runner_queue/CMakeFiles/multicore_runner_queue.dir/C_/Users/agras/.pico-sdk/sdk/2.1.0/src/rp2_common/hardware_xosc/xosc.c.obj
                0x10001738                xosc_init
 .text.runtime_run_initializers_from
                0x10001760       0x18 multicore/multicore_runner_queue/CMakeFiles/multicore_runner_queue.dir/C_/Users/agras/.pico-sdk/sdk/2.1.0/src/rp2_common/pico_runtime/runtime.c.obj
 .text.first_per_core_initializer
                0x10001778        0x2 multicore/multicore_runner_queue/CMakeFiles/multicore_runner_queue.dir/C_/Users/agras/.pico-sdk/sdk/2.1.0/src/rp2_common/pico_runtime/runtime.c.obj
 *fill*         0x1000177a        0x2 
 .text.runtime_run_initializers
                0x1000177c       0x10 multicore/multicore_runner_queue/CMakeFiles/multicore_runner_queue.dir/C_/Users/agras/.pico-sdk/sdk/2.1.0/src/rp2_common/pico_runtime/runtime.c.obj
                0x1000177c                runtime_run_initializers
 .text.runtime_run_per_core_initializers
                0x1000178c       0x10 multicore/multicore_runner_queue/CMakeFiles/multicore_runner_queue.dir/C_/Users/agras/.pico-sdk/sdk/2.1.0/src/rp2_common/pico_runtime/runtime.c.obj
                0x1000178c                runtime_run_per_core_initializers
 .text.runtime_init_early_resets
                0x1000179c       0x2c multicore/multicore_runner_queue/CMakeFiles/multicore_runner_queue.dir/C_/Users/agras/.pico-sdk/sdk/2.1.0/src/rp2_common/pico_runtime_init/runtime_init.c.obj
                0x1000179c                runtime_init_early_resets
 .text.runtime_init_usb_power_down
                0x100017c8       0x20 multicore/multicore_runner_queue/CMakeFiles/multicore_runner_queue.dir/C_/Users/agras/.pico-sdk/sdk/2.1.0/src/rp2_common/pico_runtime_init/runtime_init.c.obj
                0x100017c8                runtime_init_usb_power_down
 .text.runtime_init_per_core_enable_coprocessors
                0x100017e8       0x1c multicore/multicore_runner_queue/CMakeFiles/multicore_runner_queue.dir/C_/Users/agras/.pico-sdk/sdk/2.1.0/src/rp2_common/pico_runtime_init/runtime_init.c.obj
                0x100017e8                runtime_init_per_core_enable_coprocessors
 .text.runtime_init_post_clock_resets
                0x10001804       0x20 multicore/multicore_runner_queue/CMakeFiles/multicore_runner_queue.dir/C_/Users/agras/.pico-sdk/sdk/2.1.0/src/rp2_common/pico_runtime_init/runtime_init.c.obj
                0x10001804                runtime_init_post_clock_resets
 .text.runtime_init_bootrom_reset
                0x10001824       0x12 multicore/multicore_runner_queue/CMakeFiles/multicore_runner_queue.dir/C_/Users/agras/.pico-sdk/sdk/2.1.0/src/rp2_common/pico_runtime_init/runtime_init.c.obj
                0x10001824                runtime_init_bootrom_reset
 .text.runtime_init_per_core_bootrom_reset
                0x10001836       0x12 multicore/multicore_runner_queue/CMakeFiles/multicore_runner_queue.dir/C_/Users/agras/.pico-sdk/sdk/2.1.0/src/rp2_common/pico_runtime_init/runtime_init.c.obj
                0x10001836                runtime_init_per_core_bootrom_reset
 .text.runtime_init_spin_locks_reset
                0x10001848        0x8 multicore/multicore_runner_queue/CMakeFiles/multicore_runner_queue.dir/C_/Users/agras/.pico-sdk/sdk/2.1.0/src/rp2_common/pico_runtime_init/runtime_init.c.obj
                0x10001848                runtime_init_spin_locks_reset
 .text.runtime_init_install_ram_vector_table
                0x10001850       0x20 multicore/multicore_runner_queue/CMakeFiles/multicore_runner_queue.dir/C_/Users/agras/.pico-sdk/sdk/2.1.0/src/rp2_common/pico_runtime_init/runtime_init.c.obj
                0x10001850                runtime_init_install_ram_vector_table
 .text.start_all_ticks
                0x10001870       0x28 multicore/multicore_runner_queue/CMakeFiles/multicore_runner_queue.dir/C_/Users/agras/.pico-sdk/sdk/2.1.0/src/rp2_common/pico_runtime_init/runtime_init_clocks.c.obj
 .text.runtime_init_clocks
                0x10001898       0xc4 multicore/multicore_runner_queue/CMakeFiles/multicore_runner_queue.dir/C_/Users/agras/.pico-sdk/sdk/2.1.0/src/rp2_common/pico_runtime_init/runtime_init_clocks.c.obj
                0x10001898                runtime_init_clocks
 .text.__rp2350_dcp_engaged_state_save_restore
                0x1000195c       0x3a multicore/multicore_runner_queue/CMakeFiles/multicore_runner_queue.dir/C_/Users/agras/.pico-sdk/sdk/2.1.0/src/rp2_common/pico_double/double_aeabi_dcp.S.obj
 *fill*         0x10001996        0x2 
 .text.__wrap___aeabi_dadd
                0x10001998       0x28 multicore/multicore_runner_queue/CMakeFiles/multicore_runner_queue.dir/C_/Users/agras/.pico-sdk/sdk/2.1.0/src/rp2_common/pico_double/double_aeabi_dcp.S.obj
                0x100019a0                __wrap___aeabi_dadd
 .text.__wrap___aeabi_dsub
                0x100019c0       0x28 multicore/multicore_runner_queue/CMakeFiles/multicore_runner_queue.dir/C_/Users/agras/.pico-sdk/sdk/2.1.0/src/rp2_common/pico_double/double_aeabi_dcp.S.obj
                0x100019c8                __wrap___aeabi_dsub
 .text.__wrap___aeabi_dmul
                0x100019e8       0x4c multicore/multicore_runner_queue/CMakeFiles/multicore_runner_queue.dir/C_/Users/agras/.pico-sdk/sdk/2.1.0/src/rp2_common/pico_double/double_aeabi_dcp.S.obj
                0x100019f0                __wrap___aeabi_dmul
 .text.__wrap___aeabi_ddiv
                0x10001a34       0x9c multicore/multicore_runner_queue/CMakeFiles/multicore_runner_queue.dir/C_/Users/agras/.pico-sdk/sdk/2.1.0/src/rp2_common/pico_double/double_aeabi_dcp.S.obj
                0x10001a3c                __wrap___aeabi_ddiv
 .text.__wrap___aeabi_i2d
                0x10001ad0       0x24 multicore/multicore_runner_queue/CMakeFiles/multicore_runner_queue.dir/C_/Users/agras/.pico-sdk/sdk/2.1.0/src/rp2_common/pico_double/double_aeabi_dcp.S.obj
                0x10001ad8                __wrap___aeabi_i2d
 .text.__wrap___aeabi_ui2d
                0x10001af4       0x24 multicore/multicore_runner_queue/CMakeFiles/multicore_runner_queue.dir/C_/Users/agras/.pico-sdk/sdk/2.1.0/src/rp2_common/pico_double/double_aeabi_dcp.S.obj
                0x10001afc                __wrap___aeabi_ui2d
 .text.__wrap___aeabi_d2iz
                0x10001b18       0x24 multicore/multicore_runner_queue/CMakeFiles/multicore_runner_queue.dir/C_/Users/agras/.pico-sdk/sdk/2.1.0/src/rp2_common/pico_double/double_aeabi_dcp.S.obj
                0x10001b20                __wrap___aeabi_d2iz
 .text.__wrap___aeabi_d2uiz
                0x10001b3c       0x24 multicore/multicore_runner_queue/CMakeFiles/multicore_runner_queue.dir/C_/Users/agras/.pico-sdk/sdk/2.1.0/src/rp2_common/pico_double/double_aeabi_dcp.S.obj
                0x10001b44                __wrap___aeabi_d2uiz
 .text.__wrap___aeabi_dcmpun
                0x10001b60       0x24 multicore/multicore_runner_queue/CMakeFiles/multicore_runner_queue.dir/C_/Users/agras/.pico-sdk/sdk/2.1.0/src/rp2_common/pico_double/double_aeabi_dcp.S.obj
                0x10001b68                __wrap___aeabi_dcmpun
 .text.__wrap___aeabi_dcmplt
                0x10001b84       0x28 multicore/multicore_runner_queue/CMakeFiles/multicore_runner_queue.dir/C_/Users/agras/.pico-sdk/sdk/2.1.0/src/rp2_common/pico_double/double_aeabi_dcp.S.obj
                0x10001b8c                __wrap___aeabi_dcmplt
 .text.__wrap___aeabi_dcmple
                0x10001bac       0x28 multicore/multicore_runner_queue/CMakeFiles/multicore_runner_queue.dir/C_/Users/agras/.pico-sdk/sdk/2.1.0/src/rp2_common/pico_double/double_aeabi_dcp.S.obj
                0x10001bb4                __wrap___aeabi_dcmple
 .text.__wrap___aeabi_dcmpge
                0x10001bd4       0x28 multicore/multicore_runner_queue/CMakeFiles/multicore_runner_queue.dir/C_/Users/agras/.pico-sdk/sdk/2.1.0/src/rp2_common/pico_double/double_aeabi_dcp.S.obj
                0x10001bdc                __wrap___aeabi_dcmpge
 .text.__wrap___aeabi_dcmpgt
                0x10001bfc       0x28 multicore/multicore_runner_queue/CMakeFiles/multicore_runner_queue.dir/C_/Users/agras/.pico-sdk/sdk/2.1.0/src/rp2_common/pico_double/double_aeabi_dcp.S.obj
                0x10001c04                __wrap___aeabi_dcmpgt
 .text.check_alloc
                0x10001c24       0x20 multicore/multicore_runner_queue/CMakeFiles/multicore_runner_queue.dir/C_/Users/agras/.pico-sdk/sdk/2.1.0/src/rp2_common/pico_malloc/malloc.c.obj
 .text.__wrap_calloc
                0x10001c44       0x30 multicore/multicore_runner_queue/CMakeFiles/multicore_runner_queue.dir/C_/Users/agras/.pico-sdk/sdk/2.1.0/src/rp2_common/pico_malloc/malloc.c.obj
                0x10001c44                __wrap_calloc
 .text._out_null
                0x10001c74        0x2 multicore/multicore_runner_queue/CMakeFiles/multicore_runner_queue.dir/C_/Users/agras/.pico-sdk/sdk/2.1.0/src/rp2_common/pico_printf/printf.c.obj
 .text._out_fct
                0x10001c76        0xe multicore/multicore_runner_queue/CMakeFiles/multicore_runner_queue.dir/C_/Users/agras/.pico-sdk/sdk/2.1.0/src/rp2_common/pico_printf/printf.c.obj
 .text._atoi    0x10001c84       0x26 multicore/multicore_runner_queue/CMakeFiles/multicore_runner_queue.dir/C_/Users/agras/.pico-sdk/sdk/2.1.0/src/rp2_common/pico_printf/printf.c.obj
 .text._out_rev
                0x10001caa       0x7e multicore/multicore_runner_queue/CMakeFiles/multicore_runner_queue.dir/C_/Users/agras/.pico-sdk/sdk/2.1.0/src/rp2_common/pico_printf/printf.c.obj
 .text._ntoa_format
                0x10001d28      0x136 multicore/multicore_runner_queue/CMakeFiles/multicore_runner_queue.dir/C_/Users/agras/.pico-sdk/sdk/2.1.0/src/rp2_common/pico_printf/printf.c.obj
 .text._ntoa_long
                0x10001e5e       0x94 multicore/multicore_runner_queue/CMakeFiles/multicore_runner_queue.dir/C_/Users/agras/.pico-sdk/sdk/2.1.0/src/rp2_common/pico_printf/printf.c.obj
 .text._ntoa_long_long
                0x10001ef2       0xc2 multicore/multicore_runner_queue/CMakeFiles/multicore_runner_queue.dir/C_/Users/agras/.pico-sdk/sdk/2.1.0/src/rp2_common/pico_printf/printf.c.obj
 *fill*         0x10001fb4        0x4 
 .text._etoa    0x10001fb8      0x41c multicore/multicore_runner_queue/CMakeFiles/multicore_runner_queue.dir/C_/Users/agras/.pico-sdk/sdk/2.1.0/src/rp2_common/pico_printf/printf.c.obj
 *fill*         0x100023d4        0x4 
 .text._ftoa    0x100023d8      0x398 multicore/multicore_runner_queue/CMakeFiles/multicore_runner_queue.dir/C_/Users/agras/.pico-sdk/sdk/2.1.0/src/rp2_common/pico_printf/printf.c.obj
 .text._vsnprintf
                0x10002770      0x6d0 multicore/multicore_runner_queue/CMakeFiles/multicore_runner_queue.dir/C_/Users/agras/.pico-sdk/sdk/2.1.0/src/rp2_common/pico_printf/printf.c.obj
 .text.vfctprintf
                0x10002e40       0x24 multicore/multicore_runner_queue/CMakeFiles/multicore_runner_queue.dir/C_/Users/agras/.pico-sdk/sdk/2.1.0/src/rp2_common/pico_printf/printf.c.obj
                0x10002e40                vfctprintf
 .text._exit    0x10002e64        0x4 multicore/multicore_runner_queue/CMakeFiles/multicore_runner_queue.dir/C_/Users/agras/.pico-sdk/sdk/2.1.0/src/rp2_common/pico_clib_interface/newlib_interface.c.obj
                0x10002e64                _exit
 .text._sbrk    0x10002e68       0x34 multicore/multicore_runner_queue/CMakeFiles/multicore_runner_queue.dir/C_/Users/agras/.pico-sdk/sdk/2.1.0/src/rp2_common/pico_clib_interface/newlib_interface.c.obj
                0x10002e68                _sbrk
 .text.exit     0x10002e9c        0x6 multicore/multicore_runner_queue/CMakeFiles/multicore_runner_queue.dir/C_/Users/agras/.pico-sdk/sdk/2.1.0/src/rp2_common/pico_clib_interface/newlib_interface.c.obj
                0x10002e9c                exit
 *fill*         0x10002ea2        0x2 
 .text.__assert_func
                0x10002ea4       0x34 multicore/multicore_runner_queue/CMakeFiles/multicore_runner_queue.dir/C_/Users/agras/.pico-sdk/sdk/2.1.0/src/rp2_common/pico_clib_interface/newlib_interface.c.obj
                0x10002ea4                __assert_func
 .text.runtime_init
                0x10002ed8       0x2c multicore/multicore_runner_queue/CMakeFiles/multicore_runner_queue.dir/C_/Users/agras/.pico-sdk/sdk/2.1.0/src/rp2_common/pico_clib_interface/newlib_interface.c.obj
                0x10002ed8                runtime_init
 .text.stdio_out_chars_no_crlf
                0x10002f04        0xe multicore/multicore_runner_queue/CMakeFiles/multicore_runner_queue.dir/C_/Users/agras/.pico-sdk/sdk/2.1.0/src/rp2_common/pico_stdio/stdio.c.obj
 *fill*         0x10002f12        0x2 
 .text.stdio_out_chars_crlf
                0x10002f14       0x80 multicore/multicore_runner_queue/CMakeFiles/multicore_runner_queue.dir/C_/Users/agras/.pico-sdk/sdk/2.1.0/src/rp2_common/pico_stdio/stdio.c.obj
 .text.stdio_stack_buffer_flush
                0x10002f94       0x40 multicore/multicore_runner_queue/CMakeFiles/multicore_runner_queue.dir/C_/Users/agras/.pico-sdk/sdk/2.1.0/src/rp2_common/pico_stdio/stdio.c.obj
 .text.stdio_buffered_printer
                0x10002fd4       0x20 multicore/multicore_runner_queue/CMakeFiles/multicore_runner_queue.dir/C_/Users/agras/.pico-sdk/sdk/2.1.0/src/rp2_common/pico_stdio/stdio.c.obj
 .text.stdout_serialize_begin
                0x10002ff4       0x2c multicore/multicore_runner_queue/CMakeFiles/multicore_runner_queue.dir/C_/Users/agras/.pico-sdk/sdk/2.1.0/src/rp2_common/pico_stdio/stdio.c.obj
                0x10002ff4                stdout_serialize_begin
 .text.stdout_serialize_end
                0x10003020       0x10 multicore/multicore_runner_queue/CMakeFiles/multicore_runner_queue.dir/C_/Users/agras/.pico-sdk/sdk/2.1.0/src/rp2_common/pico_stdio/stdio.c.obj
                0x10003020                stdout_serialize_end
 .text.stdio_put_string
                0x10003030       0x8c multicore/multicore_runner_queue/CMakeFiles/multicore_runner_queue.dir/C_/Users/agras/.pico-sdk/sdk/2.1.0/src/rp2_common/pico_stdio/stdio.c.obj
                0x10003030                stdio_put_string
 .text.stdio_set_driver_enabled
                0x100030bc       0x28 multicore/multicore_runner_queue/CMakeFiles/multicore_runner_queue.dir/C_/Users/agras/.pico-sdk/sdk/2.1.0/src/rp2_common/pico_stdio/stdio.c.obj
                0x100030bc                stdio_set_driver_enabled
 .text.stdio_flush
                0x100030e4       0x1c multicore/multicore_runner_queue/CMakeFiles/multicore_runner_queue.dir/C_/Users/agras/.pico-sdk/sdk/2.1.0/src/rp2_common/pico_stdio/stdio.c.obj
                0x100030e4                stdio_flush
 .text.stdio_init_all
                0x10003100        0xa multicore/multicore_runner_queue/CMakeFiles/multicore_runner_queue.dir/C_/Users/agras/.pico-sdk/sdk/2.1.0/src/rp2_common/pico_stdio/stdio.c.obj
                0x10003100                stdio_init_all
 .text.__wrap_puts
                0x1000310a       0x1e multicore/multicore_runner_queue/CMakeFiles/multicore_runner_queue.dir/C_/Users/agras/.pico-sdk/sdk/2.1.0/src/rp2_common/pico_stdio/stdio.c.obj
                0x1000310a                stdio_puts
                0x1000310a                __wrap_puts
 .text.__wrap_vprintf
                0x10003128       0x3c multicore/multicore_runner_queue/CMakeFiles/multicore_runner_queue.dir/C_/Users/agras/.pico-sdk/sdk/2.1.0/src/rp2_common/pico_stdio/stdio.c.obj
                0x10003128                stdio_vprintf
                0x10003128                __wrap_vprintf
 .text.__wrap_printf
                0x10003164       0x1c multicore/multicore_runner_queue/CMakeFiles/multicore_runner_queue.dir/C_/Users/agras/.pico-sdk/sdk/2.1.0/src/rp2_common/pico_stdio/stdio.c.obj
                0x10003164                __wrap_printf
                0x10003164                stdio_printf
 .text.uart_putc
                0x10003180       0x70 multicore/multicore_runner_queue/CMakeFiles/multicore_runner_queue.dir/C_/Users/agras/.pico-sdk/sdk/2.1.0/src/rp2_common/pico_stdio_uart/stdio_uart.c.obj
 .text.uart_getc
                0x100031f0       0x30 multicore/multicore_runner_queue/CMakeFiles/multicore_runner_queue.dir/C_/Users/agras/.pico-sdk/sdk/2.1.0/src/rp2_common/pico_stdio_uart/stdio_uart.c.obj
 .text.stdio_uart_out_chars
                0x10003220       0x20 multicore/multicore_runner_queue/CMakeFiles/multicore_runner_queue.dir/C_/Users/agras/.pico-sdk/sdk/2.1.0/src/rp2_common/pico_stdio_uart/stdio_uart.c.obj
 .text.stdio_uart_in_chars
                0x10003240       0x54 multicore/multicore_runner_queue/CMakeFiles/multicore_runner_queue.dir/C_/Users/agras/.pico-sdk/sdk/2.1.0/src/rp2_common/pico_stdio_uart/stdio_uart.c.obj
                0x10003240                stdio_uart_in_chars
 .text.on_uart_rx
                0x10003294       0x24 multicore/multicore_runner_queue/CMakeFiles/multicore_runner_queue.dir/C_/Users/agras/.pico-sdk/sdk/2.1.0/src/rp2_common/pico_stdio_uart/stdio_uart.c.obj
 .text.stdio_uart_out_flush
                0x100032b8       0x14 multicore/multicore_runner_queue/CMakeFiles/multicore_runner_queue.dir/C_/Users/agras/.pico-sdk/sdk/2.1.0/src/rp2_common/pico_stdio_uart/stdio_uart.c.obj
 .text.stdio_uart_set_chars_available_callback
                0x100032cc       0x84 multicore/multicore_runner_queue/CMakeFiles/multicore_runner_queue.dir/C_/Users/agras/.pico-sdk/sdk/2.1.0/src/rp2_common/pico_stdio_uart/stdio_uart.c.obj
 .text.stdio_uart_init_full
                0x10003350       0x50 multicore/multicore_runner_queue/CMakeFiles/multicore_runner_queue.dir/C_/Users/agras/.pico-sdk/sdk/2.1.0/src/rp2_common/pico_stdio_uart/stdio_uart.c.obj
                0x10003350                stdio_uart_init_full
 .text.stdio_uart_init
                0x100033a0       0x30 multicore/multicore_runner_queue/CMakeFiles/multicore_runner_queue.dir/C_/Users/agras/.pico-sdk/sdk/2.1.0/src/rp2_common/pico_stdio_uart/stdio_uart.c.obj
                0x100033a0                stdio_uart_init
 .text.calloc   0x100033d0       0x10 C:/Users/agras/.pico-sdk/toolchain/13_3_Rel1/bin/../lib/gcc/arm-none-eabi/13.3.1/thumb/v8-m.main+fp/softfp\libg.a(libc_a-calloc.o)
                0x100033d0                calloc
 .text._calloc_r
                0x100033e0       0x70 C:/Users/agras/.pico-sdk/toolchain/13_3_Rel1/bin/../lib/gcc/arm-none-eabi/13.3.1/thumb/v8-m.main+fp/softfp\libg.a(libc_a-callocr.o)
                0x100033e0                _calloc_r
 .text._malloc_r
                0x10003450      0x554 C:/Users/agras/.pico-sdk/toolchain/13_3_Rel1/bin/../lib/gcc/arm-none-eabi/13.3.1/thumb/v8-m.main+fp/softfp\libg.a(libc_a-mallocr.o)
                0x10003450                _malloc_r
 .text.__malloc_lock
                0x100039a4        0xc C:/Users/agras/.pico-sdk/toolchain/13_3_Rel1/bin/../lib/gcc/arm-none-eabi/13.3.1/thumb/v8-m.main+fp/softfp\libg.a(libc_a-mlock.o)
                0x100039a4                __malloc_lock
 .text.__malloc_unlock
                0x100039b0        0xc C:/Users/agras/.pico-sdk/toolchain/13_3_Rel1/bin/../lib/gcc/arm-none-eabi/13.3.1/thumb/v8-m.main+fp/softfp\libg.a(libc_a-mlock.o)
                0x100039b0                __malloc_unlock
 .text.memset   0x100039bc       0xa4 C:/Users/agras/.pico-sdk/toolchain/13_3_Rel1/bin/../lib/gcc/arm-none-eabi/13.3.1/thumb/v8-m.main+fp/softfp\libg.a(libc_a-memset.o)
                0x100039bc                memset
 .text._sbrk_r  0x10003a60       0x24 C:/Users/agras/.pico-sdk/toolchain/13_3_Rel1/bin/../lib/gcc/arm-none-eabi/13.3.1/thumb/v8-m.main+fp/softfp\libg.a(libc_a-sbrkr.o)
                0x10003a60                _sbrk_r
 .text.__errno  0x10003a84        0xc C:/Users/agras/.pico-sdk/toolchain/13_3_Rel1/bin/../lib/gcc/arm-none-eabi/13.3.1/thumb/v8-m.main+fp/softfp\libg.a(libc_a-errno.o)
                0x10003a84                __errno
 .text.__retarget_lock_acquire_recursive
                0x10003a90        0x4 C:/Users/agras/.pico-sdk/toolchain/13_3_Rel1/bin/../lib/gcc/arm-none-eabi/13.3.1/thumb/v8-m.main+fp/softfp\libg.a(libc_a-lock.o)
                0x10003a90                __retarget_lock_acquire_recursive
 .text.__retarget_lock_release_recursive
                0x10003a94        0x4 C:/Users/agras/.pico-sdk/toolchain/13_3_Rel1/bin/../lib/gcc/arm-none-eabi/13.3.1/thumb/v8-m.main+fp/softfp\libg.a(libc_a-lock.o)
                0x10003a94                __retarget_lock_release_recursive
 .text.sysconf  0x10003a98       0x1c C:/Users/agras/.pico-sdk/toolchain/13_3_Rel1/bin/../lib/gcc/arm-none-eabi/13.3.1/thumb/v8-m.main+fp/softfp\libg.a(libc_a-sysconf.o)
                0x10003a98                sysconf
 .text          0x10003ab4       0xec C:/Users/agras/.pico-sdk/toolchain/13_3_Rel1/bin/../lib/gcc/arm-none-eabi/13.3.1/thumb/v8-m.main+fp/softfp\libg.a(libc_a-memcpy.o)
                0x10003ab4                memcpy
 .text.strlen   0x10003ba0       0x5c C:/Users/agras/.pico-sdk/toolchain/13_3_Rel1/bin/../lib/gcc/arm-none-eabi/13.3.1/thumb/v8-m.main+fp/softfp\libg.a(libc_a-strlen-stub.o)
                0x10003ba0                strlen
 .text._malloc_trim_r
                0x10003bfc       0xb8 C:/Users/agras/.pico-sdk/toolchain/13_3_Rel1/bin/../lib/gcc/arm-none-eabi/13.3.1/thumb/v8-m.main+fp/softfp\libg.a(libc_a-freer.o)
                0x10003bfc                _malloc_trim_r
 .text._free_r  0x10003cb4      0x1f8 C:/Users/agras/.pico-sdk/toolchain/13_3_Rel1/bin/../lib/gcc/arm-none-eabi/13.3.1/thumb/v8-m.main+fp/softfp\libg.a(libc_a-freer.o)
                0x10003cb4                _free_r
 *(.fini)
 .fini          0x10003eac        0x4 C:/Users/agras/.pico-sdk/toolchain/13_3_Rel1/bin/../lib/gcc/arm-none-eabi/13.3.1/thumb/v8-m.main+fp/softfp/crti.o
                0x10003eac                _fini
 .fini.__stub   0x10003eb0       0x20 linker stubs
 *crtbegin.o(.ctors)
 *crtbegin?.o(.ctors)
 *(EXCLUDE_FILE(*crtend.o *crtend?.o) .ctors)
 *(SORT_BY_NAME(.ctors.*))
 *(.ctors)
 *crtbegin.o(.dtors)
 *crtbegin?.o(.dtors)
 *(EXCLUDE_FILE(*crtend.o *crtend?.o) .dtors)
 *(SORT_BY_NAME(.dtors.*))
 *(.dtors)
                0x10003ed0                        . = ALIGN (0x4)
                0x10003ed0                        PROVIDE (__preinit_array_start = .)
 *(SORT_BY_NAME(.preinit_array.*))
 .preinit_array.00050
                0x10003ed0        0x4 multicore/multicore_runner_queue/CMakeFiles/multicore_runner_queue.dir/C_/Users/agras/.pico-sdk/sdk/2.1.0/src/rp2_common/pico_runtime_init/runtime_init.c.obj
                0x10003ed0                __pre_init_runtime_init_bootrom_reset
 .preinit_array.00100
                0x10003ed4        0x4 multicore/multicore_runner_queue/CMakeFiles/multicore_runner_queue.dir/C_/Users/agras/.pico-sdk/sdk/2.1.0/src/rp2_common/pico_runtime_init/runtime_init.c.obj
                0x10003ed4                __pre_init_runtime_init_early_resets
 .preinit_array.00101
                0x10003ed8        0x4 multicore/multicore_runner_queue/CMakeFiles/multicore_runner_queue.dir/C_/Users/agras/.pico-sdk/sdk/2.1.0/src/rp2_common/pico_runtime_init/runtime_init.c.obj
                0x10003ed8                __pre_init_runtime_init_usb_power_down
 .preinit_array.00500
                0x10003edc        0x4 multicore/multicore_runner_queue/CMakeFiles/multicore_runner_queue.dir/C_/Users/agras/.pico-sdk/sdk/2.1.0/src/rp2_common/pico_runtime_init/runtime_init.c.obj
                0x10003edc                __pre_init_runtime_init_clocks
 .preinit_array.00600
                0x10003ee0        0x4 multicore/multicore_runner_queue/CMakeFiles/multicore_runner_queue.dir/C_/Users/agras/.pico-sdk/sdk/2.1.0/src/rp2_common/pico_runtime_init/runtime_init.c.obj
                0x10003ee0                __pre_init_runtime_init_post_clock_resets
 .preinit_array.01000
                0x10003ee4        0x4 multicore/multicore_runner_queue/CMakeFiles/multicore_runner_queue.dir/C_/Users/agras/.pico-sdk/sdk/2.1.0/src/rp2_common/hardware_boot_lock/boot_lock.c.obj
                0x10003ee4                __pre_init_runtime_init_boot_locks_reset
 .preinit_array.01000
                0x10003ee8        0x4 multicore/multicore_runner_queue/CMakeFiles/multicore_runner_queue.dir/C_/Users/agras/.pico-sdk/sdk/2.1.0/src/rp2_common/pico_runtime_init/runtime_init.c.obj
                0x10003ee8                __pre_init_runtime_init_spin_locks_reset
 .preinit_array.01010
                0x10003eec        0x4 multicore/multicore_runner_queue/CMakeFiles/multicore_runner_queue.dir/C_/Users/agras/.pico-sdk/sdk/2.1.0/src/rp2_common/pico_bootrom/bootrom_lock.c.obj
                0x10003eec                __pre_init_runtime_init_bootrom_locking_enable
 .preinit_array.01100
                0x10003ef0        0x4 multicore/multicore_runner_queue/CMakeFiles/multicore_runner_queue.dir/C_/Users/agras/.pico-sdk/sdk/2.1.0/src/common/pico_sync/mutex.c.obj
                0x10003ef0                __pre_init_runtime_init_mutex
 .preinit_array.10080
                0x10003ef4        0x4 multicore/multicore_runner_queue/CMakeFiles/multicore_runner_queue.dir/C_/Users/agras/.pico-sdk/sdk/2.1.0/src/rp2_common/pico_runtime_init/runtime_init.c.obj
                0x10003ef4                __pre_init_runtime_init_install_ram_vector_table
 .preinit_array.11000
                0x10003ef8        0x4 multicore/multicore_runner_queue/CMakeFiles/multicore_runner_queue.dir/C_/Users/agras/.pico-sdk/sdk/2.1.0/src/common/pico_time/time.c.obj
                0x10003ef8                __pre_init_runtime_init_default_alarm_pool
 .preinit_array.YYYYY
                0x10003efc        0x4 multicore/multicore_runner_queue/CMakeFiles/multicore_runner_queue.dir/C_/Users/agras/.pico-sdk/sdk/2.1.0/src/rp2_common/pico_runtime/runtime.c.obj
                0x10003efc                __pre_init_first_per_core_initializer
 .preinit_array.ZZZZZ.00051
                0x10003f00        0x4 multicore/multicore_runner_queue/CMakeFiles/multicore_runner_queue.dir/C_/Users/agras/.pico-sdk/sdk/2.1.0/src/rp2_common/pico_runtime_init/runtime_init.c.obj
                0x10003f00                __pre_init_runtime_init_per_core_bootrom_reset
 .preinit_array.ZZZZZ.00200
                0x10003f04        0x4 multicore/multicore_runner_queue/CMakeFiles/multicore_runner_queue.dir/C_/Users/agras/.pico-sdk/sdk/2.1.0/src/rp2_common/pico_runtime_init/runtime_init.c.obj
                0x10003f04                __pre_init_runtime_init_per_core_enable_coprocessors
 .preinit_array.ZZZZZ.01000
                0x10003f08        0x4 multicore/multicore_runner_queue/CMakeFiles/multicore_runner_queue.dir/C_/Users/agras/.pico-sdk/sdk/2.1.0/src/rp2_common/hardware_sync_spin_lock/sync_spin_lock.c.obj
                0x10003f08                __pre_init_spinlock_set_extexclall
 .preinit_array.ZZZZZ.01200
                0x10003f0c        0x4 multicore/multicore_runner_queue/CMakeFiles/multicore_runner_queue.dir/C_/Users/agras/.pico-sdk/sdk/2.1.0/src/rp2_common/hardware_irq/irq.c.obj
                0x10003f0c                __pre_init_runtime_init_per_core_irq_priorities
 *(.preinit_array)
                0x10003f10                        PROVIDE (__preinit_array_end = .)
                0x10003f10                        . = ALIGN (0x4)
                0x10003f10                        PROVIDE (__init_array_start = .)
 *(SORT_BY_NAME(.init_array.*))
 *(.init_array)
 .init_array    0x10003f10        0x4 C:/Users/agras/.pico-sdk/toolchain/13_3_Rel1/bin/../lib/gcc/arm-none-eabi/13.3.1/thumb/v8-m.main+fp/softfp/crtbegin.o
                0x10003f14                        PROVIDE (__init_array_end = .)
                0x10003f14                        . = ALIGN (0x4)
                [!provide]                        PROVIDE (__fini_array_start = .)
 *(SORT_BY_NAME(.fini_array.*))
 *(.fini_array)
                [!provide]                        PROVIDE (__fini_array_end = .)
 *(.eh_frame*)
 .eh_frame      0x10003f14        0x0 C:/Users/agras/.pico-sdk/toolchain/13_3_Rel1/bin/../lib/gcc/arm-none-eabi/13.3.1/thumb/v8-m.main+fp/softfp/crtbegin.o
                0x10003f14                        . = ALIGN (0x4)

.glue_7         0x10003f14        0x0
 .glue_7        0x10003f14        0x0 linker stubs

.glue_7t        0x10003f14        0x0
 .glue_7t       0x10003f14        0x0 linker stubs

.vfp11_veneer   0x10003f14        0x0
 .vfp11_veneer  0x10003f14        0x0 linker stubs

.v4_bx          0x10003f14        0x0
 .v4_bx         0x10003f14        0x0 linker stubs

.iplt           0x10003f14        0x0
 .iplt          0x10003f14        0x0 C:/Users/agras/.pico-sdk/toolchain/13_3_Rel1/bin/../lib/gcc/arm-none-eabi/13.3.1/thumb/v8-m.main+fp/softfp/crtbegin.o

.boot2          0x10003f14        0x0
                0x10003f14                        __boot2_start__ = .
 *(.boot2)
                0x10003f14                        __boot2_end__ = .
                0x00000001                        ASSERT (((__boot2_end__ - __boot2_start__) <= 0x100), ERROR: Pico second stage bootloader must be no more than 256 bytes in size)

.rodata         0x10003f18      0x848
 *(EXCLUDE_FILE(*libm.a: *libc.a:*lib_a-mem*.o *libgcc.a:) .rodata*)
 .rodata.main.str1.4
                0x10003f18      0x650 multicore/multicore_runner_queue/CMakeFiles/multicore_runner_queue.dir/multicore_runner_queue.c.obj
                                 0x50 (size before relaxing)
 .rodata        0x10004568        0x8 multicore/multicore_runner_queue/CMakeFiles/multicore_runner_queue.dir/multicore_runner_queue.c.obj
 .rodata.multicore_lockout_start_block_until.str1.4
                0x10004570       0x65 multicore/multicore_runner_queue/CMakeFiles/multicore_runner_queue.dir/C_/Users/agras/.pico-sdk/sdk/2.1.0/src/rp2_common/pico_multicore/multicore.c.obj
 .rodata.multicore_launch_core1_with_stack.str1.4
                0x10004570       0x19 multicore/multicore_runner_queue/CMakeFiles/multicore_runner_queue.dir/C_/Users/agras/.pico-sdk/sdk/2.1.0/src/rp2_common/pico_multicore/multicore.c.obj
 .rodata.__func__.3
                0x10004570       0x22 multicore/multicore_runner_queue/CMakeFiles/multicore_runner_queue.dir/C_/Users/agras/.pico-sdk/sdk/2.1.0/src/rp2_common/pico_multicore/multicore.c.obj
 .rodata.runtime_init_mutex.str1.4
                0x10004592       0x60 multicore/multicore_runner_queue/CMakeFiles/multicore_runner_queue.dir/C_/Users/agras/.pico-sdk/sdk/2.1.0/src/common/pico_sync/mutex.c.obj
 .rodata.str1.4
                0x10004592       0x51 multicore/multicore_runner_queue/CMakeFiles/multicore_runner_queue.dir/C_/Users/agras/.pico-sdk/sdk/2.1.0/src/common/pico_sync/mutex.c.obj
 *fill*         0x10004592        0x2 
 .rodata.__func__.1
                0x10004594        0xb multicore/multicore_runner_queue/CMakeFiles/multicore_runner_queue.dir/C_/Users/agras/.pico-sdk/sdk/2.1.0/src/common/pico_sync/mutex.c.obj
 *fill*         0x1000459f        0x1 
 .rodata.__func__.3
                0x100045a0       0x18 multicore/multicore_runner_queue/CMakeFiles/multicore_runner_queue.dir/C_/Users/agras/.pico-sdk/sdk/2.1.0/src/common/pico_sync/mutex.c.obj
 .rodata.__func__.6
                0x100045b8       0x13 multicore/multicore_runner_queue/CMakeFiles/multicore_runner_queue.dir/C_/Users/agras/.pico-sdk/sdk/2.1.0/src/common/pico_sync/mutex.c.obj
 .rodata.alarm_pool_irq_handler.str1.4
                0x100045cb       0x6b multicore/multicore_runner_queue/CMakeFiles/multicore_runner_queue.dir/C_/Users/agras/.pico-sdk/sdk/2.1.0/src/common/pico_time/time.c.obj
 .rodata.alarm_pool_get_default.str1.4
                0x100045cb       0x21 multicore/multicore_runner_queue/CMakeFiles/multicore_runner_queue.dir/C_/Users/agras/.pico-sdk/sdk/2.1.0/src/common/pico_time/time.c.obj
 *fill*         0x100045cb        0x1 
 .rodata.__func__.1
                0x100045cc       0x17 multicore/multicore_runner_queue/CMakeFiles/multicore_runner_queue.dir/C_/Users/agras/.pico-sdk/sdk/2.1.0/src/common/pico_time/time.c.obj
 *fill*         0x100045e3        0x1 
 .rodata.__func__.2
                0x100045e4       0x17 multicore/multicore_runner_queue/CMakeFiles/multicore_runner_queue.dir/C_/Users/agras/.pico-sdk/sdk/2.1.0/src/common/pico_time/time.c.obj
 .rodata.timer_hardware_alarm_claim.str1.4
                0x100045fb       0x22 multicore/multicore_runner_queue/CMakeFiles/multicore_runner_queue.dir/C_/Users/agras/.pico-sdk/sdk/2.1.0/src/rp2_common/hardware_timer/timer.c.obj
 .rodata.panic.str1.4
                0x100045fb       0x12 multicore/multicore_runner_queue/CMakeFiles/multicore_runner_queue.dir/C_/Users/agras/.pico-sdk/sdk/2.1.0/src/rp2_common/pico_platform_panic/panic.c.obj
 .rodata.resolve_j_16.str1.4
                0x100045fb       0x5d multicore/multicore_runner_queue/CMakeFiles/multicore_runner_queue.dir/C_/Users/agras/.pico-sdk/sdk/2.1.0/src/rp2_common/hardware_irq/irq.c.obj
 .rodata.make_j_16.str1.4
                0x100045fb       0x30 multicore/multicore_runner_queue/CMakeFiles/multicore_runner_queue.dir/C_/Users/agras/.pico-sdk/sdk/2.1.0/src/rp2_common/hardware_irq/irq.c.obj
 .rodata.insert_bl_32.str1.4
                0x100045fb       0x10 multicore/multicore_runner_queue/CMakeFiles/multicore_runner_queue.dir/C_/Users/agras/.pico-sdk/sdk/2.1.0/src/rp2_common/hardware_irq/irq.c.obj
 .rodata.irq_set_exclusive_handler.str1.4
                0x100045fb       0x36 multicore/multicore_runner_queue/CMakeFiles/multicore_runner_queue.dir/C_/Users/agras/.pico-sdk/sdk/2.1.0/src/rp2_common/hardware_irq/irq.c.obj
 .rodata.irq_remove_handler.str1.4
                0x100045fb       0x3a multicore/multicore_runner_queue/CMakeFiles/multicore_runner_queue.dir/C_/Users/agras/.pico-sdk/sdk/2.1.0/src/rp2_common/hardware_irq/irq.c.obj
 .rodata.irq_add_tail_to_free_list.str1.4
                0x100045fb       0x3a multicore/multicore_runner_queue/CMakeFiles/multicore_runner_queue.dir/C_/Users/agras/.pico-sdk/sdk/2.1.0/src/rp2_common/hardware_irq/irq.c.obj
 *fill*         0x100045fb        0x1 
 .rodata.__func__.0
                0x100045fc       0x1a multicore/multicore_runner_queue/CMakeFiles/multicore_runner_queue.dir/C_/Users/agras/.pico-sdk/sdk/2.1.0/src/rp2_common/hardware_irq/irq.c.obj
 *fill*         0x10004616        0x2 
 .rodata.__func__.1
                0x10004618        0xd multicore/multicore_runner_queue/CMakeFiles/multicore_runner_queue.dir/C_/Users/agras/.pico-sdk/sdk/2.1.0/src/rp2_common/hardware_irq/irq.c.obj
 *fill*         0x10004625        0x3 
 .rodata.__func__.2
                0x10004628       0x13 multicore/multicore_runner_queue/CMakeFiles/multicore_runner_queue.dir/C_/Users/agras/.pico-sdk/sdk/2.1.0/src/rp2_common/hardware_irq/irq.c.obj
 *fill*         0x1000463b        0x1 
 .rodata.__func__.3
                0x1000463c        0xa multicore/multicore_runner_queue/CMakeFiles/multicore_runner_queue.dir/C_/Users/agras/.pico-sdk/sdk/2.1.0/src/rp2_common/hardware_irq/irq.c.obj
 *fill*         0x10004646        0x2 
 .rodata.__func__.4
                0x10004648        0xd multicore/multicore_runner_queue/CMakeFiles/multicore_runner_queue.dir/C_/Users/agras/.pico-sdk/sdk/2.1.0/src/rp2_common/hardware_irq/irq.c.obj
 *fill*         0x10004655        0x3 
 .rodata.__func__.6
                0x10004658       0x1a multicore/multicore_runner_queue/CMakeFiles/multicore_runner_queue.dir/C_/Users/agras/.pico-sdk/sdk/2.1.0/src/rp2_common/hardware_irq/irq.c.obj
 .rodata.element_ptr.str1.4
                0x10004672       0x5c multicore/multicore_runner_queue/CMakeFiles/multicore_runner_queue.dir/C_/Users/agras/.pico-sdk/sdk/2.1.0/src/common/pico_util/queue.c.obj
 *fill*         0x10004672        0x2 
 .rodata.__func__.0
                0x10004674        0xc multicore/multicore_runner_queue/CMakeFiles/multicore_runner_queue.dir/C_/Users/agras/.pico-sdk/sdk/2.1.0/src/common/pico_util/queue.c.obj
 .rodata.pll_init.str1.4
                0x10004680      0x11c multicore/multicore_runner_queue/CMakeFiles/multicore_runner_queue.dir/C_/Users/agras/.pico-sdk/sdk/2.1.0/src/rp2_common/hardware_pll/pll.c.obj
 .rodata.__func__.0
                0x10004680        0x9 multicore/multicore_runner_queue/CMakeFiles/multicore_runner_queue.dir/C_/Users/agras/.pico-sdk/sdk/2.1.0/src/rp2_common/hardware_pll/pll.c.obj
 .rodata.check_alloc.str1.4
                0x10004689        0xe multicore/multicore_runner_queue/CMakeFiles/multicore_runner_queue.dir/C_/Users/agras/.pico-sdk/sdk/2.1.0/src/rp2_common/pico_malloc/malloc.c.obj
 .rodata.str1.4
                0x10004689       0xa4 multicore/multicore_runner_queue/CMakeFiles/multicore_runner_queue.dir/C_/Users/agras/.pico-sdk/sdk/2.1.0/src/rp2_common/pico_standard_binary_info/standard_binary_info.c.obj
 *fill*         0x10004689        0x3 
 .rodata.__bi_84
                0x1000468c        0xc multicore/multicore_runner_queue/CMakeFiles/multicore_runner_queue.dir/C_/Users/agras/.pico-sdk/sdk/2.1.0/src/rp2_common/pico_standard_binary_info/standard_binary_info.c.obj
 .rodata.__bi_78
                0x10004698        0xc multicore/multicore_runner_queue/CMakeFiles/multicore_runner_queue.dir/C_/Users/agras/.pico-sdk/sdk/2.1.0/src/rp2_common/pico_standard_binary_info/standard_binary_info.c.obj
 .rodata.__bi_72
                0x100046a4        0xc multicore/multicore_runner_queue/CMakeFiles/multicore_runner_queue.dir/C_/Users/agras/.pico-sdk/sdk/2.1.0/src/rp2_common/pico_standard_binary_info/standard_binary_info.c.obj
 .rodata.__bi_54
                0x100046b0        0xc multicore/multicore_runner_queue/CMakeFiles/multicore_runner_queue.dir/C_/Users/agras/.pico-sdk/sdk/2.1.0/src/rp2_common/pico_standard_binary_info/standard_binary_info.c.obj
 .rodata.__bi_48
                0x100046bc        0xc multicore/multicore_runner_queue/CMakeFiles/multicore_runner_queue.dir/C_/Users/agras/.pico-sdk/sdk/2.1.0/src/rp2_common/pico_standard_binary_info/standard_binary_info.c.obj
 .rodata.__bi_42
                0x100046c8        0xc multicore/multicore_runner_queue/CMakeFiles/multicore_runner_queue.dir/C_/Users/agras/.pico-sdk/sdk/2.1.0/src/rp2_common/pico_standard_binary_info/standard_binary_info.c.obj
 .rodata.__bi_34
                0x100046d4        0xc multicore/multicore_runner_queue/CMakeFiles/multicore_runner_queue.dir/C_/Users/agras/.pico-sdk/sdk/2.1.0/src/rp2_common/pico_standard_binary_info/standard_binary_info.c.obj
 .rodata.__bi_26
                0x100046e0        0xc multicore/multicore_runner_queue/CMakeFiles/multicore_runner_queue.dir/C_/Users/agras/.pico-sdk/sdk/2.1.0/src/rp2_common/pico_standard_binary_info/standard_binary_info.c.obj
 .rodata._ftoa.str1.4
                0x100046ec       0x15 multicore/multicore_runner_queue/CMakeFiles/multicore_runner_queue.dir/C_/Users/agras/.pico-sdk/sdk/2.1.0/src/rp2_common/pico_printf/printf.c.obj
 *fill*         0x100046ec        0x4 
 .rodata.pow10.0
                0x100046f0       0x50 multicore/multicore_runner_queue/CMakeFiles/multicore_runner_queue.dir/C_/Users/agras/.pico-sdk/sdk/2.1.0/src/rp2_common/pico_printf/printf.c.obj
 .rodata.__assert_func.str1.4
                0x10004740       0x43 multicore/multicore_runner_queue/CMakeFiles/multicore_runner_queue.dir/C_/Users/agras/.pico-sdk/sdk/2.1.0/src/rp2_common/pico_clib_interface/newlib_interface.c.obj
 .rodata.crlf_str.0
                0x10004740        0x2 multicore/multicore_runner_queue/CMakeFiles/multicore_runner_queue.dir/C_/Users/agras/.pico-sdk/sdk/2.1.0/src/rp2_common/pico_stdio/stdio.c.obj
 .rodata.str1.4
                0x10004742       0x2c multicore/multicore_runner_queue/CMakeFiles/multicore_runner_queue.dir/C_/Users/agras/.pico-sdk/sdk/2.1.0/src/rp2_common/pico_stdio_uart/stdio_uart.c.obj
 *fill*         0x10004742        0x2 
 .rodata.__bi_45.4
                0x10004744        0xc multicore/multicore_runner_queue/CMakeFiles/multicore_runner_queue.dir/C_/Users/agras/.pico-sdk/sdk/2.1.0/src/rp2_common/pico_stdio_uart/stdio_uart.c.obj
 .rodata.__bi_49.5
                0x10004750        0x8 multicore/multicore_runner_queue/CMakeFiles/multicore_runner_queue.dir/C_/Users/agras/.pico-sdk/sdk/2.1.0/src/rp2_common/pico_stdio_uart/stdio_uart.c.obj
 .rodata.__bi_50.6
                0x10004758        0x8 multicore/multicore_runner_queue/CMakeFiles/multicore_runner_queue.dir/C_/Users/agras/.pico-sdk/sdk/2.1.0/src/rp2_common/pico_stdio_uart/stdio_uart.c.obj
 *(.srodata*)
                0x10004760                        . = ALIGN (0x4)
 *(SORT_BY_ALIGNMENT(SORT_BY_NAME(.flashdata*)))
                0x10004760                        . = ALIGN (0x4)

.ARM.extab
 *(.ARM.extab* .gnu.linkonce.armextab.*)
                0x10004760                        __exidx_start = .

.ARM.exidx      0x10004760        0x8
 *(.ARM.exidx* .gnu.linkonce.armexidx.*)
 .ARM.exidx     0x10004760        0x8 C:/Users/agras/.pico-sdk/toolchain/13_3_Rel1/bin/../lib/gcc/arm-none-eabi/13.3.1/thumb/v8-m.main+fp/softfp\libg.a(libc_a-memcpy.o)
 .ARM.exidx.text.__udivmoddi4
                0x10004768        0x0 C:/Users/agras/.pico-sdk/toolchain/13_3_Rel1/bin/../lib/gcc/arm-none-eabi/13.3.1/thumb/v8-m.main+fp/softfp\libgcc.a(_udivmoddi4.o)
                                  0x8 (size before relaxing)
                0x10004768                        __exidx_end = .
                0x10004768                        . = ALIGN (0x4)
                0x10004768                        __binary_info_start = .

.binary_info    0x10004768       0x2c
 *(.binary_info.keep.*)
 .binary_info.keep.__bi_ptr84
                0x10004768        0x4 multicore/multicore_runner_queue/CMakeFiles/multicore_runner_queue.dir/C_/Users/agras/.pico-sdk/sdk/2.1.0/src/rp2_common/pico_standard_binary_info/standard_binary_info.c.obj
 .binary_info.keep.__bi_ptr78
                0x1000476c        0x4 multicore/multicore_runner_queue/CMakeFiles/multicore_runner_queue.dir/C_/Users/agras/.pico-sdk/sdk/2.1.0/src/rp2_common/pico_standard_binary_info/standard_binary_info.c.obj
 .binary_info.keep.__bi_ptr72
                0x10004770        0x4 multicore/multicore_runner_queue/CMakeFiles/multicore_runner_queue.dir/C_/Users/agras/.pico-sdk/sdk/2.1.0/src/rp2_common/pico_standard_binary_info/standard_binary_info.c.obj
 .binary_info.keep.__bi_ptr54
                0x10004774        0x4 multicore/multicore_runner_queue/CMakeFiles/multicore_runner_queue.dir/C_/Users/agras/.pico-sdk/sdk/2.1.0/src/rp2_common/pico_standard_binary_info/standard_binary_info.c.obj
 .binary_info.keep.__bi_ptr48
                0x10004778        0x4 multicore/multicore_runner_queue/CMakeFiles/multicore_runner_queue.dir/C_/Users/agras/.pico-sdk/sdk/2.1.0/src/rp2_common/pico_standard_binary_info/standard_binary_info.c.obj
 .binary_info.keep.__bi_ptr42
                0x1000477c        0x4 multicore/multicore_runner_queue/CMakeFiles/multicore_runner_queue.dir/C_/Users/agras/.pico-sdk/sdk/2.1.0/src/rp2_common/pico_standard_binary_info/standard_binary_info.c.obj
 .binary_info.keep.__bi_ptr34
                0x10004780        0x4 multicore/multicore_runner_queue/CMakeFiles/multicore_runner_queue.dir/C_/Users/agras/.pico-sdk/sdk/2.1.0/src/rp2_common/pico_standard_binary_info/standard_binary_info.c.obj
 .binary_info.keep.__bi_ptr26
                0x10004784        0x4 multicore/multicore_runner_queue/CMakeFiles/multicore_runner_queue.dir/C_/Users/agras/.pico-sdk/sdk/2.1.0/src/rp2_common/pico_standard_binary_info/standard_binary_info.c.obj
 *(.binary_info.*)
 .binary_info.__bi_ptr50
                0x10004788        0x4 multicore/multicore_runner_queue/CMakeFiles/multicore_runner_queue.dir/C_/Users/agras/.pico-sdk/sdk/2.1.0/src/rp2_common/pico_stdio_uart/stdio_uart.c.obj
 .binary_info.__bi_ptr49
                0x1000478c        0x4 multicore/multicore_runner_queue/CMakeFiles/multicore_runner_queue.dir/C_/Users/agras/.pico-sdk/sdk/2.1.0/src/rp2_common/pico_stdio_uart/stdio_uart.c.obj
 .binary_info.__bi_ptr45
                0x10004790        0x4 multicore/multicore_runner_queue/CMakeFiles/multicore_runner_queue.dir/C_/Users/agras/.pico-sdk/sdk/2.1.0/src/rp2_common/pico_stdio_uart/stdio_uart.c.obj
                0x10004794                        __binary_info_end = .
                0x10004794                        . = ALIGN (0x4)

.ram_vector_table
                0x20000000      0x110
 *(.ram_vector_table)
 .ram_vector_table
                0x20000000      0x110 multicore/multicore_runner_queue/CMakeFiles/multicore_runner_queue.dir/C_/Users/agras/.pico-sdk/sdk/2.1.0/src/rp2_common/pico_runtime_init/runtime_init.c.obj
                0x20000000                ram_vector_table

.uninitialized_data
                0x20000110        0x0
                0x20000110                        . = ALIGN (0x4)
 *(.uninitialized_data*)

.data           0x20000110      0xaf0 load address 0x10004794
                0x20000110                        __data_start__ = .
 *(vtable)
 *(.time_critical*)
 .time_critical.mutex_enter_blocking
                0x20000110       0x58 multicore/multicore_runner_queue/CMakeFiles/multicore_runner_queue.dir/C_/Users/agras/.pico-sdk/sdk/2.1.0/src/common/pico_sync/mutex.c.obj
                0x20000110                mutex_enter_blocking
 .time_critical.mutex_try_enter
                0x20000168       0x58 multicore/multicore_runner_queue/CMakeFiles/multicore_runner_queue.dir/C_/Users/agras/.pico-sdk/sdk/2.1.0/src/common/pico_sync/mutex.c.obj
                0x20000168                mutex_try_enter
 .time_critical.mutex_enter_block_until
                0x200001c0       0x84 multicore/multicore_runner_queue/CMakeFiles/multicore_runner_queue.dir/C_/Users/agras/.pico-sdk/sdk/2.1.0/src/common/pico_sync/mutex.c.obj
                0x200001c0                mutex_enter_block_until
 .time_critical.mutex_try_enter_block_until
                0x20000244       0x32 multicore/multicore_runner_queue/CMakeFiles/multicore_runner_queue.dir/C_/Users/agras/.pico-sdk/sdk/2.1.0/src/common/pico_sync/mutex.c.obj
                0x20000244                mutex_try_enter_block_until
 *fill*         0x20000276        0x2 
 .time_critical.mutex_exit
                0x20000278       0x58 multicore/multicore_runner_queue/CMakeFiles/multicore_runner_queue.dir/C_/Users/agras/.pico-sdk/sdk/2.1.0/src/common/pico_sync/mutex.c.obj
                0x20000278                mutex_exit
 *(.text*)
 .text          0x200002d0       0x30 C:/Users/agras/.pico-sdk/toolchain/13_3_Rel1/bin/../lib/gcc/arm-none-eabi/13.3.1/thumb/v8-m.main+fp/softfp\libgcc.a(_aeabi_uldivmod.o)
                0x200002d0                __aeabi_uldivmod
 .text.__udivmoddi4
                0x20000300      0x300 C:/Users/agras/.pico-sdk/toolchain/13_3_Rel1/bin/../lib/gcc/arm-none-eabi/13.3.1/thumb/v8-m.main+fp/softfp\libgcc.a(_udivmoddi4.o)
                0x20000300                __udivmoddi4
 .text          0x20000600        0x4 C:/Users/agras/.pico-sdk/toolchain/13_3_Rel1/bin/../lib/gcc/arm-none-eabi/13.3.1/thumb/v8-m.main+fp/softfp\libgcc.a(_dvmd_tls.o)
                0x20000600                __aeabi_idiv0
                0x20000600                __aeabi_ldiv0
 *fill*         0x20000604        0x4 
 .text.__stub   0x20000608       0x10 linker stubs
                0x20000618                        . = ALIGN (0x4)
 *(.rodata*)
                0x20000618                        . = ALIGN (0x4)
 *(.data*)
 .data.default_alarm_pool
                0x20000618       0x18 multicore/multicore_runner_queue/CMakeFiles/multicore_runner_queue.dir/C_/Users/agras/.pico-sdk/sdk/2.1.0/src/common/pico_time/time.c.obj
 .data.striped_spin_lock_num
                0x20000630        0x1 multicore/multicore_runner_queue/CMakeFiles/multicore_runner_queue.dir/C_/Users/agras/.pico-sdk/sdk/2.1.0/src/rp2_common/hardware_sync/sync.c.obj
 *fill*         0x20000631        0x3 
 .data          0x20000634       0x48 multicore/multicore_runner_queue/CMakeFiles/multicore_runner_queue.dir/C_/Users/agras/.pico-sdk/sdk/2.1.0/src/rp2_common/hardware_irq/irq_handler_chain.S.obj
                0x20000634                irq_handler_chain_slots
                0x20000664                irq_handler_chain_first_slot
                0x2000066e                irq_handler_chain_remove_tail
 .data.stdio_uart
                0x2000067c       0x18 multicore/multicore_runner_queue/CMakeFiles/multicore_runner_queue.dir/C_/Users/agras/.pico-sdk/sdk/2.1.0/src/rp2_common/pico_stdio_uart/stdio_uart.c.obj
                0x2000067c                stdio_uart
 .data.__malloc_sbrk_base
                0x20000694        0x4 C:/Users/agras/.pico-sdk/toolchain/13_3_Rel1/bin/../lib/gcc/arm-none-eabi/13.3.1/thumb/v8-m.main+fp/softfp\libg.a(libc_a-mallocr.o)
                0x20000694                __malloc_sbrk_base
 .data.__malloc_trim_threshold
                0x20000698        0x4 C:/Users/agras/.pico-sdk/toolchain/13_3_Rel1/bin/../lib/gcc/arm-none-eabi/13.3.1/thumb/v8-m.main+fp/softfp\libg.a(libc_a-mallocr.o)
                0x20000698                __malloc_trim_threshold
 *fill*         0x2000069c        0x4 
 .data.__malloc_av_
                0x200006a0      0x408 C:/Users/agras/.pico-sdk/toolchain/13_3_Rel1/bin/../lib/gcc/arm-none-eabi/13.3.1/thumb/v8-m.main+fp/softfp\libg.a(libc_a-mallocr.o)
                0x200006a0                __malloc_av_
 .data._impure_ptr
                0x20000aa8        0x4 C:/Users/agras/.pico-sdk/toolchain/13_3_Rel1/bin/../lib/gcc/arm-none-eabi/13.3.1/thumb/v8-m.main+fp/softfp\libg.a(libc_a-impure.o)
                0x20000aa8                _impure_ptr
 *fill*         0x20000aac        0x4 
 .data._impure_data
                0x20000ab0      0x140 C:/Users/agras/.pico-sdk/toolchain/13_3_Rel1/bin/../lib/gcc/arm-none-eabi/13.3.1/thumb/v8-m.main+fp/softfp\libg.a(libc_a-impure.o)
                0x20000ab0                _impure_data
 *(.sdata*)
                0x20000bf0                        . = ALIGN (0x4)
 *(.after_data.*)
                0x20000bf0                        . = ALIGN (0x4)
                0x20000bf0                        PROVIDE (__mutex_array_start = .)
 *(SORT_BY_NAME(.mutex_array.*))
 *(.mutex_array)
 .mutex_array   0x20000bf0        0x8 multicore/multicore_runner_queue/CMakeFiles/multicore_runner_queue.dir/C_/Users/agras/.pico-sdk/sdk/2.1.0/src/rp2_common/pico_malloc/malloc.c.obj
 .mutex_array   0x20000bf8        0x8 multicore/multicore_runner_queue/CMakeFiles/multicore_runner_queue.dir/C_/Users/agras/.pico-sdk/sdk/2.1.0/src/rp2_common/pico_stdio/stdio.c.obj
                0x20000c00                        PROVIDE (__mutex_array_end = .)
 *(.jcr)
                0x20000c00                        . = ALIGN (0x4)

.tm_clone_table
                0x20000c00        0x0 load address 0x10005284
 .tm_clone_table
                0x20000c00        0x0 C:/Users/agras/.pico-sdk/toolchain/13_3_Rel1/bin/../lib/gcc/arm-none-eabi/13.3.1/thumb/v8-m.main+fp/softfp/crtbegin.o
 .tm_clone_table
                0x20000c00        0x0 C:/Users/agras/.pico-sdk/toolchain/13_3_Rel1/bin/../lib/gcc/arm-none-eabi/13.3.1/thumb/v8-m.main+fp/softfp/crtend.o

.igot.plt       0x20000c00        0x0 load address 0x10005284
 .igot.plt      0x20000c00        0x0 C:/Users/agras/.pico-sdk/toolchain/13_3_Rel1/bin/../lib/gcc/arm-none-eabi/13.3.1/thumb/v8-m.main+fp/softfp/crtbegin.o

.tdata          0x20000c00        0x0 load address 0x10005284
                0x20000c00                        . = ALIGN (0x4)
 *(.tdata .tdata.* .gnu.linkonce.td.*)
                0x20000c00                        __tdata_end = .
                0x20000c00                        PROVIDE (__data_end__ = .)
                0x10004794                        __etext = LOADADDR (.data)

.tbss           0x20000c00        0x0 load address 0x10005284
                0x20000c00                        . = ALIGN (0x4)
                0x20000c00                        __bss_start__ = .
                0x20000c00                        __tls_base = .
 *(.tbss .tbss.* .gnu.linkonce.tb.*)
 *(.tcommon)
                0x20000c00                        __tls_end = .

.bss            0x20000c00      0x3bc load address 0x10005284
                0x20000c00                        . = ALIGN (0x4)
                0x20000c00                        __tbss_end = .
 *(SORT_BY_ALIGNMENT(SORT_BY_NAME(.bss*)))
 .bss.default_alarm_pool_entries
                0x20000c00      0x180 multicore/multicore_runner_queue/CMakeFiles/multicore_runner_queue.dir/C_/Users/agras/.pico-sdk/sdk/2.1.0/src/common/pico_time/time.c.obj
 .bss.__lock___malloc_recursive_mutex
                0x20000d80        0x1 C:/Users/agras/.pico-sdk/toolchain/13_3_Rel1/bin/../lib/gcc/arm-none-eabi/13.3.1/thumb/v8-m.main+fp/softfp\libg.a(libc_a-lock.o)
                0x20000d80                __lock___malloc_recursive_mutex
 *fill*         0x20000d81        0x3 
 .bss.__malloc_current_mallinfo
                0x20000d84       0x28 C:/Users/agras/.pico-sdk/toolchain/13_3_Rel1/bin/../lib/gcc/arm-none-eabi/13.3.1/thumb/v8-m.main+fp/softfp\libg.a(libc_a-mallocr.o)
                0x20000d84                __malloc_current_mallinfo
 .bss.__malloc_max_sbrked_mem
                0x20000dac        0x4 C:/Users/agras/.pico-sdk/toolchain/13_3_Rel1/bin/../lib/gcc/arm-none-eabi/13.3.1/thumb/v8-m.main+fp/softfp\libg.a(libc_a-mallocr.o)
                0x20000dac                __malloc_max_sbrked_mem
 .bss.__malloc_max_total_mem
                0x20000db0        0x4 C:/Users/agras/.pico-sdk/toolchain/13_3_Rel1/bin/../lib/gcc/arm-none-eabi/13.3.1/thumb/v8-m.main+fp/softfp\libg.a(libc_a-mallocr.o)
                0x20000db0                __malloc_max_total_mem
 .bss.__malloc_top_pad
                0x20000db4        0x4 C:/Users/agras/.pico-sdk/toolchain/13_3_Rel1/bin/../lib/gcc/arm-none-eabi/13.3.1/thumb/v8-m.main+fp/softfp\libg.a(libc_a-mallocr.o)
                0x20000db4                __malloc_top_pad
 .bss.__sf      0x20000db8      0x138 C:/Users/agras/.pico-sdk/toolchain/13_3_Rel1/bin/../lib/gcc/arm-none-eabi/13.3.1/thumb/v8-m.main+fp/softfp\libg.a(libc_a-findfp.o)
                0x20000db8                __sf
 .bss._sw_spin_locks
                0x20000ef0       0x20 multicore/multicore_runner_queue/CMakeFiles/multicore_runner_queue.dir/C_/Users/agras/.pico-sdk/sdk/2.1.0/src/rp2_common/hardware_sync_spin_lock/sync_spin_lock.c.obj
                0x20000ef0                _sw_spin_locks
 .bss.call_queue
                0x20000f10       0x10 multicore/multicore_runner_queue/CMakeFiles/multicore_runner_queue.dir/multicore_runner_queue.c.obj
                0x20000f10                call_queue
 .bss.chars_available_callback
                0x20000f20        0x4 multicore/multicore_runner_queue/CMakeFiles/multicore_runner_queue.dir/C_/Users/agras/.pico-sdk/sdk/2.1.0/src/rp2_common/pico_stdio_uart/stdio_uart.c.obj
 .bss.chars_available_param
                0x20000f24        0x4 multicore/multicore_runner_queue/CMakeFiles/multicore_runner_queue.dir/C_/Users/agras/.pico-sdk/sdk/2.1.0/src/rp2_common/pico_stdio_uart/stdio_uart.c.obj
 .bss.claimed   0x20000f28        0x2 multicore/multicore_runner_queue/CMakeFiles/multicore_runner_queue.dir/C_/Users/agras/.pico-sdk/sdk/2.1.0/src/rp2_common/hardware_timer/timer.c.obj
 *fill*         0x20000f2a        0x2 
 .bss.configured_freq
                0x20000f2c       0x28 multicore/multicore_runner_queue/CMakeFiles/multicore_runner_queue.dir/C_/Users/agras/.pico-sdk/sdk/2.1.0/src/rp2_common/hardware_clocks/clocks.c.obj
 .bss.drivers   0x20000f54        0x4 multicore/multicore_runner_queue/CMakeFiles/multicore_runner_queue.dir/C_/Users/agras/.pico-sdk/sdk/2.1.0/src/rp2_common/pico_stdio/stdio.c.obj
 .bss.errno     0x20000f58        0x4 C:/Users/agras/.pico-sdk/toolchain/13_3_Rel1/bin/../lib/gcc/arm-none-eabi/13.3.1/thumb/v8-m.main+fp/softfp\libg.a(libc_a-reent.o)
                0x20000f58                errno
 .bss.filter    0x20000f5c        0x4 multicore/multicore_runner_queue/CMakeFiles/multicore_runner_queue.dir/C_/Users/agras/.pico-sdk/sdk/2.1.0/src/rp2_common/pico_stdio/stdio.c.obj
 .bss.heap_end.0
                0x20000f60        0x4 multicore/multicore_runner_queue/CMakeFiles/multicore_runner_queue.dir/C_/Users/agras/.pico-sdk/sdk/2.1.0/src/rp2_common/pico_clib_interface/newlib_interface.c.obj
 .bss.object.0  0x20000f64       0x18 C:/Users/agras/.pico-sdk/toolchain/13_3_Rel1/bin/../lib/gcc/arm-none-eabi/13.3.1/thumb/v8-m.main+fp/softfp/crtbegin.o
 .bss.pools     0x20000f7c       0x20 multicore/multicore_runner_queue/CMakeFiles/multicore_runner_queue.dir/C_/Users/agras/.pico-sdk/sdk/2.1.0/src/common/pico_time/time.c.obj
 .bss.results_queue
                0x20000f9c       0x10 multicore/multicore_runner_queue/CMakeFiles/multicore_runner_queue.dir/multicore_runner_queue.c.obj
                0x20000f9c                results_queue
 .bss.sleep_notifier
                0x20000fac        0x4 multicore/multicore_runner_queue/CMakeFiles/multicore_runner_queue.dir/C_/Users/agras/.pico-sdk/sdk/2.1.0/src/common/pico_time/time.c.obj
 .bss.uart_char_to_line_feed
                0x20000fb0        0x4 multicore/multicore_runner_queue/CMakeFiles/multicore_runner_queue.dir/C_/Users/agras/.pico-sdk/sdk/2.1.0/src/rp2_common/hardware_uart/uart.c.obj
                0x20000fb0                uart_char_to_line_feed
 .bss.uart_instance
                0x20000fb4        0x4 multicore/multicore_runner_queue/CMakeFiles/multicore_runner_queue.dir/C_/Users/agras/.pico-sdk/sdk/2.1.0/src/rp2_common/pico_stdio_uart/stdio_uart.c.obj
 .bss.irq_handler_chain_free_slot_head
                0x20000fb8        0x1 multicore/multicore_runner_queue/CMakeFiles/multicore_runner_queue.dir/C_/Users/agras/.pico-sdk/sdk/2.1.0/src/rp2_common/hardware_irq/irq.c.obj
 *(COMMON)
                [!provide]                        PROVIDE (__global_pointer$ = (. + 0x800))
 *(.sbss*)
                0x20000fbc                        . = ALIGN (0x4)
 *fill*         0x20000fb9        0x3 
                0x20000fbc                        __bss_end__ = .

.heap           0x20000fbc      0x800 load address 0x10005284
                0x20000fbc                        __end__ = .
                0x20000fbc                        end = __end__
 *(.heap*)
 .heap          0x20000fbc      0x800 multicore/multicore_runner_queue/CMakeFiles/multicore_runner_queue.dir/C_/Users/agras/.pico-sdk/sdk/2.1.0/src/rp2_common/pico_crt0/crt0.S.obj
                0x20080000                        __HeapLimit = (ORIGIN (RAM) + LENGTH (RAM))

.scratch_x      0x20080000        0x0 load address 0x10005284
                0x20080000                        __scratch_x_start__ = .
 *(.scratch_x.*)
                0x20080000                        . = ALIGN (0x4)
                0x20080000                        __scratch_x_end__ = .
                0x10005284                        __scratch_x_source__ = LOADADDR (.scratch_x)

.scratch_y      0x20081000        0x0 load address 0x10005284
                0x20081000                        __scratch_y_start__ = .
 *(.scratch_y.*)
                0x20081000                        . = ALIGN (0x4)
                0x20081000                        __scratch_y_end__ = .
                0x10005284                        __scratch_y_source__ = LOADADDR (.scratch_y)

.stack1_dummy   0x20080000      0x800
 *(.stack1*)
 .stack1        0x20080000      0x800 multicore/multicore_runner_queue/CMakeFiles/multicore_runner_queue.dir/C_/Users/agras/.pico-sdk/sdk/2.1.0/src/rp2_common/pico_multicore/multicore.c.obj

.stack_dummy    0x20081000      0x800
 *(.stack*)
 .stack         0x20081000      0x800 multicore/multicore_runner_queue/CMakeFiles/multicore_runner_queue.dir/C_/Users/agras/.pico-sdk/sdk/2.1.0/src/rp2_common/pico_crt0/crt0.S.obj

.flash_end      0x10005284       0x14
 *(.embedded_end_block*)
 .embedded_end_block
                0x10005284       0x14 multicore/multicore_runner_queue/CMakeFiles/multicore_runner_queue.dir/C_/Users/agras/.pico-sdk/sdk/2.1.0/src/rp2_common/pico_crt0/crt0.S.obj
                0x10005298                        PROVIDE (__flash_binary_end = .)
                0x20080000                        __StackLimit = (ORIGIN (RAM) + LENGTH (RAM))
                0x20081000                        __StackOneTop = (ORIGIN (SCRATCH_X) + LENGTH (SCRATCH_X))
                0x20082000                        __StackTop = (ORIGIN (SCRATCH_Y) + LENGTH (SCRATCH_Y))
                0x20080800                        __StackOneBottom = (__StackOneTop - SIZEOF (.stack1_dummy))
                0x20081800                        __StackBottom = (__StackTop - SIZEOF (.stack_dummy))
                0x20082000                        PROVIDE (__stack = __StackTop)
                [!provide]                        PROVIDE (__heap_start = __end__)
                [!provide]                        PROVIDE (__heap_end = __HeapLimit)
                [!provide]                        PROVIDE (__tls_align = MAX (ALIGNOF (.tdata), ALIGNOF (.tbss)))
                [!provide]                        PROVIDE (__tls_size_align = (((__tls_size + __tls_align) - 0x1) & ~ ((__tls_align - 0x1))))
                [!provide]                        PROVIDE (__arm32_tls_tcb_offset = MAX (0x8, __tls_align))
                [!provide]                        PROVIDE (_end = __end__)
                [!provide]                        PROVIDE (__llvm_libc_heap_limit = __HeapLimit)
                0x00000001                        ASSERT ((__StackLimit >= __HeapLimit), region RAM overflowed)
                0x00000001                        ASSERT (((__binary_info_header_end - __logical_binary_start) <= 0x400), Binary info must be in first 1024 bytes of the binary)
                0x00000001                        ASSERT (((__embedded_block_end - __logical_binary_start) <= 0x1000), Embedded block must be in first 4096 bytes of the binary)
LOAD multicore/multicore_runner_queue/CMakeFiles/multicore_runner_queue.dir/multicore_runner_queue.c.obj
LOAD multicore/multicore_runner_queue/CMakeFiles/multicore_runner_queue.dir/C_/Users/agras/.pico-sdk/sdk/2.1.0/src/rp2_common/pico_multicore/multicore.c.obj
LOAD multicore/multicore_runner_queue/CMakeFiles/multicore_runner_queue.dir/C_/Users/agras/.pico-sdk/sdk/2.1.0/src/common/pico_sync/sem.c.obj
LOAD multicore/multicore_runner_queue/CMakeFiles/multicore_runner_queue.dir/C_/Users/agras/.pico-sdk/sdk/2.1.0/src/common/pico_sync/lock_core.c.obj
LOAD multicore/multicore_runner_queue/CMakeFiles/multicore_runner_queue.dir/C_/Users/agras/.pico-sdk/sdk/2.1.0/src/common/pico_sync/mutex.c.obj
LOAD multicore/multicore_runner_queue/CMakeFiles/multicore_runner_queue.dir/C_/Users/agras/.pico-sdk/sdk/2.1.0/src/common/pico_sync/critical_section.c.obj
LOAD multicore/multicore_runner_queue/CMakeFiles/multicore_runner_queue.dir/C_/Users/agras/.pico-sdk/sdk/2.1.0/src/common/pico_time/time.c.obj
LOAD multicore/multicore_runner_queue/CMakeFiles/multicore_runner_queue.dir/C_/Users/agras/.pico-sdk/sdk/2.1.0/src/common/pico_time/timeout_helper.c.obj
LOAD multicore/multicore_runner_queue/CMakeFiles/multicore_runner_queue.dir/C_/Users/agras/.pico-sdk/sdk/2.1.0/src/rp2_common/hardware_timer/timer.c.obj
LOAD multicore/multicore_runner_queue/CMakeFiles/multicore_runner_queue.dir/C_/Users/agras/.pico-sdk/sdk/2.1.0/src/rp2350/pico_platform/platform.c.obj
LOAD multicore/multicore_runner_queue/CMakeFiles/multicore_runner_queue.dir/C_/Users/agras/.pico-sdk/sdk/2.1.0/src/rp2_common/pico_platform_panic/panic.c.obj
LOAD multicore/multicore_runner_queue/CMakeFiles/multicore_runner_queue.dir/C_/Users/agras/.pico-sdk/sdk/2.1.0/src/common/hardware_claim/claim.c.obj
LOAD multicore/multicore_runner_queue/CMakeFiles/multicore_runner_queue.dir/C_/Users/agras/.pico-sdk/sdk/2.1.0/src/rp2_common/hardware_sync/sync.c.obj
LOAD multicore/multicore_runner_queue/CMakeFiles/multicore_runner_queue.dir/C_/Users/agras/.pico-sdk/sdk/2.1.0/src/rp2_common/hardware_sync_spin_lock/sync_spin_lock.c.obj
LOAD multicore/multicore_runner_queue/CMakeFiles/multicore_runner_queue.dir/C_/Users/agras/.pico-sdk/sdk/2.1.0/src/rp2_common/hardware_irq/irq.c.obj
LOAD multicore/multicore_runner_queue/CMakeFiles/multicore_runner_queue.dir/C_/Users/agras/.pico-sdk/sdk/2.1.0/src/rp2_common/hardware_irq/irq_handler_chain.S.obj
LOAD multicore/multicore_runner_queue/CMakeFiles/multicore_runner_queue.dir/C_/Users/agras/.pico-sdk/sdk/2.1.0/src/common/pico_util/datetime.c.obj
LOAD multicore/multicore_runner_queue/CMakeFiles/multicore_runner_queue.dir/C_/Users/agras/.pico-sdk/sdk/2.1.0/src/common/pico_util/pheap.c.obj
LOAD multicore/multicore_runner_queue/CMakeFiles/multicore_runner_queue.dir/C_/Users/agras/.pico-sdk/sdk/2.1.0/src/common/pico_util/queue.c.obj
LOAD multicore/multicore_runner_queue/CMakeFiles/multicore_runner_queue.dir/C_/Users/agras/.pico-sdk/sdk/2.1.0/src/rp2_common/pico_stdlib/stdlib.c.obj
LOAD multicore/multicore_runner_queue/CMakeFiles/multicore_runner_queue.dir/C_/Users/agras/.pico-sdk/sdk/2.1.0/src/rp2_common/hardware_gpio/gpio.c.obj
LOAD multicore/multicore_runner_queue/CMakeFiles/multicore_runner_queue.dir/C_/Users/agras/.pico-sdk/sdk/2.1.0/src/rp2_common/hardware_uart/uart.c.obj
LOAD multicore/multicore_runner_queue/CMakeFiles/multicore_runner_queue.dir/C_/Users/agras/.pico-sdk/sdk/2.1.0/src/rp2_common/hardware_clocks/clocks.c.obj
LOAD multicore/multicore_runner_queue/CMakeFiles/multicore_runner_queue.dir/C_/Users/agras/.pico-sdk/sdk/2.1.0/src/rp2_common/hardware_pll/pll.c.obj
LOAD multicore/multicore_runner_queue/CMakeFiles/multicore_runner_queue.dir/C_/Users/agras/.pico-sdk/sdk/2.1.0/src/rp2_common/hardware_vreg/vreg.c.obj
LOAD multicore/multicore_runner_queue/CMakeFiles/multicore_runner_queue.dir/C_/Users/agras/.pico-sdk/sdk/2.1.0/src/rp2_common/hardware_watchdog/watchdog.c.obj
LOAD multicore/multicore_runner_queue/CMakeFiles/multicore_runner_queue.dir/C_/Users/agras/.pico-sdk/sdk/2.1.0/src/rp2_common/hardware_ticks/ticks.c.obj
LOAD multicore/multicore_runner_queue/CMakeFiles/multicore_runner_queue.dir/C_/Users/agras/.pico-sdk/sdk/2.1.0/src/rp2_common/pico_bootrom/bootrom.c.obj
LOAD multicore/multicore_runner_queue/CMakeFiles/multicore_runner_queue.dir/C_/Users/agras/.pico-sdk/sdk/2.1.0/src/rp2_common/pico_bootrom/bootrom_lock.c.obj
LOAD multicore/multicore_runner_queue/CMakeFiles/multicore_runner_queue.dir/C_/Users/agras/.pico-sdk/sdk/2.1.0/src/rp2_common/hardware_boot_lock/boot_lock.c.obj
LOAD multicore/multicore_runner_queue/CMakeFiles/multicore_runner_queue.dir/C_/Users/agras/.pico-sdk/sdk/2.1.0/src/rp2_common/pico_flash/flash.c.obj
LOAD multicore/multicore_runner_queue/CMakeFiles/multicore_runner_queue.dir/C_/Users/agras/.pico-sdk/sdk/2.1.0/src/rp2_common/hardware_xosc/xosc.c.obj
LOAD multicore/multicore_runner_queue/CMakeFiles/multicore_runner_queue.dir/C_/Users/agras/.pico-sdk/sdk/2.1.0/src/rp2_common/hardware_divider/divider.c.obj
LOAD multicore/multicore_runner_queue/CMakeFiles/multicore_runner_queue.dir/C_/Users/agras/.pico-sdk/sdk/2.1.0/src/rp2_common/pico_runtime/runtime.c.obj
LOAD multicore/multicore_runner_queue/CMakeFiles/multicore_runner_queue.dir/C_/Users/agras/.pico-sdk/sdk/2.1.0/src/rp2_common/pico_runtime_init/runtime_init.c.obj
LOAD multicore/multicore_runner_queue/CMakeFiles/multicore_runner_queue.dir/C_/Users/agras/.pico-sdk/sdk/2.1.0/src/rp2_common/pico_runtime_init/runtime_init_clocks.c.obj
LOAD multicore/multicore_runner_queue/CMakeFiles/multicore_runner_queue.dir/C_/Users/agras/.pico-sdk/sdk/2.1.0/src/rp2_common/pico_runtime_init/runtime_init_stack_guard.c.obj
LOAD multicore/multicore_runner_queue/CMakeFiles/multicore_runner_queue.dir/C_/Users/agras/.pico-sdk/sdk/2.1.0/src/rp2_common/pico_bit_ops/bit_ops_aeabi.S.obj
LOAD multicore/multicore_runner_queue/CMakeFiles/multicore_runner_queue.dir/C_/Users/agras/.pico-sdk/sdk/2.1.0/src/rp2_common/pico_divider/divider_compiler.c.obj
LOAD multicore/multicore_runner_queue/CMakeFiles/multicore_runner_queue.dir/C_/Users/agras/.pico-sdk/sdk/2.1.0/src/rp2_common/pico_double/double_math.c.obj
LOAD multicore/multicore_runner_queue/CMakeFiles/multicore_runner_queue.dir/C_/Users/agras/.pico-sdk/sdk/2.1.0/src/rp2_common/pico_double/double_aeabi_dcp.S.obj
LOAD multicore/multicore_runner_queue/CMakeFiles/multicore_runner_queue.dir/C_/Users/agras/.pico-sdk/sdk/2.1.0/src/rp2_common/pico_double/double_fma_dcp.S.obj
LOAD multicore/multicore_runner_queue/CMakeFiles/multicore_runner_queue.dir/C_/Users/agras/.pico-sdk/sdk/2.1.0/src/rp2_common/pico_double/double_sci_m33.S.obj
LOAD multicore/multicore_runner_queue/CMakeFiles/multicore_runner_queue.dir/C_/Users/agras/.pico-sdk/sdk/2.1.0/src/rp2_common/pico_double/double_conv_m33.S.obj
LOAD multicore/multicore_runner_queue/CMakeFiles/multicore_runner_queue.dir/C_/Users/agras/.pico-sdk/sdk/2.1.0/src/rp2_common/pico_float/float_math.c.obj
LOAD multicore/multicore_runner_queue/CMakeFiles/multicore_runner_queue.dir/C_/Users/agras/.pico-sdk/sdk/2.1.0/src/rp2_common/pico_float/float_sci_m33_vfp.S.obj