Archive member included to satisfy reference by file (symbol)

C:/Users/agras/.pico-sdk/toolchain/13_3_Rel1/bin/../lib/gcc/arm-none-eabi/13.3.1/thumb/v8-m.main+fp/softfp\libm.a(libm_a-wf_sqrt.o)
                              usb/host/tinyusb_host_examples/cdc_msc_hid/CMakeFiles/tinyusb_host_cdc_msc_hid.dir/C_/Users/agras/.pico-sdk/sdk/2.1.0/src/rp2_common/pico_float/float_math.c.obj (sqrtf)
C:/Users/agras/.pico-sdk/toolchain/13_3_Rel1/bin/../lib/gcc/arm-none-eabi/13.3.1/thumb/v8-m.main+fp/softfp\libm.a(libm_a-ef_sqrt.o)
                              C:/Users/agras/.pico-sdk/toolchain/13_3_Rel1/bin/../lib/gcc/arm-none-eabi/13.3.1/thumb/v8-m.main+fp/softfp\libm.a(libm_a-wf_sqrt.o) (__ieee754_sqrtf)
C:/Users/agras/.pico-sdk/toolchain/13_3_Rel1/bin/../lib/gcc/arm-none-eabi/13.3.1/thumb/v8-m.main+fp/softfp\libgcc.a(_arm_addsubdf3.o)
                              usb/host/tinyusb_host_examples/cdc_msc_hid/CMakeFiles/tinyusb_host_cdc_msc_hid.dir/C_/Users/agras/.pico-sdk/sdk/2.1.0/src/rp2_common/pico_float/float_math.c.obj (__aeabi_f2d)
C:/Users/agras/.pico-sdk/toolchain/13_3_Rel1/bin/../lib/gcc/arm-none-eabi/13.3.1/thumb/v8-m.main+fp/softfp\libgcc.a(_aeabi_ldivmod.o)
                              usb/host/tinyusb_host_examples/cdc_msc_hid/CMakeFiles/tinyusb_host_cdc_msc_hid.dir/C_/Users/agras/.pico-sdk/sdk/2.1.0/src/common/pico_time/time.c.obj (__aeabi_ldivmod)
C:/Users/agras/.pico-sdk/toolchain/13_3_Rel1/bin/../lib/gcc/arm-none-eabi/13.3.1/thumb/v8-m.main+fp/softfp\libgcc.a(_aeabi_uldivmod.o)
                              usb/host/tinyusb_host_examples/cdc_msc_hid/CMakeFiles/tinyusb_host_cdc_msc_hid.dir/src/main.c.obj (__aeabi_uldivmod)
C:/Users/agras/.pico-sdk/toolchain/13_3_Rel1/bin/../lib/gcc/arm-none-eabi/13.3.1/thumb/v8-m.main+fp/softfp\libgcc.a(_udivmoddi4.o)
                              C:/Users/agras/.pico-sdk/toolchain/13_3_Rel1/bin/../lib/gcc/arm-none-eabi/13.3.1/thumb/v8-m.main+fp/softfp\libgcc.a(_aeabi_ldivmod.o) (__udivmoddi4)
C:/Users/agras/.pico-sdk/toolchain/13_3_Rel1/bin/../lib/gcc/arm-none-eabi/13.3.1/thumb/v8-m.main+fp/softfp\libgcc.a(_dvmd_tls.o)
                              C:/Users/agras/.pico-sdk/toolchain/13_3_Rel1/bin/../lib/gcc/arm-none-eabi/13.3.1/thumb/v8-m.main+fp/softfp\libgcc.a(_aeabi_ldivmod.o) (__aeabi_ldiv0)
C:/Users/agras/.pico-sdk/toolchain/13_3_Rel1/bin/../lib/gcc/arm-none-eabi/13.3.1/thumb/v8-m.main+fp/softfp\libg.a(libc_a-calloc.o)
                              usb/host/tinyusb_host_examples/cdc_msc_hid/CMakeFiles/tinyusb_host_cdc_msc_hid.dir/C_/Users/agras/.pico-sdk/sdk/2.1.0/src/rp2_common/pico_malloc/malloc.c.obj (calloc)
C:/Users/agras/.pico-sdk/toolchain/13_3_Rel1/bin/../lib/gcc/arm-none-eabi/13.3.1/thumb/v8-m.main+fp/softfp\libg.a(libc_a-callocr.o)
                              C:/Users/agras/.pico-sdk/toolchain/13_3_Rel1/bin/../lib/gcc/arm-none-eabi/13.3.1/thumb/v8-m.main+fp/softfp\libg.a(libc_a-calloc.o) (_calloc_r)
C:/Users/agras/.pico-sdk/toolchain/13_3_Rel1/bin/../lib/gcc/arm-none-eabi/13.3.1/thumb/v8-m.main+fp/softfp\libg.a(libc_a-malloc.o)
                              usb/host/tinyusb_host_examples/cdc_msc_hid/CMakeFiles/tinyusb_host_cdc_msc_hid.dir/C_/Users/agras/.pico-sdk/sdk/2.1.0/src/rp2_common/pico_malloc/malloc.c.obj (malloc)
C:/Users/agras/.pico-sdk/toolchain/13_3_Rel1/bin/../lib/gcc/arm-none-eabi/13.3.1/thumb/v8-m.main+fp/softfp\libg.a(libc_a-mallocr.o)
                              C:/Users/agras/.pico-sdk/toolchain/13_3_Rel1/bin/../lib/gcc/arm-none-eabi/13.3.1/thumb/v8-m.main+fp/softfp\libg.a(libc_a-callocr.o) (_malloc_r)
C:/Users/agras/.pico-sdk/toolchain/13_3_Rel1/bin/../lib/gcc/arm-none-eabi/13.3.1/thumb/v8-m.main+fp/softfp\libg.a(libc_a-mlock.o)
                              C:/Users/agras/.pico-sdk/toolchain/13_3_Rel1/bin/../lib/gcc/arm-none-eabi/13.3.1/thumb/v8-m.main+fp/softfp\libg.a(libc_a-mallocr.o) (__malloc_lock)
C:/Users/agras/.pico-sdk/toolchain/13_3_Rel1/bin/../lib/gcc/arm-none-eabi/13.3.1/thumb/v8-m.main+fp/softfp\libg.a(libc_a-realloc.o)
                              usb/host/tinyusb_host_examples/cdc_msc_hid/CMakeFiles/tinyusb_host_cdc_msc_hid.dir/C_/Users/agras/.pico-sdk/sdk/2.1.0/src/rp2_common/pico_malloc/malloc.c.obj (realloc)
C:/Users/agras/.pico-sdk/toolchain/13_3_Rel1/bin/../lib/gcc/arm-none-eabi/13.3.1/thumb/v8-m.main+fp/softfp\libg.a(libc_a-reallocr.o)
                              C:/Users/agras/.pico-sdk/toolchain/13_3_Rel1/bin/../lib/gcc/arm-none-eabi/13.3.1/thumb/v8-m.main+fp/softfp\libg.a(libc_a-realloc.o) (_realloc_r)
C:/Users/agras/.pico-sdk/toolchain/13_3_Rel1/bin/../lib/gcc/arm-none-eabi/13.3.1/thumb/v8-m.main+fp/softfp\libg.a(libc_a-ctype_.o)
                              usb/host/tinyusb_host_examples/cdc_msc_hid/CMakeFiles/tinyusb_host_cdc_msc_hid.dir/C_/Users/agras/.pico-sdk/sdk/2.1.0/lib/tinyusb/src/tusb.c.obj (_ctype_)
C:/Users/agras/.pico-sdk/toolchain/13_3_Rel1/bin/../lib/gcc/arm-none-eabi/13.3.1/thumb/v8-m.main+fp/softfp\libg.a(libc_a-fflush.o)
[...]
Memory Configuration

Name             Origin             Length             Attributes
FLASH            0x10000000         0x00400000         xr
RAM              0x20000000         0x00080000         xrw
SCRATCH_X        0x20080000         0x00001000         xrw
SCRATCH_Y        0x20081000         0x00001000         xrw
*default*        0x00000000         0xffffffff

Linker script and memory map

LOAD C:/Users/agras/.pico-sdk/toolchain/13_3_Rel1/bin/../lib/gcc/arm-none-eabi/13.3.1/thumb/v8-m.main+fp/softfp/crti.o
LOAD C:/Users/agras/.pico-sdk/toolchain/13_3_Rel1/bin/../lib/gcc/arm-none-eabi/13.3.1/thumb/v8-m.main+fp/softfp/crtbegin.o
LOAD C:/Users/agras/.pico-sdk/toolchain/13_3_Rel1/bin/../lib/gcc/arm-none-eabi/13.3.1/thumb/v8-m.main+fp/softfp/crt0.o

.flash_begin    0x10000000        0x0
                0x10000000                        __flash_binary_start = .

.text           0x10000000     0x9998
                0x10000000                        __logical_binary_start = .
 *(.vectors)
 .vectors       0x10000000      0x124 usb/host/tinyusb_host_examples/cdc_msc_hid/CMakeFiles/tinyusb_host_cdc_msc_hid.dir/C_/Users/agras/.pico-sdk/sdk/2.1.0/src/rp2_common/pico_crt0/crt0.S.obj
                0x10000000                __VECTOR_TABLE
                0x10000000                __vectors
                0x10000110                __default_isrs_start
                0x10000110                isr_invalid
                0x10000112                isr_nmi
                0x10000114                isr_hardfault
                0x10000116                isr_svcall
                0x10000118                isr_pendsv
                0x1000011a                isr_systick
                0x1000011c                isr_irq31
                0x1000011c                isr_irq5
                0x1000011c                isr_irq11
                0x1000011c                isr_irq32
                0x1000011c                isr_irq23
                0x1000011c                isr_irq48
                0x1000011c                isr_irq35
                0x1000011c                isr_irq18
                0x1000011c                isr_irq50
                0x1000011c                isr_irq27
                0x1000011c                isr_irq40
                0x1000011c                isr_irq28
                0x1000011c                isr_irq19
                0x1000011c                isr_irq36
                0x1000011c                isr_irq41
                0x1000011c                isr_irq0
                0x1000011c                isr_irq6
                0x1000011c                isr_irq45
                0x1000011c                isr_irq12
                0x1000011c                isr_irq37
                0x1000011c                isr_irq42
                0x1000011c                isr_irq22
                0x1000011c                isr_irq43
                0x1000011c                isr_irq17
                0x1000011c                isr_irq38
                0x1000011c                isr_irq14
                0x1000011c                isr_irq13
                0x1000011c                isr_irq2
                0x1000011c                isr_irq10
                0x1000011c                isr_irq8
                0x1000011c                isr_irq24
                0x1000011c                isr_irq46
                0x1000011c                isr_irq1
                0x1000011c                isr_irq47
                0x1000011c                isr_irq51
                0x1000011c                isr_irq7
                0x1000011c                isr_irq21
                0x1000011c                isr_irq39
                0x1000011c                isr_irq20
                0x1000011c                isr_irq15
                0x1000011c                isr_irq25
                0x1000011c                isr_irq34
                0x1000011c                isr_irq49
                0x1000011c                __unhandled_user_irq
                0x1000011c                isr_irq4
                0x1000011c                isr_irq16
                0x1000011c                isr_irq44
                0x1000011c                isr_irq29
                0x1000011c                isr_irq26
                0x1000011c                __default_isrs_end
                0x1000011c                isr_irq33
                0x1000011c                isr_irq3
                0x1000011c                isr_irq30
                0x1000011c                isr_irq9
                0x10000122                unhandled_user_irq_num_in_r0
 *(.binary_info_header)
 .binary_info_header
                0x10000124       0x14 usb/host/tinyusb_host_examples/cdc_msc_hid/CMakeFiles/tinyusb_host_cdc_msc_hid.dir/C_/Users/agras/.pico-sdk/sdk/2.1.0/src/rp2_common/pico_crt0/crt0.S.obj
                0x10000138                        __binary_info_header_end = .
 *(.embedded_block)
 .embedded_block
                0x10000138       0x14 usb/host/tinyusb_host_examples/cdc_msc_hid/CMakeFiles/tinyusb_host_cdc_msc_hid.dir/C_/Users/agras/.pico-sdk/sdk/2.1.0/src/rp2_common/pico_crt0/crt0.S.obj
                0x1000014c                        __embedded_block_end = .
 *(.reset)
 .reset         0x1000014c       0xa0 usb/host/tinyusb_host_examples/cdc_msc_hid/CMakeFiles/tinyusb_host_cdc_msc_hid.dir/C_/Users/agras/.pico-sdk/sdk/2.1.0/src/rp2_common/pico_crt0/crt0.S.obj
                0x1000014c                _entry_point
 *(.init)
 .init          0x100001ec        0x4 C:/Users/agras/.pico-sdk/toolchain/13_3_Rel1/bin/../lib/gcc/arm-none-eabi/13.3.1/thumb/v8-m.main+fp/softfp/crti.o
                0x100001ec                _init
 SORT_BY_NAME(REVERSE(*libgcc.a:cmse_nonsecure_call.o))()
 *(EXCLUDE_FILE(*libm.a: *libc.a:*lib_a-mem*.o *libgcc.a:) .text*)
 .text.register_tm_clones
                0x100001f0       0x28 C:/Users/agras/.pico-sdk/toolchain/13_3_Rel1/bin/../lib/gcc/arm-none-eabi/13.3.1/thumb/v8-m.main+fp/softfp/crtbegin.o
 .text.frame_dummy
                0x10000218       0x24 C:/Users/agras/.pico-sdk/toolchain/13_3_Rel1/bin/../lib/gcc/arm-none-eabi/13.3.1/thumb/v8-m.main+fp/softfp/crtbegin.o
 .text.get_console_inputs
                0x1000023c       0x1e usb/host/tinyusb_host_examples/cdc_msc_hid/CMakeFiles/tinyusb_host_cdc_msc_hid.dir/src/cdc_app.c.obj
                0x1000023c                get_console_inputs
 .text.cdc_app_task
                0x1000025a       0x42 usb/host/tinyusb_host_examples/cdc_msc_hid/CMakeFiles/tinyusb_host_cdc_msc_hid.dir/src/cdc_app.c.obj
                0x1000025a                cdc_app_task
 .text.tuh_cdc_rx_cb
                0x1000029c       0x2c usb/host/tinyusb_host_examples/cdc_msc_hid/CMakeFiles/tinyusb_host_cdc_msc_hid.dir/src/cdc_app.c.obj
                0x1000029c                tuh_cdc_rx_cb
 .text.tuh_cdc_mount_cb
                0x100002c8       0x60 usb/host/tinyusb_host_examples/cdc_msc_hid/CMakeFiles/tinyusb_host_cdc_msc_hid.dir/src/cdc_app.c.obj
                0x100002c8                tuh_cdc_mount_cb
 .text.tuh_cdc_umount_cb
                0x10000328       0x2c usb/host/tinyusb_host_examples/cdc_msc_hid/CMakeFiles/tinyusb_host_cdc_msc_hid.dir/src/cdc_app.c.obj
                0x10000328                tuh_cdc_umount_cb
 .text.process_kbd_report
                0x10000354       0x80 usb/host/tinyusb_host_examples/cdc_msc_hid/CMakeFiles/tinyusb_host_cdc_msc_hid.dir/src/hid_app.c.obj
 .text.hid_app_task
                0x100003d4        0x2 usb/host/tinyusb_host_examples/cdc_msc_hid/CMakeFiles/tinyusb_host_cdc_msc_hid.dir/src/hid_app.c.obj
                0x100003d4                hid_app_task
 *fill*         0x100003d6        0x2 
 .text.tuh_hid_mount_cb
                0x100003d8       0x98 usb/host/tinyusb_host_examples/cdc_msc_hid/CMakeFiles/tinyusb_host_cdc_msc_hid.dir/src/hid_app.c.obj
                0x100003d8                tuh_hid_mount_cb
 .text.tuh_hid_umount_cb
                0x10000470       0x14 usb/host/tinyusb_host_examples/cdc_msc_hid/CMakeFiles/tinyusb_host_cdc_msc_hid.dir/src/hid_app.c.obj
                0x10000470                tuh_hid_umount_cb
 .text.cursor_movement
                0x10000484       0x14 usb/host/tinyusb_host_examples/cdc_msc_hid/CMakeFiles/tinyusb_host_cdc_msc_hid.dir/src/hid_app.c.obj
                0x10000484                cursor_movement
 .text.process_mouse_report
                0x10000498       0x48 usb/host/tinyusb_host_examples/cdc_msc_hid/CMakeFiles/tinyusb_host_cdc_msc_hid.dir/src/hid_app.c.obj
 .text.process_generic_report
                0x100004e0       0x8c usb/host/tinyusb_host_examples/cdc_msc_hid/CMakeFiles/tinyusb_host_cdc_msc_hid.dir/src/hid_app.c.obj
 .text.tuh_hid_report_received_cb
                0x1000056c       0x4c usb/host/tinyusb_host_examples/cdc_msc_hid/CMakeFiles/tinyusb_host_cdc_msc_hid.dir/src/hid_app.c.obj
                0x1000056c                tuh_hid_report_received_cb
 .text.board_millis
                0x100005b8       0x24 usb/host/tinyusb_host_examples/cdc_msc_hid/CMakeFiles/tinyusb_host_cdc_msc_hid.dir/src/main.c.obj
 .text.tuh_mount_cb
                0x100005dc       0x10 usb/host/tinyusb_host_examples/cdc_msc_hid/CMakeFiles/tinyusb_host_cdc_msc_hid.dir/src/main.c.obj
                0x100005dc                tuh_mount_cb
 .text.tuh_umount_cb
                0x100005ec       0x10 usb/host/tinyusb_host_examples/cdc_msc_hid/CMakeFiles/tinyusb_host_cdc_msc_hid.dir/src/main.c.obj
                0x100005ec                tuh_umount_cb
 .text.led_blinking_task
                0x100005fc       0x38 usb/host/tinyusb_host_examples/cdc_msc_hid/CMakeFiles/tinyusb_host_cdc_msc_hid.dir/src/main.c.obj
                0x100005fc                led_blinking_task
 .text.main     0x10000634       0x3c usb/host/tinyusb_host_examples/cdc_msc_hid/CMakeFiles/tinyusb_host_cdc_msc_hid.dir/src/main.c.obj
                0x10000634                main
 .text.inquiry_complete_cb
                0x10000670       0x70 usb/host/tinyusb_host_examples/cdc_msc_hid/CMakeFiles/tinyusb_host_cdc_msc_hid.dir/src/msc_app.c.obj
                0x10000670                inquiry_complete_cb
 .text.tuh_msc_mount_cb
                0x100006e0       0x2c usb/host/tinyusb_host_examples/cdc_msc_hid/CMakeFiles/tinyusb_host_cdc_msc_hid.dir/src/msc_app.c.obj
                0x100006e0                tuh_msc_mount_cb
 .text.tuh_msc_umount_cb
                0x1000070c       0x10 usb/host/tinyusb_host_examples/cdc_msc_hid/CMakeFiles/tinyusb_host_cdc_msc_hid.dir/src/msc_app.c.obj
                0x1000070c                tuh_msc_umount_cb
 .text.gpio_set_function
                0x1000071c       0x38 usb/host/tinyusb_host_examples/cdc_msc_hid/CMakeFiles/tinyusb_host_cdc_msc_hid.dir/C_/Users/agras/.pico-sdk/sdk/2.1.0/src/rp2_common/hardware_gpio/gpio.c.obj
                0x1000071c                gpio_set_function
 .text.gpio_init
                0x10000754       0x16 usb/host/tinyusb_host_examples/cdc_msc_hid/CMakeFiles/tinyusb_host_cdc_msc_hid.dir/C_/Users/agras/.pico-sdk/sdk/2.1.0/src/rp2_common/hardware_gpio/gpio.c.obj
                0x10000754                gpio_init
 *fill*         0x1000076a        0x2 
 .text.panic    0x1000076c       0x30 usb/host/tinyusb_host_examples/cdc_msc_hid/CMakeFiles/tinyusb_host_cdc_msc_hid.dir/C_/Users/agras/.pico-sdk/sdk/2.1.0/src/rp2_common/pico_platform_panic/panic.c.obj
                0x1000076c                panic
 .text.hw_claim_lock
                0x1000079c       0x24 usb/host/tinyusb_host_examples/cdc_msc_hid/CMakeFiles/tinyusb_host_cdc_msc_hid.dir/C_/Users/agras/.pico-sdk/sdk/2.1.0/src/common/hardware_claim/claim.c.obj
                0x1000079c                hw_claim_lock
 .text.hw_claim_unlock
                0x100007c0       0x14 usb/host/tinyusb_host_examples/cdc_msc_hid/CMakeFiles/tinyusb_host_cdc_msc_hid.dir/C_/Users/agras/.pico-sdk/sdk/2.1.0/src/common/hardware_claim/claim.c.obj
                0x100007c0                hw_claim_unlock
 .text.hw_claim_or_assert
                0x100007d4       0x32 usb/host/tinyusb_host_examples/cdc_msc_hid/CMakeFiles/tinyusb_host_cdc_msc_hid.dir/C_/Users/agras/.pico-sdk/sdk/2.1.0/src/common/hardware_claim/claim.c.obj
                0x100007d4                hw_claim_or_assert
 .text.hw_claim_unused_from_range
                0x10000806       0x4e usb/host/tinyusb_host_examples/cdc_msc_hid/CMakeFiles/tinyusb_host_cdc_msc_hid.dir/C_/Users/agras/.pico-sdk/sdk/2.1.0/src/common/hardware_claim/claim.c.obj
                0x10000806                hw_claim_unused_from_range
 .text.next_striped_spin_lock_num
                0x10000854       0x1c usb/host/tinyusb_host_examples/cdc_msc_hid/CMakeFiles/tinyusb_host_cdc_msc_hid.dir/C_/Users/agras/.pico-sdk/sdk/2.1.0/src/rp2_common/hardware_sync/sync.c.obj
                0x10000854                next_striped_spin_lock_num
 .text.spin_lock_claim_unused
                0x10000870       0x24 usb/host/tinyusb_host_examples/cdc_msc_hid/CMakeFiles/tinyusb_host_cdc_msc_hid.dir/C_/Users/agras/.pico-sdk/sdk/2.1.0/src/rp2_common/hardware_sync/sync.c.obj
                0x10000870                spin_lock_claim_unused
 .text.spinlock_set_extexclall
                0x10000894        0xe usb/host/tinyusb_host_examples/cdc_msc_hid/CMakeFiles/tinyusb_host_cdc_msc_hid.dir/C_/Users/agras/.pico-sdk/sdk/2.1.0/src/rp2_common/hardware_sync_spin_lock/sync_spin_lock.c.obj
 *fill*         0x100008a2        0x2 
 .text.spin_locks_reset
                0x100008a4       0x1c usb/host/tinyusb_host_examples/cdc_msc_hid/CMakeFiles/tinyusb_host_cdc_msc_hid.dir/C_/Users/agras/.pico-sdk/sdk/2.1.0/src/rp2_common/hardware_sync_spin_lock/sync_spin_lock.c.obj
                0x100008a4                spin_locks_reset
 .text.set_raw_irq_handler_and_unlock
                0x100008c0       0x24 usb/host/tinyusb_host_examples/cdc_msc_hid/CMakeFiles/tinyusb_host_cdc_msc_hid.dir/C_/Users/agras/.pico-sdk/sdk/2.1.0/src/rp2_common/hardware_irq/irq.c.obj
 .text.nvic_ipr0
                0x100008e4        0x8 usb/host/tinyusb_host_examples/cdc_msc_hid/CMakeFiles/tinyusb_host_cdc_msc_hid.dir/C_/Users/agras/.pico-sdk/sdk/2.1.0/src/rp2_common/hardware_irq/irq.c.obj
 .text.runtime_init_per_core_irq_priorities
                0x100008ec       0x1a usb/host/tinyusb_host_examples/cdc_msc_hid/CMakeFiles/tinyusb_host_cdc_msc_hid.dir/C_/Users/agras/.pico-sdk/sdk/2.1.0/src/rp2_common/hardware_irq/irq.c.obj
                0x100008ec                runtime_init_per_core_irq_priorities
 *fill*         0x10000906        0x2 
 .text.resolve_j_16
                0x10000908       0x40 usb/host/tinyusb_host_examples/cdc_msc_hid/CMakeFiles/tinyusb_host_cdc_msc_hid.dir/C_/Users/agras/.pico-sdk/sdk/2.1.0/src/rp2_common/hardware_irq/irq.c.obj
 .text.make_j_16
                0x10000948       0x3c usb/host/tinyusb_host_examples/cdc_msc_hid/CMakeFiles/tinyusb_host_cdc_msc_hid.dir/C_/Users/agras/.pico-sdk/sdk/2.1.0/src/rp2_common/hardware_irq/irq.c.obj
 .text.insert_bl_32
                0x10000984       0x3c usb/host/tinyusb_host_examples/cdc_msc_hid/CMakeFiles/tinyusb_host_cdc_msc_hid.dir/C_/Users/agras/.pico-sdk/sdk/2.1.0/src/rp2_common/hardware_irq/irq.c.obj
 .text.irq_is_enabled
                0x100009c0       0x20 usb/host/tinyusb_host_examples/cdc_msc_hid/CMakeFiles/tinyusb_host_cdc_msc_hid.dir/C_/Users/agras/.pico-sdk/sdk/2.1.0/src/rp2_common/hardware_irq/irq.c.obj
                0x100009c0                irq_is_enabled
 .text.irq_set_mask_n_enabled
                0x100009e0       0x20 usb/host/tinyusb_host_examples/cdc_msc_hid/CMakeFiles/tinyusb_host_cdc_msc_hid.dir/C_/Users/agras/.pico-sdk/sdk/2.1.0/src/rp2_common/hardware_irq/irq.c.obj
                0x100009e0                irq_set_mask_n_enabled
 .text.irq_set_enabled
                0x10000a00       0x14 usb/host/tinyusb_host_examples/cdc_msc_hid/CMakeFiles/tinyusb_host_cdc_msc_hid.dir/C_/Users/agras/.pico-sdk/sdk/2.1.0/src/rp2_common/hardware_irq/irq.c.obj
                0x10000a00                irq_set_enabled
 .text.irq_get_vtable_handler
                0x10000a14       0x10 usb/host/tinyusb_host_examples/cdc_msc_hid/CMakeFiles/tinyusb_host_cdc_msc_hid.dir/C_/Users/agras/.pico-sdk/sdk/2.1.0/src/rp2_common/hardware_irq/irq.c.obj
                0x10000a14                irq_get_vtable_handler
 .text.irq_set_exclusive_handler
                0x10000a24       0x60 usb/host/tinyusb_host_examples/cdc_msc_hid/CMakeFiles/tinyusb_host_cdc_msc_hid.dir/C_/Users/agras/.pico-sdk/sdk/2.1.0/src/rp2_common/hardware_irq/irq.c.obj
                0x10000a24                irq_set_exclusive_handler
 .text.irq_add_shared_handler
                0x10000a84      0x234 usb/host/tinyusb_host_examples/cdc_msc_hid/CMakeFiles/tinyusb_host_cdc_msc_hid.dir/C_/Users/agras/.pico-sdk/sdk/2.1.0/src/rp2_common/hardware_irq/irq.c.obj
                0x10000a84                irq_add_shared_handler
 .text.irq_remove_handler
                0x10000cb8      0x178 usb/host/tinyusb_host_examples/cdc_msc_hid/CMakeFiles/tinyusb_host_cdc_msc_hid.dir/C_/Users/agras/.pico-sdk/sdk/2.1.0/src/rp2_common/hardware_irq/irq.c.obj
                0x10000cb8                irq_remove_handler
 .text.irq_add_tail_to_free_list
                0x10000e30       0xf8 usb/host/tinyusb_host_examples/cdc_msc_hid/CMakeFiles/tinyusb_host_cdc_msc_hid.dir/C_/Users/agras/.pico-sdk/sdk/2.1.0/src/rp2_common/hardware_irq/irq.c.obj
                0x10000e30                irq_add_tail_to_free_list
 .text.lock_init
                0x10000f28        0xc usb/host/tinyusb_host_examples/cdc_msc_hid/CMakeFiles/tinyusb_host_cdc_msc_hid.dir/C_/Users/agras/.pico-sdk/sdk/2.1.0/src/common/pico_sync/lock_core.c.obj
                0x10000f28                lock_init
 .text.mutex_init
                0x10000f34       0x1a usb/host/tinyusb_host_examples/cdc_msc_hid/CMakeFiles/tinyusb_host_cdc_msc_hid.dir/C_/Users/agras/.pico-sdk/sdk/2.1.0/src/common/pico_sync/mutex.c.obj
                0x10000f34                mutex_init
 .text.recursive_mutex_init
                0x10000f4e       0x1e usb/host/tinyusb_host_examples/cdc_msc_hid/CMakeFiles/tinyusb_host_cdc_msc_hid.dir/C_/Users/agras/.pico-sdk/sdk/2.1.0/src/common/pico_sync/mutex.c.obj
                0x10000f4e                recursive_mutex_init
 .text.runtime_init_mutex
                0x10000f6c       0x4c usb/host/tinyusb_host_examples/cdc_msc_hid/CMakeFiles/tinyusb_host_cdc_msc_hid.dir/C_/Users/agras/.pico-sdk/sdk/2.1.0/src/common/pico_sync/mutex.c.obj
                0x10000f6c                runtime_init_mutex
 .text.critical_section_init_with_lock_num
                0x10000fb8       0x10 usb/host/tinyusb_host_examples/cdc_msc_hid/CMakeFiles/tinyusb_host_cdc_msc_hid.dir/C_/Users/agras/.pico-sdk/sdk/2.1.0/src/common/pico_sync/critical_section.c.obj
                0x10000fb8                critical_section_init_with_lock_num
 .text.critical_section_init
                0x10000fc8       0x14 usb/host/tinyusb_host_examples/cdc_msc_hid/CMakeFiles/tinyusb_host_cdc_msc_hid.dir/C_/Users/agras/.pico-sdk/sdk/2.1.0/src/common/pico_sync/critical_section.c.obj
                0x10000fc8                critical_section_init
 .text.ta_from_current_irq
                0x10000fdc       0x24 usb/host/tinyusb_host_examples/cdc_msc_hid/CMakeFiles/tinyusb_host_cdc_msc_hid.dir/C_/Users/agras/.pico-sdk/sdk/2.1.0/src/common/pico_time/time.c.obj
 .text.make_alarm_id
                0x10001000        0x6 usb/host/tinyusb_host_examples/cdc_msc_hid/CMakeFiles/tinyusb_host_cdc_msc_hid.dir/C_/Users/agras/.pico-sdk/sdk/2.1.0/src/common/pico_time/time.c.obj
 *fill*         0x10001006        0x2 
 .text.sleep_until_callback
                0x10001008       0x3c usb/host/tinyusb_host_examples/cdc_msc_hid/CMakeFiles/tinyusb_host_cdc_msc_hid.dir/C_/Users/agras/.pico-sdk/sdk/2.1.0/src/common/pico_time/time.c.obj
 .text.alarm_pool_irq_handler
                0x10001044      0x2e0 usb/host/tinyusb_host_examples/cdc_msc_hid/CMakeFiles/tinyusb_host_cdc_msc_hid.dir/C_/Users/agras/.pico-sdk/sdk/2.1.0/src/common/pico_time/time.c.obj
 .text.ta_enable_irq_handler
                0x10001324       0x38 usb/host/tinyusb_host_examples/cdc_msc_hid/CMakeFiles/tinyusb_host_cdc_msc_hid.dir/C_/Users/agras/.pico-sdk/sdk/2.1.0/src/common/pico_time/time.c.obj
 .text.alarm_pool_post_alloc_init
                0x1000135c       0x7c usb/host/tinyusb_host_examples/cdc_msc_hid/CMakeFiles/tinyusb_host_cdc_msc_hid.dir/C_/Users/agras/.pico-sdk/sdk/2.1.0/src/common/pico_time/time.c.obj
 .text.alarm_pool_get_default
                0x100013d8       0x28 usb/host/tinyusb_host_examples/cdc_msc_hid/CMakeFiles/tinyusb_host_cdc_msc_hid.dir/C_/Users/agras/.pico-sdk/sdk/2.1.0/src/common/pico_time/time.c.obj
                0x100013d8                alarm_pool_get_default
 .text.alarm_pool_add_alarm_at_force_in_context
                0x10001400       0xc0 usb/host/tinyusb_host_examples/cdc_msc_hid/CMakeFiles/tinyusb_host_cdc_msc_hid.dir/C_/Users/agras/.pico-sdk/sdk/2.1.0/src/common/pico_time/time.c.obj
                0x10001400                alarm_pool_add_alarm_at_force_in_context
 .text.alarm_pool_add_alarm_at
                0x100014c0       0x38 usb/host/tinyusb_host_examples/cdc_msc_hid/CMakeFiles/tinyusb_host_cdc_msc_hid.dir/C_/Users/agras/.pico-sdk/sdk/2.1.0/src/common/pico_time/time.c.obj
                0x100014c0                alarm_pool_add_alarm_at
 .text.add_alarm_at
                0x100014f8       0x26 usb/host/tinyusb_host_examples/cdc_msc_hid/CMakeFiles/tinyusb_host_cdc_msc_hid.dir/C_/Users/agras/.pico-sdk/sdk/2.1.0/src/common/pico_time/time.c.obj
 .text.alarm_pool_cancel_alarm
                0x1000151e       0x72 usb/host/tinyusb_host_examples/cdc_msc_hid/CMakeFiles/tinyusb_host_cdc_msc_hid.dir/C_/Users/agras/.pico-sdk/sdk/2.1.0/src/common/pico_time/time.c.obj
                0x1000151e                alarm_pool_cancel_alarm
 .text.cancel_alarm
                0x10001590       0x10 usb/host/tinyusb_host_examples/cdc_msc_hid/CMakeFiles/tinyusb_host_cdc_msc_hid.dir/C_/Users/agras/.pico-sdk/sdk/2.1.0/src/common/pico_time/time.c.obj
 .text.sleep_until
                0x100015a0       0xc4 usb/host/tinyusb_host_examples/cdc_msc_hid/CMakeFiles/tinyusb_host_cdc_msc_hid.dir/C_/Users/agras/.pico-sdk/sdk/2.1.0/src/common/pico_time/time.c.obj
                0x100015a0                sleep_until
 .text.sleep_us
                0x10001664       0x24 usb/host/tinyusb_host_examples/cdc_msc_hid/CMakeFiles/tinyusb_host_cdc_msc_hid.dir/C_/Users/agras/.pico-sdk/sdk/2.1.0/src/common/pico_time/time.c.obj
                0x10001664                sleep_us
 .text.sleep_ms
                0x10001688       0x28 usb/host/tinyusb_host_examples/cdc_msc_hid/CMakeFiles/tinyusb_host_cdc_msc_hid.dir/C_/Users/agras/.pico-sdk/sdk/2.1.0/src/common/pico_time/time.c.obj
                0x10001688                sleep_ms
 .text.best_effort_wfe_or_timeout
                0x100016b0      0x100 usb/host/tinyusb_host_examples/cdc_msc_hid/CMakeFiles/tinyusb_host_cdc_msc_hid.dir/C_/Users/agras/.pico-sdk/sdk/2.1.0/src/common/pico_time/time.c.obj
                0x100016b0                best_effort_wfe_or_timeout
 .text.alarm_pool_get_default_timer
                0x100017b0        0x8 usb/host/tinyusb_host_examples/cdc_msc_hid/CMakeFiles/tinyusb_host_cdc_msc_hid.dir/C_/Users/agras/.pico-sdk/sdk/2.1.0/src/common/pico_time/time.c.obj
                0x100017b0                alarm_pool_get_default_timer
 .text.runtime_init_default_alarm_pool
                0x100017b8       0x34 usb/host/tinyusb_host_examples/cdc_msc_hid/CMakeFiles/tinyusb_host_cdc_msc_hid.dir/C_/Users/agras/.pico-sdk/sdk/2.1.0/src/common/pico_time/time.c.obj
                0x100017b8                runtime_init_default_alarm_pool
 .text.timer_hardware_alarm_claim
                0x100017ec       0x24 usb/host/tinyusb_host_examples/cdc_msc_hid/CMakeFiles/tinyusb_host_cdc_msc_hid.dir/C_/Users/agras/.pico-sdk/sdk/2.1.0/src/rp2_common/hardware_timer/timer.c.obj
                0x100017ec                timer_hardware_alarm_claim
 .text.timer_time_us_64
                0x10001810       0x10 usb/host/tinyusb_host_examples/cdc_msc_hid/CMakeFiles/tinyusb_host_cdc_msc_hid.dir/C_/Users/agras/.pico-sdk/sdk/2.1.0/src/rp2_common/hardware_timer/timer.c.obj
                0x10001810                timer_time_us_64
 .text.timer_busy_wait_until
                0x10001820       0x1a usb/host/tinyusb_host_examples/cdc_msc_hid/CMakeFiles/tinyusb_host_cdc_msc_hid.dir/C_/Users/agras/.pico-sdk/sdk/2.1.0/src/rp2_common/hardware_timer/timer.c.obj
                0x10001820                timer_busy_wait_until
 .text.timer_busy_wait_us
                0x1000183a       0x28 usb/host/tinyusb_host_examples/cdc_msc_hid/CMakeFiles/tinyusb_host_cdc_msc_hid.dir/C_/Users/agras/.pico-sdk/sdk/2.1.0/src/rp2_common/hardware_timer/timer.c.obj
                0x1000183a                timer_busy_wait_us
 *fill*         0x10001862        0x2 
 .text.time_us_64
                0x10001864       0x10 usb/host/tinyusb_host_examples/cdc_msc_hid/CMakeFiles/tinyusb_host_cdc_msc_hid.dir/C_/Users/agras/.pico-sdk/sdk/2.1.0/src/rp2_common/hardware_timer/timer.c.obj
                0x10001864                time_us_64
 .text.busy_wait_us
                0x10001874       0x14 usb/host/tinyusb_host_examples/cdc_msc_hid/CMakeFiles/tinyusb_host_cdc_msc_hid.dir/C_/Users/agras/.pico-sdk/sdk/2.1.0/src/rp2_common/hardware_timer/timer.c.obj
                0x10001874                busy_wait_us
 .text.busy_wait_until
                0x10001888       0x14 usb/host/tinyusb_host_examples/cdc_msc_hid/CMakeFiles/tinyusb_host_cdc_msc_hid.dir/C_/Users/agras/.pico-sdk/sdk/2.1.0/src/rp2_common/hardware_timer/timer.c.obj
                0x10001888                busy_wait_until
 .text.uart_unreset
                0x1000189c       0x2c usb/host/tinyusb_host_examples/cdc_msc_hid/CMakeFiles/tinyusb_host_cdc_msc_hid.dir/C_/Users/agras/.pico-sdk/sdk/2.1.0/src/rp2_common/hardware_uart/uart.c.obj
 .text.uart_disable_before_lcr_write
                0x100018c8       0x40 usb/host/tinyusb_host_examples/cdc_msc_hid/CMakeFiles/tinyusb_host_cdc_msc_hid.dir/C_/Users/agras/.pico-sdk/sdk/2.1.0/src/rp2_common/hardware_uart/uart.c.obj
 .text.uart_write_lcr_bits_masked
                0x10001908       0x1c usb/host/tinyusb_host_examples/cdc_msc_hid/CMakeFiles/tinyusb_host_cdc_msc_hid.dir/C_/Users/agras/.pico-sdk/sdk/2.1.0/src/rp2_common/hardware_uart/uart.c.obj
 .text.uart_set_baudrate
                0x10001924       0x52 usb/host/tinyusb_host_examples/cdc_msc_hid/CMakeFiles/tinyusb_host_cdc_msc_hid.dir/C_/Users/agras/.pico-sdk/sdk/2.1.0/src/rp2_common/hardware_uart/uart.c.obj
                0x10001924                uart_set_baudrate
 *fill*         0x10001976        0x2 
 .text.uart_set_translate_crlf
                0x10001978       0x24 usb/host/tinyusb_host_examples/cdc_msc_hid/CMakeFiles/tinyusb_host_cdc_msc_hid.dir/C_/Users/agras/.pico-sdk/sdk/2.1.0/src/rp2_common/hardware_uart/uart.c.obj
                0x10001978                uart_set_translate_crlf
 .text.uart_init
                0x1000199c       0x5c usb/host/tinyusb_host_examples/cdc_msc_hid/CMakeFiles/tinyusb_host_cdc_msc_hid.dir/C_/Users/agras/.pico-sdk/sdk/2.1.0/src/rp2_common/hardware_uart/uart.c.obj
                0x1000199c                uart_init
 .text.clock_configure_internal
                0x100019f8       0xb8 usb/host/tinyusb_host_examples/cdc_msc_hid/CMakeFiles/tinyusb_host_cdc_msc_hid.dir/C_/Users/agras/.pico-sdk/sdk/2.1.0/src/rp2_common/hardware_clocks/clocks.c.obj
 .text.clock_configure_undivided
                0x10001ab0       0x12 usb/host/tinyusb_host_examples/cdc_msc_hid/CMakeFiles/tinyusb_host_cdc_msc_hid.dir/C_/Users/agras/.pico-sdk/sdk/2.1.0/src/rp2_common/hardware_clocks/clocks.c.obj
                0x10001ab0                clock_configure_undivided
 *fill*         0x10001ac2        0x2 
 .text.clock_get_hz
                0x10001ac4        0xc usb/host/tinyusb_host_examples/cdc_msc_hid/CMakeFiles/tinyusb_host_cdc_msc_hid.dir/C_/Users/agras/.pico-sdk/sdk/2.1.0/src/rp2_common/hardware_clocks/clocks.c.obj
                0x10001ac4                clock_get_hz
 .text.pll_init
                0x10001ad0      0x108 usb/host/tinyusb_host_examples/cdc_msc_hid/CMakeFiles/tinyusb_host_cdc_msc_hid.dir/C_/Users/agras/.pico-sdk/sdk/2.1.0/src/rp2_common/hardware_pll/pll.c.obj
                0x10001ad0                pll_init
 .text.tick_start
                0x10001bd8       0x1c usb/host/tinyusb_host_examples/cdc_msc_hid/CMakeFiles/tinyusb_host_cdc_msc_hid.dir/C_/Users/agras/.pico-sdk/sdk/2.1.0/src/rp2_common/hardware_ticks/ticks.c.obj
                0x10001bd8                tick_start
 .text.rom_func_lookup
                0x10001bf4       0x1e usb/host/tinyusb_host_examples/cdc_msc_hid/CMakeFiles/tinyusb_host_cdc_msc_hid.dir/C_/Users/agras/.pico-sdk/sdk/2.1.0/src/rp2_common/pico_bootrom/bootrom.c.obj
                0x10001bf4                rom_func_lookup
 *fill*         0x10001c12        0x2 
 .text.runtime_init_bootrom_locking_enable
                0x10001c14       0x14 usb/host/tinyusb_host_examples/cdc_msc_hid/CMakeFiles/tinyusb_host_cdc_msc_hid.dir/C_/Users/agras/.pico-sdk/sdk/2.1.0/src/rp2_common/pico_bootrom/bootrom_lock.c.obj
                0x10001c14                runtime_init_bootrom_locking_enable
 .text.boot_locks_reset
                0x10001c28       0x20 usb/host/tinyusb_host_examples/cdc_msc_hid/CMakeFiles/tinyusb_host_cdc_msc_hid.dir/C_/Users/agras/.pico-sdk/sdk/2.1.0/src/rp2_common/hardware_boot_lock/boot_lock.c.obj
                0x10001c28                boot_locks_reset
 .text.runtime_init_boot_locks_reset
                0x10001c48        0x8 usb/host/tinyusb_host_examples/cdc_msc_hid/CMakeFiles/tinyusb_host_cdc_msc_hid.dir/C_/Users/agras/.pico-sdk/sdk/2.1.0/src/rp2_common/hardware_boot_lock/boot_lock.c.obj
                0x10001c48                runtime_init_boot_locks_reset
 .text.xosc_init
                0x10001c50       0x28 usb/host/tinyusb_host_examples/cdc_msc_hid/CMakeFiles/tinyusb_host_cdc_msc_hid.dir/C_/Users/agras/.pico-sdk/sdk/2.1.0/src/rp2_common/hardware_xosc/xosc.c.obj
                0x10001c50                xosc_init
 .text.runtime_run_initializers_from
                0x10001c78       0x18 usb/host/tinyusb_host_examples/cdc_msc_hid/CMakeFiles/tinyusb_host_cdc_msc_hid.dir/C_/Users/agras/.pico-sdk/sdk/2.1.0/src/rp2_common/pico_runtime/runtime.c.obj
 .text.first_per_core_initializer
                0x10001c90        0x2 usb/host/tinyusb_host_examples/cdc_msc_hid/CMakeFiles/tinyusb_host_cdc_msc_hid.dir/C_/Users/agras/.pico-sdk/sdk/2.1.0/src/rp2_common/pico_runtime/runtime.c.obj
 *fill*         0x10001c92        0x2 
 .text.runtime_run_initializers
                0x10001c94       0x10 usb/host/tinyusb_host_examples/cdc_msc_hid/CMakeFiles/tinyusb_host_cdc_msc_hid.dir/C_/Users/agras/.pico-sdk/sdk/2.1.0/src/rp2_common/pico_runtime/runtime.c.obj
                0x10001c94                runtime_run_initializers
 .text.runtime_init_early_resets
                0x10001ca4       0x2c usb/host/tinyusb_host_examples/cdc_msc_hid/CMakeFiles/tinyusb_host_cdc_msc_hid.dir/C_/Users/agras/.pico-sdk/sdk/2.1.0/src/rp2_common/pico_runtime_init/runtime_init.c.obj
                0x10001ca4                runtime_init_early_resets
 .text.runtime_init_usb_power_down
                0x10001cd0       0x20 usb/host/tinyusb_host_examples/cdc_msc_hid/CMakeFiles/tinyusb_host_cdc_msc_hid.dir/C_/Users/agras/.pico-sdk/sdk/2.1.0/src/rp2_common/pico_runtime_init/runtime_init.c.obj
                0x10001cd0                runtime_init_usb_power_down
 .text.runtime_init_per_core_enable_coprocessors
                0x10001cf0       0x1c usb/host/tinyusb_host_examples/cdc_msc_hid/CMakeFiles/tinyusb_host_cdc_msc_hid.dir/C_/Users/agras/.pico-sdk/sdk/2.1.0/src/rp2_common/pico_runtime_init/runtime_init.c.obj
                0x10001cf0                runtime_init_per_core_enable_coprocessors
 .text.runtime_init_post_clock_resets
                0x10001d0c       0x20 usb/host/tinyusb_host_examples/cdc_msc_hid/CMakeFiles/tinyusb_host_cdc_msc_hid.dir/C_/Users/agras/.pico-sdk/sdk/2.1.0/src/rp2_common/pico_runtime_init/runtime_init.c.obj
                0x10001d0c                runtime_init_post_clock_resets
 .text.runtime_init_bootrom_reset
                0x10001d2c       0x12 usb/host/tinyusb_host_examples/cdc_msc_hid/CMakeFiles/tinyusb_host_cdc_msc_hid.dir/C_/Users/agras/.pico-sdk/sdk/2.1.0/src/rp2_common/pico_runtime_init/runtime_init.c.obj
                0x10001d2c                runtime_init_bootrom_reset
 .text.runtime_init_per_core_bootrom_reset
                0x10001d3e       0x12 usb/host/tinyusb_host_examples/cdc_msc_hid/CMakeFiles/tinyusb_host_cdc_msc_hid.dir/C_/Users/agras/.pico-sdk/sdk/2.1.0/src/rp2_common/pico_runtime_init/runtime_init.c.obj
                0x10001d3e                runtime_init_per_core_bootrom_reset
 .text.runtime_init_spin_locks_reset
                0x10001d50        0x8 usb/host/tinyusb_host_examples/cdc_msc_hid/CMakeFiles/tinyusb_host_cdc_msc_hid.dir/C_/Users/agras/.pico-sdk/sdk/2.1.0/src/rp2_common/pico_runtime_init/runtime_init.c.obj
                0x10001d50                runtime_init_spin_locks_reset
 .text.runtime_init_install_ram_vector_table
                0x10001d58       0x20 usb/host/tinyusb_host_examples/cdc_msc_hid/CMakeFiles/tinyusb_host_cdc_msc_hid.dir/C_/Users/agras/.pico-sdk/sdk/2.1.0/src/rp2_common/pico_runtime_init/runtime_init.c.obj
                0x10001d58                runtime_init_install_ram_vector_table
 .text.start_all_ticks
                0x10001d78       0x28 usb/host/tinyusb_host_examples/cdc_msc_hid/CMakeFiles/tinyusb_host_cdc_msc_hid.dir/C_/Users/agras/.pico-sdk/sdk/2.1.0/src/rp2_common/pico_runtime_init/runtime_init_clocks.c.obj
 .text.runtime_init_clocks
                0x10001da0       0xc4 usb/host/tinyusb_host_examples/cdc_msc_hid/CMakeFiles/tinyusb_host_cdc_msc_hid.dir/C_/Users/agras/.pico-sdk/sdk/2.1.0/src/rp2_common/pico_runtime_init/runtime_init_clocks.c.obj
                0x10001da0                runtime_init_clocks
 .text.__rp2350_dcp_engaged_state_save_restore
                0x10001e64       0x3a usb/host/tinyusb_host_examples/cdc_msc_hid/CMakeFiles/tinyusb_host_cdc_msc_hid.dir/C_/Users/agras/.pico-sdk/sdk/2.1.0/src/rp2_common/pico_double/double_aeabi_dcp.S.obj
 *fill*         0x10001e9e        0x2 
 .text.__wrap___aeabi_dadd
                0x10001ea0       0x28 usb/host/tinyusb_host_examples/cdc_msc_hid/CMakeFiles/tinyusb_host_cdc_msc_hid.dir/C_/Users/agras/.pico-sdk/sdk/2.1.0/src/rp2_common/pico_double/double_aeabi_dcp.S.obj
                0x10001ea8                __wrap___aeabi_dadd
 .text.__wrap___aeabi_dsub
                0x10001ec8       0x28 usb/host/tinyusb_host_examples/cdc_msc_hid/CMakeFiles/tinyusb_host_cdc_msc_hid.dir/C_/Users/agras/.pico-sdk/sdk/2.1.0/src/rp2_common/pico_double/double_aeabi_dcp.S.obj
                0x10001ed0                __wrap___aeabi_dsub
 .text.__wrap___aeabi_dmul
                0x10001ef0       0x4c usb/host/tinyusb_host_examples/cdc_msc_hid/CMakeFiles/tinyusb_host_cdc_msc_hid.dir/C_/Users/agras/.pico-sdk/sdk/2.1.0/src/rp2_common/pico_double/double_aeabi_dcp.S.obj
                0x10001ef8                __wrap___aeabi_dmul
 .text.__wrap___aeabi_ddiv
                0x10001f3c       0x9c usb/host/tinyusb_host_examples/cdc_msc_hid/CMakeFiles/tinyusb_host_cdc_msc_hid.dir/C_/Users/agras/.pico-sdk/sdk/2.1.0/src/rp2_common/pico_double/double_aeabi_dcp.S.obj
                0x10001f44                __wrap___aeabi_ddiv
 .text.__wrap___aeabi_i2d
                0x10001fd8       0x24 usb/host/tinyusb_host_examples/cdc_msc_hid/CMakeFiles/tinyusb_host_cdc_msc_hid.dir/C_/Users/agras/.pico-sdk/sdk/2.1.0/src/rp2_common/pico_double/double_aeabi_dcp.S.obj
                0x10001fe0                __wrap___aeabi_i2d
 .text.__wrap___aeabi_ui2d
                0x10001ffc       0x24 usb/host/tinyusb_host_examples/cdc_msc_hid/CMakeFiles/tinyusb_host_cdc_msc_hid.dir/C_/Users/agras/.pico-sdk/sdk/2.1.0/src/rp2_common/pico_double/double_aeabi_dcp.S.obj
                0x10002004                __wrap___aeabi_ui2d
 .text.__wrap___aeabi_d2iz
                0x10002020       0x24 usb/host/tinyusb_host_examples/cdc_msc_hid/CMakeFiles/tinyusb_host_cdc_msc_hid.dir/C_/Users/agras/.pico-sdk/sdk/2.1.0/src/rp2_common/pico_double/double_aeabi_dcp.S.obj
                0x10002028                __wrap___aeabi_d2iz
 .text.__wrap___aeabi_d2uiz
                0x10002044       0x24 usb/host/tinyusb_host_examples/cdc_msc_hid/CMakeFiles/tinyusb_host_cdc_msc_hid.dir/C_/Users/agras/.pico-sdk/sdk/2.1.0/src/rp2_common/pico_double/double_aeabi_dcp.S.obj
                0x1000204c                __wrap___aeabi_d2uiz
 .text.__wrap___aeabi_dcmpun
                0x10002068       0x24 usb/host/tinyusb_host_examples/cdc_msc_hid/CMakeFiles/tinyusb_host_cdc_msc_hid.dir/C_/Users/agras/.pico-sdk/sdk/2.1.0/src/rp2_common/pico_double/double_aeabi_dcp.S.obj
                0x10002070                __wrap___aeabi_dcmpun
 .text.__wrap___aeabi_dcmplt
                0x1000208c       0x28 usb/host/tinyusb_host_examples/cdc_msc_hid/CMakeFiles/tinyusb_host_cdc_msc_hid.dir/C_/Users/agras/.pico-sdk/sdk/2.1.0/src/rp2_common/pico_double/double_aeabi_dcp.S.obj
                0x10002094                __wrap___aeabi_dcmplt
 .text.__wrap___aeabi_dcmple
                0x100020b4       0x28 usb/host/tinyusb_host_examples/cdc_msc_hid/CMakeFiles/tinyusb_host_cdc_msc_hid.dir/C_/Users/agras/.pico-sdk/sdk/2.1.0/src/rp2_common/pico_double/double_aeabi_dcp.S.obj
                0x100020bc                __wrap___aeabi_dcmple
 .text.__wrap___aeabi_dcmpge
                0x100020dc       0x28 usb/host/tinyusb_host_examples/cdc_msc_hid/CMakeFiles/tinyusb_host_cdc_msc_hid.dir/C_/Users/agras/.pico-sdk/sdk/2.1.0/src/rp2_common/pico_double/double_aeabi_dcp.S.obj
                0x100020e4                __wrap___aeabi_dcmpge
 .text.__wrap___aeabi_dcmpgt
                0x10002104       0x28 usb/host/tinyusb_host_examples/cdc_msc_hid/CMakeFiles/tinyusb_host_cdc_msc_hid.dir/C_/Users/agras/.pico-sdk/sdk/2.1.0/src/rp2_common/pico_double/double_aeabi_dcp.S.obj
                0x1000210c                __wrap___aeabi_dcmpgt
 .text._out_null
                0x1000212c        0x2 usb/host/tinyusb_host_examples/cdc_msc_hid/CMakeFiles/tinyusb_host_cdc_msc_hid.dir/C_/Users/agras/.pico-sdk/sdk/2.1.0/src/rp2_common/pico_printf/printf.c.obj
 .text._out_fct
                0x1000212e        0xe usb/host/tinyusb_host_examples/cdc_msc_hid/CMakeFiles/tinyusb_host_cdc_msc_hid.dir/C_/Users/agras/.pico-sdk/sdk/2.1.0/src/rp2_common/pico_printf/printf.c.obj
 .text._atoi    0x1000213c       0x26 usb/host/tinyusb_host_examples/cdc_msc_hid/CMakeFiles/tinyusb_host_cdc_msc_hid.dir/C_/Users/agras/.pico-sdk/sdk/2.1.0/src/rp2_common/pico_printf/printf.c.obj
 .text._out_rev
                0x10002162       0x7e usb/host/tinyusb_host_examples/cdc_msc_hid/CMakeFiles/tinyusb_host_cdc_msc_hid.dir/C_/Users/agras/.pico-sdk/sdk/2.1.0/src/rp2_common/pico_printf/printf.c.obj
 .text._ntoa_format
                0x100021e0      0x136 usb/host/tinyusb_host_examples/cdc_msc_hid/CMakeFiles/tinyusb_host_cdc_msc_hid.dir/C_/Users/agras/.pico-sdk/sdk/2.1.0/src/rp2_common/pico_printf/printf.c.obj
 .text._ntoa_long
                0x10002316       0x94 usb/host/tinyusb_host_examples/cdc_msc_hid/CMakeFiles/tinyusb_host_cdc_msc_hid.dir/C_/Users/agras/.pico-sdk/sdk/2.1.0/src/rp2_common/pico_printf/printf.c.obj
 .text._ntoa_long_long
                0x100023aa       0xc2 usb/host/tinyusb_host_examples/cdc_msc_hid/CMakeFiles/tinyusb_host_cdc_msc_hid.dir/C_/Users/agras/.pico-sdk/sdk/2.1.0/src/rp2_common/pico_printf/printf.c.obj
 *fill*         0x1000246c        0x4 
 .text._etoa    0x10002470      0x41c usb/host/tinyusb_host_examples/cdc_msc_hid/CMakeFiles/tinyusb_host_cdc_msc_hid.dir/C_/Users/agras/.pico-sdk/sdk/2.1.0/src/rp2_common/pico_printf/printf.c.obj
 *fill*         0x1000288c        0x4 
 .text._ftoa    0x10002890      0x398 usb/host/tinyusb_host_examples/cdc_msc_hid/CMakeFiles/tinyusb_host_cdc_msc_hid.dir/C_/Users/agras/.pico-sdk/sdk/2.1.0/src/rp2_common/pico_printf/printf.c.obj
 .text._vsnprintf
                0x10002c28      0x6d0 usb/host/tinyusb_host_examples/cdc_msc_hid/CMakeFiles/tinyusb_host_cdc_msc_hid.dir/C_/Users/agras/.pico-sdk/sdk/2.1.0/src/rp2_common/pico_printf/printf.c.obj
 .text.vfctprintf
                0x100032f8       0x24 usb/host/tinyusb_host_examples/cdc_msc_hid/CMakeFiles/tinyusb_host_cdc_msc_hid.dir/C_/Users/agras/.pico-sdk/sdk/2.1.0/src/rp2_common/pico_printf/printf.c.obj
                0x100032f8                vfctprintf
 .text._exit    0x1000331c        0x4 usb/host/tinyusb_host_examples/cdc_msc_hid/CMakeFiles/tinyusb_host_cdc_msc_hid.dir/C_/Users/agras/.pico-sdk/sdk/2.1.0/src/rp2_common/pico_clib_interface/newlib_interface.c.obj
                0x1000331c                _exit
 .text._sbrk    0x10003320       0x34 usb/host/tinyusb_host_examples/cdc_msc_hid/CMakeFiles/tinyusb_host_cdc_msc_hid.dir/C_/Users/agras/.pico-sdk/sdk/2.1.0/src/rp2_common/pico_clib_interface/newlib_interface.c.obj
                0x10003320                _sbrk
 .text._read    0x10003354       0x20 usb/host/tinyusb_host_examples/cdc_msc_hid/CMakeFiles/tinyusb_host_cdc_msc_hid.dir/C_/Users/agras/.pico-sdk/sdk/2.1.0/src/rp2_common/pico_clib_interface/newlib_interface.c.obj
                0x10003354                _read
 .text._write   0x10003374       0x20 usb/host/tinyusb_host_examples/cdc_msc_hid/CMakeFiles/tinyusb_host_cdc_msc_hid.dir/C_/Users/agras/.pico-sdk/sdk/2.1.0/src/rp2_common/pico_clib_interface/newlib_interface.c.obj
                0x10003374                _write
 .text._close   0x10003394        0x6 usb/host/tinyusb_host_examples/cdc_msc_hid/CMakeFiles/tinyusb_host_cdc_msc_hid.dir/C_/Users/agras/.pico-sdk/sdk/2.1.0/src/rp2_common/pico_clib_interface/newlib_interface.c.obj
                0x10003394                _close
 .text._lseek   0x1000339a        0x6 usb/host/tinyusb_host_examples/cdc_msc_hid/CMakeFiles/tinyusb_host_cdc_msc_hid.dir/C_/Users/agras/.pico-sdk/sdk/2.1.0/src/rp2_common/pico_clib_interface/newlib_interface.c.obj
                0x1000339a                _lseek
 .text.exit     0x100033a0        0x6 usb/host/tinyusb_host_examples/cdc_msc_hid/CMakeFiles/tinyusb_host_cdc_msc_hid.dir/C_/Users/agras/.pico-sdk/sdk/2.1.0/src/rp2_common/pico_clib_interface/newlib_interface.c.obj
                0x100033a0                exit
 *fill*         0x100033a6        0x2 
 .text.__assert_func
                0x100033a8       0x34 usb/host/tinyusb_host_examples/cdc_msc_hid/CMakeFiles/tinyusb_host_cdc_msc_hid.dir/C_/Users/agras/.pico-sdk/sdk/2.1.0/src/rp2_common/pico_clib_interface/newlib_interface.c.obj
                0x100033a8                __assert_func
 .text.runtime_init
                0x100033dc       0x2c usb/host/tinyusb_host_examples/cdc_msc_hid/CMakeFiles/tinyusb_host_cdc_msc_hid.dir/C_/Users/agras/.pico-sdk/sdk/2.1.0/src/rp2_common/pico_clib_interface/newlib_interface.c.obj
                0x100033dc                runtime_init
 .text.stdio_out_chars_no_crlf
                0x10003408        0xe usb/host/tinyusb_host_examples/cdc_msc_hid/CMakeFiles/tinyusb_host_cdc_msc_hid.dir/C_/Users/agras/.pico-sdk/sdk/2.1.0/src/rp2_common/pico_stdio/stdio.c.obj
 *fill*         0x10003416        0x2 
 .text.stdio_out_chars_crlf
                0x10003418       0x80 usb/host/tinyusb_host_examples/cdc_msc_hid/CMakeFiles/tinyusb_host_cdc_msc_hid.dir/C_/Users/agras/.pico-sdk/sdk/2.1.0/src/rp2_common/pico_stdio/stdio.c.obj
 .text.stdio_stack_buffer_flush
                0x10003498       0x40 usb/host/tinyusb_host_examples/cdc_msc_hid/CMakeFiles/tinyusb_host_cdc_msc_hid.dir/C_/Users/agras/.pico-sdk/sdk/2.1.0/src/rp2_common/pico_stdio/stdio.c.obj
 .text.stdio_buffered_printer
                0x100034d8       0x20 usb/host/tinyusb_host_examples/cdc_msc_hid/CMakeFiles/tinyusb_host_cdc_msc_hid.dir/C_/Users/agras/.pico-sdk/sdk/2.1.0/src/rp2_common/pico_stdio/stdio.c.obj
 .text.stdout_serialize_begin
                0x100034f8       0x2c usb/host/tinyusb_host_examples/cdc_msc_hid/CMakeFiles/tinyusb_host_cdc_msc_hid.dir/C_/Users/agras/.pico-sdk/sdk/2.1.0/src/rp2_common/pico_stdio/stdio.c.obj
                0x100034f8                stdout_serialize_begin
 .text.stdout_serialize_end
                0x10003524       0x10 usb/host/tinyusb_host_examples/cdc_msc_hid/CMakeFiles/tinyusb_host_cdc_msc_hid.dir/C_/Users/agras/.pico-sdk/sdk/2.1.0/src/rp2_common/pico_stdio/stdio.c.obj
                0x10003524                stdout_serialize_end
 .text.stdio_put_string
                0x10003534       0x8c usb/host/tinyusb_host_examples/cdc_msc_hid/CMakeFiles/tinyusb_host_cdc_msc_hid.dir/C_/Users/agras/.pico-sdk/sdk/2.1.0/src/rp2_common/pico_stdio/stdio.c.obj
                0x10003534                stdio_put_string
 .text.stdio_get_until
                0x100035c0       0x6c usb/host/tinyusb_host_examples/cdc_msc_hid/CMakeFiles/tinyusb_host_cdc_msc_hid.dir/C_/Users/agras/.pico-sdk/sdk/2.1.0/src/rp2_common/pico_stdio/stdio.c.obj
                0x100035c0                stdio_get_until
 .text.stdio_set_driver_enabled
                0x1000362c       0x28 usb/host/tinyusb_host_examples/cdc_msc_hid/CMakeFiles/tinyusb_host_cdc_msc_hid.dir/C_/Users/agras/.pico-sdk/sdk/2.1.0/src/rp2_common/pico_stdio/stdio.c.obj
                0x1000362c                stdio_set_driver_enabled
 .text.stdio_flush
                0x10003654       0x1c usb/host/tinyusb_host_examples/cdc_msc_hid/CMakeFiles/tinyusb_host_cdc_msc_hid.dir/C_/Users/agras/.pico-sdk/sdk/2.1.0/src/rp2_common/pico_stdio/stdio.c.obj
                0x10003654                stdio_flush
 .text.stdio_getchar_timeout_us
                0x10003670       0x50 usb/host/tinyusb_host_examples/cdc_msc_hid/CMakeFiles/tinyusb_host_cdc_msc_hid.dir/C_/Users/agras/.pico-sdk/sdk/2.1.0/src/rp2_common/pico_stdio/stdio.c.obj
                0x10003670                stdio_getchar_timeout_us
 .text.__wrap_putchar
                0x100036c0       0x1e usb/host/tinyusb_host_examples/cdc_msc_hid/CMakeFiles/tinyusb_host_cdc_msc_hid.dir/C_/Users/agras/.pico-sdk/sdk/2.1.0/src/rp2_common/pico_stdio/stdio.c.obj
                0x100036c0                __wrap_putchar
                0x100036c0                stdio_putchar
 .text.__wrap_puts
                0x100036de       0x1e usb/host/tinyusb_host_examples/cdc_msc_hid/CMakeFiles/tinyusb_host_cdc_msc_hid.dir/C_/Users/agras/.pico-sdk/sdk/2.1.0/src/rp2_common/pico_stdio/stdio.c.obj
                0x100036de                stdio_puts
                0x100036de                __wrap_puts
 .text.__wrap_vprintf
                0x100036fc       0x3c usb/host/tinyusb_host_examples/cdc_msc_hid/CMakeFiles/tinyusb_host_cdc_msc_hid.dir/C_/Users/agras/.pico-sdk/sdk/2.1.0/src/rp2_common/pico_stdio/stdio.c.obj
                0x100036fc                stdio_vprintf
                0x100036fc                __wrap_vprintf
 .text.__wrap_printf
                0x10003738       0x1c usb/host/tinyusb_host_examples/cdc_msc_hid/CMakeFiles/tinyusb_host_cdc_msc_hid.dir/C_/Users/agras/.pico-sdk/sdk/2.1.0/src/rp2_common/pico_stdio/stdio.c.obj
                0x10003738                __wrap_printf
                0x10003738                stdio_printf
 .text.uart_putc
                0x10003754       0x70 usb/host/tinyusb_host_examples/cdc_msc_hid/CMakeFiles/tinyusb_host_cdc_msc_hid.dir/C_/Users/agras/.pico-sdk/sdk/2.1.0/src/rp2_common/pico_stdio_uart/stdio_uart.c.obj
 .text.uart_getc
                0x100037c4       0x30 usb/host/tinyusb_host_examples/cdc_msc_hid/CMakeFiles/tinyusb_host_cdc_msc_hid.dir/C_/Users/agras/.pico-sdk/sdk/2.1.0/src/rp2_common/pico_stdio_uart/stdio_uart.c.obj
 .text.stdio_uart_out_chars
                0x100037f4       0x20 usb/host/tinyusb_host_examples/cdc_msc_hid/CMakeFiles/tinyusb_host_cdc_msc_hid.dir/C_/Users/agras/.pico-sdk/sdk/2.1.0/src/rp2_common/pico_stdio_uart/stdio_uart.c.obj
 .text.stdio_uart_in_chars
                0x10003814       0x54 usb/host/tinyusb_host_examples/cdc_msc_hid/CMakeFiles/tinyusb_host_cdc_msc_hid.dir/C_/Users/agras/.pico-sdk/sdk/2.1.0/src/rp2_common/pico_stdio_uart/stdio_uart.c.obj
                0x10003814                stdio_uart_in_chars
 .text.on_uart_rx
                0x10003868       0x24 usb/host/tinyusb_host_examples/cdc_msc_hid/CMakeFiles/tinyusb_host_cdc_msc_hid.dir/C_/Users/agras/.pico-sdk/sdk/2.1.0/src/rp2_common/pico_stdio_uart/stdio_uart.c.obj
 .text.stdio_uart_out_flush
                0x1000388c       0x14 usb/host/tinyusb_host_examples/cdc_msc_hid/CMakeFiles/tinyusb_host_cdc_msc_hid.dir/C_/Users/agras/.pico-sdk/sdk/2.1.0/src/rp2_common/pico_stdio_uart/stdio_uart.c.obj
 .text.stdio_uart_set_chars_available_callback
                0x100038a0       0x84 usb/host/tinyusb_host_examples/cdc_msc_hid/CMakeFiles/tinyusb_host_cdc_msc_hid.dir/C_/Users/agras/.pico-sdk/sdk/2.1.0/src/rp2_common/pico_stdio_uart/stdio_uart.c.obj
 .text.stdio_uart_init_full
                0x10003924       0x50 usb/host/tinyusb_host_examples/cdc_msc_hid/CMakeFiles/tinyusb_host_cdc_msc_hid.dir/C_/Users/agras/.pico-sdk/sdk/2.1.0/src/rp2_common/pico_stdio_uart/stdio_uart.c.obj
                0x10003924                stdio_uart_init_full
 .text.board_init
                0x10003974       0x2c usb/host/tinyusb_host_examples/cdc_msc_hid/CMakeFiles/tinyusb_host_cdc_msc_hid.dir/C_/Users/agras/.pico-sdk/sdk/2.1.0/lib/tinyusb/hw/bsp/rp2040/family.c.obj
                0x10003974                board_init
 .text.board_led_write
                0x100039a0        0x8 usb/host/tinyusb_host_examples/cdc_msc_hid/CMakeFiles/tinyusb_host_cdc_msc_hid.dir/C_/Users/agras/.pico-sdk/sdk/2.1.0/lib/tinyusb/hw/bsp/rp2040/family.c.obj
                0x100039a0                board_led_write
 .text.board_getchar
                0x100039a8        0xa usb/host/tinyusb_host_examples/cdc_msc_hid/CMakeFiles/tinyusb_host_cdc_msc_hid.dir/C_/Users/agras/.pico-sdk/sdk/2.1.0/lib/tinyusb/hw/bsp/rp2040/family.c.obj
                0x100039a8                board_getchar
 *fill*         0x100039b2        0x2 
 .text._retrieve_unique_id_on_boot
                0x100039b4       0x58 usb/host/tinyusb_host_examples/cdc_msc_hid/CMakeFiles/tinyusb_host_cdc_msc_hid.dir/C_/Users/agras/.pico-sdk/sdk/2.1.0/src/rp2_common/pico_unique_id/unique_id.c.obj
 .text.get_dev_ep
                0x10003a0c       0x48 usb/host/tinyusb_host_examples/cdc_msc_hid/CMakeFiles/tinyusb_host_cdc_msc_hid.dir/C_/Users/agras/.pico-sdk/sdk/2.1.0/lib/tinyusb/src/portable/raspberrypi/rp2040/hcd_rp2040.c.obj
 .text._next_free_interrupt_ep
                0x10003a54       0x24 usb/host/tinyusb_host_examples/cdc_msc_hid/CMakeFiles/tinyusb_host_cdc_msc_hid.dir/C_/Users/agras/.pico-sdk/sdk/2.1.0/lib/tinyusb/src/portable/raspberrypi/rp2040/hcd_rp2040.c.obj
 .text._hw_endpoint_allocate
                0x10003a78       0x68 usb/host/tinyusb_host_examples/cdc_msc_hid/CMakeFiles/tinyusb_host_cdc_msc_hid.dir/C_/Users/agras/.pico-sdk/sdk/2.1.0/lib/tinyusb/src/portable/raspberrypi/rp2040/hcd_rp2040.c.obj
 .text.hcd_init
                0x10003ae0       0x6c usb/host/tinyusb_host_examples/cdc_msc_hid/CMakeFiles/tinyusb_host_cdc_msc_hid.dir/C_/Users/agras/.pico-sdk/sdk/2.1.0/lib/tinyusb/src/portable/raspberrypi/rp2040/hcd_rp2040.c.obj
                0x10003ae0                hcd_init
 .text.hcd_port_reset
                0x10003b4c       0x20 usb/host/tinyusb_host_examples/cdc_msc_hid/CMakeFiles/tinyusb_host_cdc_msc_hid.dir/C_/Users/agras/.pico-sdk/sdk/2.1.0/lib/tinyusb/src/portable/raspberrypi/rp2040/hcd_rp2040.c.obj
                0x10003b4c                hcd_port_reset
 .text.hcd_port_reset_end
                0x10003b6c        0x2 usb/host/tinyusb_host_examples/cdc_msc_hid/CMakeFiles/tinyusb_host_cdc_msc_hid.dir/C_/Users/agras/.pico-sdk/sdk/2.1.0/lib/tinyusb/src/portable/raspberrypi/rp2040/hcd_rp2040.c.obj
                0x10003b6c                hcd_port_reset_end
 *fill*         0x10003b6e        0x2 
 .text.hcd_port_connect_status
                0x10003b70       0x34 usb/host/tinyusb_host_examples/cdc_msc_hid/CMakeFiles/tinyusb_host_cdc_msc_hid.dir/C_/Users/agras/.pico-sdk/sdk/2.1.0/lib/tinyusb/src/portable/raspberrypi/rp2040/hcd_rp2040.c.obj
                0x10003b70                hcd_port_connect_status
 .text.hcd_port_speed_get
                0x10003ba4       0x44 usb/host/tinyusb_host_examples/cdc_msc_hid/CMakeFiles/tinyusb_host_cdc_msc_hid.dir/C_/Users/agras/.pico-sdk/sdk/2.1.0/lib/tinyusb/src/portable/raspberrypi/rp2040/hcd_rp2040.c.obj
                0x10003ba4                hcd_port_speed_get
 .text._hw_endpoint_init
                0x10003be8      0x104 usb/host/tinyusb_host_examples/cdc_msc_hid/CMakeFiles/tinyusb_host_cdc_msc_hid.dir/C_/Users/agras/.pico-sdk/sdk/2.1.0/lib/tinyusb/src/portable/raspberrypi/rp2040/hcd_rp2040.c.obj
 .text.hcd_device_close
                0x10003cec       0x68 usb/host/tinyusb_host_examples/cdc_msc_hid/CMakeFiles/tinyusb_host_cdc_msc_hid.dir/C_/Users/agras/.pico-sdk/sdk/2.1.0/lib/tinyusb/src/portable/raspberrypi/rp2040/hcd_rp2040.c.obj
                0x10003cec                hcd_device_close
 .text.hcd_int_enable
                0x10003d54       0x28 usb/host/tinyusb_host_examples/cdc_msc_hid/CMakeFiles/tinyusb_host_cdc_msc_hid.dir/C_/Users/agras/.pico-sdk/sdk/2.1.0/lib/tinyusb/src/portable/raspberrypi/rp2040/hcd_rp2040.c.obj
                0x10003d54                hcd_int_enable
 .text.hcd_edpt_open
                0x10003d7c       0x5c usb/host/tinyusb_host_examples/cdc_msc_hid/CMakeFiles/tinyusb_host_cdc_msc_hid.dir/C_/Users/agras/.pico-sdk/sdk/2.1.0/lib/tinyusb/src/portable/raspberrypi/rp2040/hcd_rp2040.c.obj
                0x10003d7c                hcd_edpt_open
 .text.hcd_edpt_xfer
                0x10003dd8      0x10c usb/host/tinyusb_host_examples/cdc_msc_hid/CMakeFiles/tinyusb_host_cdc_msc_hid.dir/C_/Users/agras/.pico-sdk/sdk/2.1.0/lib/tinyusb/src/portable/raspberrypi/rp2040/hcd_rp2040.c.obj
                0x10003dd8                hcd_edpt_xfer
 .text.hcd_edpt_abort_xfer
                0x10003ee4        0x4 usb/host/tinyusb_host_examples/cdc_msc_hid/CMakeFiles/tinyusb_host_cdc_msc_hid.dir/C_/Users/agras/.pico-sdk/sdk/2.1.0/lib/tinyusb/src/portable/raspberrypi/rp2040/hcd_rp2040.c.obj
                0x10003ee4                hcd_edpt_abort_xfer
 .text.hcd_setup_send
                0x10003ee8       0xdc usb/host/tinyusb_host_examples/cdc_msc_hid/CMakeFiles/tinyusb_host_cdc_msc_hid.dir/C_/Users/agras/.pico-sdk/sdk/2.1.0/lib/tinyusb/src/portable/raspberrypi/rp2040/hcd_rp2040.c.obj
                0x10003ee8                hcd_setup_send
 .text.unaligned_memcpy
                0x10003fc4       0x14 usb/host/tinyusb_host_examples/cdc_msc_hid/CMakeFiles/tinyusb_host_cdc_msc_hid.dir/C_/Users/agras/.pico-sdk/sdk/2.1.0/lib/tinyusb/src/portable/raspberrypi/rp2040/rp2040_usb.c.obj
 .text.rp2040_usb_init
                0x10003fd8       0x40 usb/host/tinyusb_host_examples/cdc_msc_hid/CMakeFiles/tinyusb_host_cdc_msc_hid.dir/C_/Users/agras/.pico-sdk/sdk/2.1.0/lib/tinyusb/src/portable/raspberrypi/rp2040/rp2040_usb.c.obj
                0x10003fd8                rp2040_usb_init
 .text.hw_endpoint_xfer_start
                0x10004018       0x58 usb/host/tinyusb_host_examples/cdc_msc_hid/CMakeFiles/tinyusb_host_cdc_msc_hid.dir/C_/Users/agras/.pico-sdk/sdk/2.1.0/lib/tinyusb/src/portable/raspberrypi/rp2040/rp2040_usb.c.obj
                0x10004018                hw_endpoint_xfer_start
 .text.critical_section_enter_blocking
                0x10004070       0x26 usb/host/tinyusb_host_examples/cdc_msc_hid/CMakeFiles/tinyusb_host_cdc_msc_hid.dir/C_/Users/agras/.pico-sdk/sdk/2.1.0/lib/tinyusb/src/host/usbh.c.obj
 *fill*         0x10004096        0x2 
 .text.get_driver
                0x10004098       0x3c usb/host/tinyusb_host_examples/cdc_msc_hid/CMakeFiles/tinyusb_host_cdc_msc_hid.dir/C_/Users/agras/.pico-sdk/sdk/2.1.0/lib/tinyusb/src/host/usbh.c.obj
 .text._control_blocking_complete_cb
                0x100040d4        0x8 usb/host/tinyusb_host_examples/cdc_msc_hid/CMakeFiles/tinyusb_host_cdc_msc_hid.dir/C_/Users/agras/.pico-sdk/sdk/2.1.0/lib/tinyusb/src/host/usbh.c.obj
 .text.get_new_address
                0x100040dc       0x34 usb/host/tinyusb_host_examples/cdc_msc_hid/CMakeFiles/tinyusb_host_cdc_msc_hid.dir/C_/Users/agras/.pico-sdk/sdk/2.1.0/lib/tinyusb/src/host/usbh.c.obj
 .text.clear_device
                0x10004110       0x26 usb/host/tinyusb_host_examples/cdc_msc_hid/CMakeFiles/tinyusb_host_cdc_msc_hid.dir/C_/Users/agras/.pico-sdk/sdk/2.1.0/lib/tinyusb/src/host/usbh.c.obj
 *fill*         0x10004136        0x2 
 .text._control_xfer_complete
                0x10004138       0x68 usb/host/tinyusb_host_examples/cdc_msc_hid/CMakeFiles/tinyusb_host_cdc_msc_hid.dir/C_/Users/agras/.pico-sdk/sdk/2.1.0/lib/tinyusb/src/host/usbh.c.obj
 .text.process_removing_device
                0x100041a0      0x10c usb/host/tinyusb_host_examples/cdc_msc_hid/CMakeFiles/tinyusb_host_cdc_msc_hid.dir/C_/Users/agras/.pico-sdk/sdk/2.1.0/lib/tinyusb/src/host/usbh.c.obj
 .text.enum_full_complete
                0x100042ac       0x1c usb/host/tinyusb_host_examples/cdc_msc_hid/CMakeFiles/tinyusb_host_cdc_msc_hid.dir/C_/Users/agras/.pico-sdk/sdk/2.1.0/lib/tinyusb/src/host/usbh.c.obj
 .text._parse_configuration_descriptor
                0x100042c8      0x144 usb/host/tinyusb_host_examples/cdc_msc_hid/CMakeFiles/tinyusb_host_cdc_msc_hid.dir/C_/Users/agras/.pico-sdk/sdk/2.1.0/lib/tinyusb/src/host/usbh.c.obj
 .text.tuh_event_hook_cb
                0x1000440c        0x2 usb/host/tinyusb_host_examples/cdc_msc_hid/CMakeFiles/tinyusb_host_cdc_msc_hid.dir/C_/Users/agras/.pico-sdk/sdk/2.1.0/lib/tinyusb/src/host/usbh.c.obj
                0x1000440c                tuh_event_hook_cb
 *fill*         0x1000440e        0x2 
 .text.tuh_vid_pid_get
                0x10004410       0x48 usb/host/tinyusb_host_examples/cdc_msc_hid/CMakeFiles/tinyusb_host_cdc_msc_hid.dir/C_/Users/agras/.pico-sdk/sdk/2.1.0/lib/tinyusb/src/host/usbh.c.obj
                0x10004410                tuh_vid_pid_get
 .text.tuh_speed_get
                0x10004458       0x28 usb/host/tinyusb_host_examples/cdc_msc_hid/CMakeFiles/tinyusb_host_cdc_msc_hid.dir/C_/Users/agras/.pico-sdk/sdk/2.1.0/lib/tinyusb/src/host/usbh.c.obj
                0x10004458                tuh_speed_get
 .text.tuh_rhport_is_active
                0x10004480       0x14 usb/host/tinyusb_host_examples/cdc_msc_hid/CMakeFiles/tinyusb_host_cdc_msc_hid.dir/C_/Users/agras/.pico-sdk/sdk/2.1.0/lib/tinyusb/src/host/usbh.c.obj
                0x10004480                tuh_rhport_is_active
 .text.tuh_inited
                0x10004494       0x10 usb/host/tinyusb_host_examples/cdc_msc_hid/CMakeFiles/tinyusb_host_cdc_msc_hid.dir/C_/Users/agras/.pico-sdk/sdk/2.1.0/lib/tinyusb/src/host/usbh.c.obj
                0x10004494                tuh_inited
 .text.tuh_init
                0x100044a4      0x104 usb/host/tinyusb_host_examples/cdc_msc_hid/CMakeFiles/tinyusb_host_cdc_msc_hid.dir/C_/Users/agras/.pico-sdk/sdk/2.1.0/lib/tinyusb/src/host/usbh.c.obj
                0x100044a4                tuh_init
 .text.tuh_task_event_ready
                0x100045a8       0x20 usb/host/tinyusb_host_examples/cdc_msc_hid/CMakeFiles/tinyusb_host_cdc_msc_hid.dir/C_/Users/agras/.pico-sdk/sdk/2.1.0/lib/tinyusb/src/host/usbh.c.obj
                0x100045a8                tuh_task_event_ready
 .text.tuh_edpt_abort_xfer
                0x100045c8       0xbc usb/host/tinyusb_host_examples/cdc_msc_hid/CMakeFiles/tinyusb_host_cdc_msc_hid.dir/C_/Users/agras/.pico-sdk/sdk/2.1.0/lib/tinyusb/src/host/usbh.c.obj
                0x100045c8                tuh_edpt_abort_xfer
 .text.usbh_get_rhport
                0x10004684       0x24 usb/host/tinyusb_host_examples/cdc_msc_hid/CMakeFiles/tinyusb_host_cdc_msc_hid.dir/C_/Users/agras/.pico-sdk/sdk/2.1.0/lib/tinyusb/src/host/usbh.c.obj
                0x10004684                usbh_get_rhport
 .text.usbh_edpt_control_open
                0x100046a8       0x2e usb/host/tinyusb_host_examples/cdc_msc_hid/CMakeFiles/tinyusb_host_cdc_msc_hid.dir/C_/Users/agras/.pico-sdk/sdk/2.1.0/lib/tinyusb/src/host/usbh.c.obj
 *fill*         0x100046d6        0x2 
 .text.usbh_control_xfer_cb
                0x100046d8      0x160 usb/host/tinyusb_host_examples/cdc_msc_hid/CMakeFiles/tinyusb_host_cdc_msc_hid.dir/C_/Users/agras/.pico-sdk/sdk/2.1.0/lib/tinyusb/src/host/usbh.c.obj
 .text.usbh_get_enum_buf
                0x10004838        0x8 usb/host/tinyusb_host_examples/cdc_msc_hid/CMakeFiles/tinyusb_host_cdc_msc_hid.dir/C_/Users/agras/.pico-sdk/sdk/2.1.0/lib/tinyusb/src/host/usbh.c.obj
                0x10004838                usbh_get_enum_buf
 .text.usbh_edpt_claim
                0x10004840       0x68 usb/host/tinyusb_host_examples/cdc_msc_hid/CMakeFiles/tinyusb_host_cdc_msc_hid.dir/C_/Users/agras/.pico-sdk/sdk/2.1.0/lib/tinyusb/src/host/usbh.c.obj
                0x10004840                usbh_edpt_claim
 .text.usbh_edpt_release
                0x100048a8       0x44 usb/host/tinyusb_host_examples/cdc_msc_hid/CMakeFiles/tinyusb_host_cdc_msc_hid.dir/C_/Users/agras/.pico-sdk/sdk/2.1.0/lib/tinyusb/src/host/usbh.c.obj
                0x100048a8                usbh_edpt_release
 .text.usbh_edpt_xfer_with_callback
                0x100048ec       0xc8 usb/host/tinyusb_host_examples/cdc_msc_hid/CMakeFiles/tinyusb_host_cdc_msc_hid.dir/C_/Users/agras/.pico-sdk/sdk/2.1.0/lib/tinyusb/src/host/usbh.c.obj
                0x100048ec                usbh_edpt_xfer_with_callback
 .text.tuh_edpt_open
                0x100049b4       0x50 usb/host/tinyusb_host_examples/cdc_msc_hid/CMakeFiles/tinyusb_host_cdc_msc_hid.dir/C_/Users/agras/.pico-sdk/sdk/2.1.0/lib/tinyusb/src/host/usbh.c.obj
                0x100049b4                tuh_edpt_open
 .text.usbh_driver_set_config_complete
                0x10004a04       0x60 usb/host/tinyusb_host_examples/cdc_msc_hid/CMakeFiles/tinyusb_host_cdc_msc_hid.dir/C_/Users/agras/.pico-sdk/sdk/2.1.0/lib/tinyusb/src/host/usbh.c.obj
                0x10004a04                usbh_driver_set_config_complete
 .text.process_enumeration
                0x10004a64      0x404 usb/host/tinyusb_host_examples/cdc_msc_hid/CMakeFiles/tinyusb_host_cdc_msc_hid.dir/C_/Users/agras/.pico-sdk/sdk/2.1.0/lib/tinyusb/src/host/usbh.c.obj
 .text.enum_new_device
                0x10004e68       0xc0 usb/host/tinyusb_host_examples/cdc_msc_hid/CMakeFiles/tinyusb_host_cdc_msc_hid.dir/C_/Users/agras/.pico-sdk/sdk/2.1.0/lib/tinyusb/src/host/usbh.c.obj
 .text.tuh_task_ext
                0x10004f28      0x1e8 usb/host/tinyusb_host_examples/cdc_msc_hid/CMakeFiles/tinyusb_host_cdc_msc_hid.dir/C_/Users/agras/.pico-sdk/sdk/2.1.0/lib/tinyusb/src/host/usbh.c.obj
                0x10004f28                tuh_task_ext
 .text.tuh_control_xfer
                0x10005110      0x168 usb/host/tinyusb_host_examples/cdc_msc_hid/CMakeFiles/tinyusb_host_cdc_msc_hid.dir/C_/Users/agras/.pico-sdk/sdk/2.1.0/lib/tinyusb/src/host/usbh.c.obj
                0x10005110                tuh_control_xfer
 .text.enum_request_set_addr
                0x10005278      0x108 usb/host/tinyusb_host_examples/cdc_msc_hid/CMakeFiles/tinyusb_host_cdc_msc_hid.dir/C_/Users/agras/.pico-sdk/sdk/2.1.0/lib/tinyusb/src/host/usbh.c.obj
 .text._get_descriptor
                0x10005380       0x72 usb/host/tinyusb_host_examples/cdc_msc_hid/CMakeFiles/tinyusb_host_cdc_msc_hid.dir/C_/Users/agras/.pico-sdk/sdk/2.1.0/lib/tinyusb/src/host/usbh.c.obj
 .text.tuh_descriptor_get
                0x100053f2       0x1e usb/host/tinyusb_host_examples/cdc_msc_hid/CMakeFiles/tinyusb_host_cdc_msc_hid.dir/C_/Users/agras/.pico-sdk/sdk/2.1.0/lib/tinyusb/src/host/usbh.c.obj
                0x100053f2                tuh_descriptor_get
 .text.tuh_descriptor_get_device
                0x10005410       0x20 usb/host/tinyusb_host_examples/cdc_msc_hid/CMakeFiles/tinyusb_host_cdc_msc_hid.dir/C_/Users/agras/.pico-sdk/sdk/2.1.0/lib/tinyusb/src/host/usbh.c.obj
                0x10005410                tuh_descriptor_get_device
 .text.tuh_descriptor_get_configuration
                0x10005430       0x1c usb/host/tinyusb_host_examples/cdc_msc_hid/CMakeFiles/tinyusb_host_cdc_msc_hid.dir/C_/Users/agras/.pico-sdk/sdk/2.1.0/lib/tinyusb/src/host/usbh.c.obj
                0x10005430                tuh_descriptor_get_configuration
 .text.tuh_descriptor_get_hid_report
                0x1000544c       0x76 usb/host/tinyusb_host_examples/cdc_msc_hid/CMakeFiles/tinyusb_host_cdc_msc_hid.dir/C_/Users/agras/.pico-sdk/sdk/2.1.0/lib/tinyusb/src/host/usbh.c.obj
                0x1000544c                tuh_descriptor_get_hid_report
 .text.tuh_configuration_set
                0x100054c2       0x62 usb/host/tinyusb_host_examples/cdc_msc_hid/CMakeFiles/tinyusb_host_cdc_msc_hid.dir/C_/Users/agras/.pico-sdk/sdk/2.1.0/lib/tinyusb/src/host/usbh.c.obj
                0x100054c2                tuh_configuration_set
 .text.connection_port_reset_complete
                0x10005524       0x5c usb/host/tinyusb_host_examples/cdc_msc_hid/CMakeFiles/tinyusb_host_cdc_msc_hid.dir/C_/Users/agras/.pico-sdk/sdk/2.1.0/lib/tinyusb/src/host/hub.c.obj
 .text.hub_port_clear_feature
                0x10005580       0x98 usb/host/tinyusb_host_examples/cdc_msc_hid/CMakeFiles/tinyusb_host_cdc_msc_hid.dir/C_/Users/agras/.pico-sdk/sdk/2.1.0/lib/tinyusb/src/host/hub.c.obj
                0x10005580                hub_port_clear_feature
 .text.hub_get_status_complete
                0x10005618       0xa8 usb/host/tinyusb_host_examples/cdc_msc_hid/CMakeFiles/tinyusb_host_cdc_msc_hid.dir/C_/Users/agras/.pico-sdk/sdk/2.1.0/lib/tinyusb/src/host/hub.c.obj
 .text.hub_port_set_feature
                0x100056c0       0x9c usb/host/tinyusb_host_examples/cdc_msc_hid/CMakeFiles/tinyusb_host_cdc_msc_hid.dir/C_/Users/agras/.pico-sdk/sdk/2.1.0/lib/tinyusb/src/host/hub.c.obj
                0x100056c0                hub_port_set_feature
 .text.connection_clear_conn_change_complete
                0x1000575c       0x8c usb/host/tinyusb_host_examples/cdc_msc_hid/CMakeFiles/tinyusb_host_cdc_msc_hid.dir/C_/Users/agras/.pico-sdk/sdk/2.1.0/lib/tinyusb/src/host/hub.c.obj
 .text.config_set_port_power
                0x100057e8       0x60 usb/host/tinyusb_host_examples/cdc_msc_hid/CMakeFiles/tinyusb_host_cdc_msc_hid.dir/C_/Users/agras/.pico-sdk/sdk/2.1.0/lib/tinyusb/src/host/hub.c.obj
 .text.config_port_power_complete
                0x10005848       0xa8 usb/host/tinyusb_host_examples/cdc_msc_hid/CMakeFiles/tinyusb_host_cdc_msc_hid.dir/C_/Users/agras/.pico-sdk/sdk/2.1.0/lib/tinyusb/src/host/hub.c.obj
 .text.hub_port_get_status
                0x100058f0       0x76 usb/host/tinyusb_host_examples/cdc_msc_hid/CMakeFiles/tinyusb_host_cdc_msc_hid.dir/C_/Users/agras/.pico-sdk/sdk/2.1.0/lib/tinyusb/src/host/hub.c.obj
                0x100058f0                hub_port_get_status
 *fill*         0x10005966        0x2 
 .text.hub_init
                0x10005968       0x14 usb/host/tinyusb_host_examples/cdc_msc_hid/CMakeFiles/tinyusb_host_cdc_msc_hid.dir/C_/Users/agras/.pico-sdk/sdk/2.1.0/lib/tinyusb/src/host/hub.c.obj
                0x10005968                hub_init
 .text.hub_deinit
                0x1000597c        0x4 usb/host/tinyusb_host_examples/cdc_msc_hid/CMakeFiles/tinyusb_host_cdc_msc_hid.dir/C_/Users/agras/.pico-sdk/sdk/2.1.0/lib/tinyusb/src/host/hub.c.obj
                0x1000597c                hub_deinit
 .text.hub_open
                0x10005980       0xc4 usb/host/tinyusb_host_examples/cdc_msc_hid/CMakeFiles/tinyusb_host_cdc_msc_hid.dir/C_/Users/agras/.pico-sdk/sdk/2.1.0/lib/tinyusb/src/host/hub.c.obj
                0x10005980                hub_open
 .text.hub_close
                0x10005a44       0x24 usb/host/tinyusb_host_examples/cdc_msc_hid/CMakeFiles/tinyusb_host_cdc_msc_hid.dir/C_/Users/agras/.pico-sdk/sdk/2.1.0/lib/tinyusb/src/host/hub.c.obj
                0x10005a44                hub_close
 .text.hub_edpt_status_xfer
                0x10005a68       0x28 usb/host/tinyusb_host_examples/cdc_msc_hid/CMakeFiles/tinyusb_host_cdc_msc_hid.dir/C_/Users/agras/.pico-sdk/sdk/2.1.0/lib/tinyusb/src/host/hub.c.obj
                0x10005a68                hub_edpt_status_xfer
 .text.hub_port_get_status_complete
                0x10005a90       0xbc usb/host/tinyusb_host_examples/cdc_msc_hid/CMakeFiles/tinyusb_host_cdc_msc_hid.dir/C_/Users/agras/.pico-sdk/sdk/2.1.0/lib/tinyusb/src/host/hub.c.obj
 .text.hub_clear_feature_complete_stub
                0x10005b4c       0x34 usb/host/tinyusb_host_examples/cdc_msc_hid/CMakeFiles/tinyusb_host_cdc_msc_hid.dir/C_/Users/agras/.pico-sdk/sdk/2.1.0/lib/tinyusb/src/host/hub.c.obj
 .text.hub_set_config
                0x10005b80       0xa0 usb/host/tinyusb_host_examples/cdc_msc_hid/CMakeFiles/tinyusb_host_cdc_msc_hid.dir/C_/Users/agras/.pico-sdk/sdk/2.1.0/lib/tinyusb/src/host/hub.c.obj
                0x10005b80                hub_set_config
 .text.hub_xfer_cb
                0x10005c20       0x9c usb/host/tinyusb_host_examples/cdc_msc_hid/CMakeFiles/tinyusb_host_cdc_msc_hid.dir/C_/Users/agras/.pico-sdk/sdk/2.1.0/lib/tinyusb/src/host/hub.c.obj
                0x10005c20                hub_xfer_cb
 .text.get_idx_by_ep_addr
                0x10005cbc       0x5c usb/host/tinyusb_host_examples/cdc_msc_hid/CMakeFiles/tinyusb_host_cdc_msc_hid.dir/C_/Users/agras/.pico-sdk/sdk/2.1.0/lib/tinyusb/src/class/cdc/cdc_host.c.obj
 .text.make_new_itf
                0x10005d18       0x44 usb/host/tinyusb_host_examples/cdc_msc_hid/CMakeFiles/tinyusb_host_cdc_msc_hid.dir/C_/Users/agras/.pico-sdk/sdk/2.1.0/lib/tinyusb/src/class/cdc/cdc_host.c.obj
 .text.ftdi_set_data_format
                0x10005d5c        0x4 usb/host/tinyusb_host_examples/cdc_msc_hid/CMakeFiles/tinyusb_host_cdc_msc_hid.dir/C_/Users/agras/.pico-sdk/sdk/2.1.0/lib/tinyusb/src/class/cdc/cdc_host.c.obj
 .text.ftdi_set_line_coding
                0x10005d60        0x4 usb/host/tinyusb_host_examples/cdc_msc_hid/CMakeFiles/tinyusb_host_cdc_msc_hid.dir/C_/Users/agras/.pico-sdk/sdk/2.1.0/lib/tinyusb/src/class/cdc/cdc_host.c.obj
 .text.ftdi_232bm_baud_base_to_divisor
                0x10005d64       0x48 usb/host/tinyusb_host_examples/cdc_msc_hid/CMakeFiles/tinyusb_host_cdc_msc_hid.dir/C_/Users/agras/.pico-sdk/sdk/2.1.0/lib/tinyusb/src/class/cdc/cdc_host.c.obj
 .text.ftdi_232bm_baud_to_divisor
                0x10005dac       0x10 usb/host/tinyusb_host_examples/cdc_msc_hid/CMakeFiles/tinyusb_host_cdc_msc_hid.dir/C_/Users/agras/.pico-sdk/sdk/2.1.0/lib/tinyusb/src/class/cdc/cdc_host.c.obj
 .text.cp210x_set_line_coding
                0x10005dbc        0x4 usb/host/tinyusb_host_examples/cdc_msc_hid/CMakeFiles/tinyusb_host_cdc_msc_hid.dir/C_/Users/agras/.pico-sdk/sdk/2.1.0/lib/tinyusb/src/class/cdc/cdc_host.c.obj
 .text.cp210x_set_data_format
                0x10005dc0        0x4 usb/host/tinyusb_host_examples/cdc_msc_hid/CMakeFiles/tinyusb_host_cdc_msc_hid.dir/C_/Users/agras/.pico-sdk/sdk/2.1.0/lib/tinyusb/src/class/cdc/cdc_host.c.obj
 .text.ch34x_get_divisor_prescaler
                0x10005dc4       0xac usb/host/tinyusb_host_examples/cdc_msc_hid/CMakeFiles/tinyusb_host_cdc_msc_hid.dir/C_/Users/agras/.pico-sdk/sdk/2.1.0/lib/tinyusb/src/class/cdc/cdc_host.c.obj
 .text.ch34x_get_lcr
                0x10005e70       0x4a usb/host/tinyusb_host_examples/cdc_msc_hid/CMakeFiles/tinyusb_host_cdc_msc_hid.dir/C_/Users/agras/.pico-sdk/sdk/2.1.0/lib/tinyusb/src/class/cdc/cdc_host.c.obj
 *fill*         0x10005eba        0x2 
 .text.get_itf  0x10005ebc       0x48 usb/host/tinyusb_host_examples/cdc_msc_hid/CMakeFiles/tinyusb_host_cdc_msc_hid.dir/C_/Users/agras/.pico-sdk/sdk/2.1.0/lib/tinyusb/src/class/cdc/cdc_host.c.obj
 .text.ch34x_set_request
                0x10005f04       0x9c usb/host/tinyusb_host_examples/cdc_msc_hid/CMakeFiles/tinyusb_host_cdc_msc_hid.dir/C_/Users/agras/.pico-sdk/sdk/2.1.0/lib/tinyusb/src/class/cdc/cdc_host.c.obj
 .text.ch34x_write_reg
                0x10005fa0       0x22 usb/host/tinyusb_host_examples/cdc_msc_hid/CMakeFiles/tinyusb_host_cdc_msc_hid.dir/C_/Users/agras/.pico-sdk/sdk/2.1.0/lib/tinyusb/src/class/cdc/cdc_host.c.obj
 *fill*         0x10005fc2        0x2 
 .text.ch34x_write_reg_baudrate
                0x10005fc4       0x58 usb/host/tinyusb_host_examples/cdc_msc_hid/CMakeFiles/tinyusb_host_cdc_msc_hid.dir/C_/Users/agras/.pico-sdk/sdk/2.1.0/lib/tinyusb/src/class/cdc/cdc_host.c.obj
 .text.ch34x_set_baudrate
                0x1000601c       0x40 usb/host/tinyusb_host_examples/cdc_msc_hid/CMakeFiles/tinyusb_host_cdc_msc_hid.dir/C_/Users/agras/.pico-sdk/sdk/2.1.0/lib/tinyusb/src/class/cdc/cdc_host.c.obj
 .text.ch34x_set_data_format
                0x1000605c       0x74 usb/host/tinyusb_host_examples/cdc_msc_hid/CMakeFiles/tinyusb_host_cdc_msc_hid.dir/C_/Users/agras/.pico-sdk/sdk/2.1.0/lib/tinyusb/src/class/cdc/cdc_host.c.obj
 .text.ch34x_set_line_coding
                0x100060d0       0xe8 usb/host/tinyusb_host_examples/cdc_msc_hid/CMakeFiles/tinyusb_host_cdc_msc_hid.dir/C_/Users/agras/.pico-sdk/sdk/2.1.0/lib/tinyusb/src/class/cdc/cdc_host.c.obj
 .text.ch34x_set_modem_ctrl
                0x100061b8       0x74 usb/host/tinyusb_host_examples/cdc_msc_hid/CMakeFiles/tinyusb_host_cdc_msc_hid.dir/C_/Users/agras/.pico-sdk/sdk/2.1.0/lib/tinyusb/src/class/cdc/cdc_host.c.obj
 .text.cp210x_set_request
                0x1000622c       0x90 usb/host/tinyusb_host_examples/cdc_msc_hid/CMakeFiles/tinyusb_host_cdc_msc_hid.dir/C_/Users/agras/.pico-sdk/sdk/2.1.0/lib/tinyusb/src/class/cdc/cdc_host.c.obj
 .text.cp210x_set_baudrate
                0x100062bc       0x28 usb/host/tinyusb_host_examples/cdc_msc_hid/CMakeFiles/tinyusb_host_cdc_msc_hid.dir/C_/Users/agras/.pico-sdk/sdk/2.1.0/lib/tinyusb/src/class/cdc/cdc_host.c.obj
 .text.cp210x_set_modem_ctrl
                0x100062e4       0x28 usb/host/tinyusb_host_examples/cdc_msc_hid/CMakeFiles/tinyusb_host_cdc_msc_hid.dir/C_/Users/agras/.pico-sdk/sdk/2.1.0/lib/tinyusb/src/class/cdc/cdc_host.c.obj
 .text.cp210x_ifc_enable
                0x1000630c       0x1a usb/host/tinyusb_host_examples/cdc_msc_hid/CMakeFiles/tinyusb_host_cdc_msc_hid.dir/C_/Users/agras/.pico-sdk/sdk/2.1.0/lib/tinyusb/src/class/cdc/cdc_host.c.obj
 .text.ftdi_sio_set_request
                0x10006326       0x66 usb/host/tinyusb_host_examples/cdc_msc_hid/CMakeFiles/tinyusb_host_cdc_msc_hid.dir/C_/Users/agras/.pico-sdk/sdk/2.1.0/lib/tinyusb/src/class/cdc/cdc_host.c.obj
 .text.ftdi_sio_set_baudrate
                0x1000638c       0x5c usb/host/tinyusb_host_examples/cdc_msc_hid/CMakeFiles/tinyusb_host_cdc_msc_hid.dir/C_/Users/agras/.pico-sdk/sdk/2.1.0/lib/tinyusb/src/class/cdc/cdc_host.c.obj
 .text.ftdi_sio_set_modem_ctrl
                0x100063e8       0x50 usb/host/tinyusb_host_examples/cdc_msc_hid/CMakeFiles/tinyusb_host_cdc_msc_hid.dir/C_/Users/agras/.pico-sdk/sdk/2.1.0/lib/tinyusb/src/class/cdc/cdc_host.c.obj
 .text.ftdi_sio_reset
                0x10006438       0x16 usb/host/tinyusb_host_examples/cdc_msc_hid/CMakeFiles/tinyusb_host_cdc_msc_hid.dir/C_/Users/agras/.pico-sdk/sdk/2.1.0/lib/tinyusb/src/class/cdc/cdc_host.c.obj
 *fill*         0x1000644e        0x2 
 .text.acm_set_line_coding
                0x10006450       0xb8 usb/host/tinyusb_host_examples/cdc_msc_hid/CMakeFiles/tinyusb_host_cdc_msc_hid.dir/C_/Users/agras/.pico-sdk/sdk/2.1.0/lib/tinyusb/src/class/cdc/cdc_host.c.obj
 .text.acm_set_data_format
                0x10006508       0x22 usb/host/tinyusb_host_examples/cdc_msc_hid/CMakeFiles/tinyusb_host_cdc_msc_hid.dir/C_/Users/agras/.pico-sdk/sdk/2.1.0/lib/tinyusb/src/class/cdc/cdc_host.c.obj
 .text.acm_set_baudrate
                0x1000652a       0x34 usb/host/tinyusb_host_examples/cdc_msc_hid/CMakeFiles/tinyusb_host_cdc_msc_hid.dir/C_/Users/agras/.pico-sdk/sdk/2.1.0/lib/tinyusb/src/class/cdc/cdc_host.c.obj
 *fill*         0x1000655e        0x2 
 .text.acm_set_control_line_state
                0x10006560       0xa8 usb/host/tinyusb_host_examples/cdc_msc_hid/CMakeFiles/tinyusb_host_cdc_msc_hid.dir/C_/Users/agras/.pico-sdk/sdk/2.1.0/lib/tinyusb/src/class/cdc/cdc_host.c.obj
 .text.set_config_complete
                0x10006608       0x2c usb/host/tinyusb_host_examples/cdc_msc_hid/CMakeFiles/tinyusb_host_cdc_msc_hid.dir/C_/Users/agras/.pico-sdk/sdk/2.1.0/lib/tinyusb/src/class/cdc/cdc_host.c.obj
 .text.open_ep_stream_pair
                0x10006634       0xd4 usb/host/tinyusb_host_examples/cdc_msc_hid/CMakeFiles/tinyusb_host_cdc_msc_hid.dir/C_/Users/agras/.pico-sdk/sdk/2.1.0/lib/tinyusb/src/class/cdc/cdc_host.c.obj
 .text.cp210x_open
                0x10006708       0x3e usb/host/tinyusb_host_examples/cdc_msc_hid/CMakeFiles/tinyusb_host_cdc_msc_hid.dir/C_/Users/agras/.pico-sdk/sdk/2.1.0/lib/tinyusb/src/class/cdc/cdc_host.c.obj
 .text.ftdi_open
                0x10006746       0x42 usb/host/tinyusb_host_examples/cdc_msc_hid/CMakeFiles/tinyusb_host_cdc_msc_hid.dir/C_/Users/agras/.pico-sdk/sdk/2.1.0/lib/tinyusb/src/class/cdc/cdc_host.c.obj
 .text.ch34x_open
                0x10006788       0xc4 usb/host/tinyusb_host_examples/cdc_msc_hid/CMakeFiles/tinyusb_host_cdc_msc_hid.dir/C_/Users/agras/.pico-sdk/sdk/2.1.0/lib/tinyusb/src/class/cdc/cdc_host.c.obj
 .text.acm_open
                0x1000684c       0xec usb/host/tinyusb_host_examples/cdc_msc_hid/CMakeFiles/tinyusb_host_cdc_msc_hid.dir/C_/Users/agras/.pico-sdk/sdk/2.1.0/lib/tinyusb/src/class/cdc/cdc_host.c.obj
 .text.tuh_cdc_itf_get_index
                0x10006938       0x44 usb/host/tinyusb_host_examples/cdc_msc_hid/CMakeFiles/tinyusb_host_cdc_msc_hid.dir/C_/Users/agras/.pico-sdk/sdk/2.1.0/lib/tinyusb/src/class/cdc/cdc_host.c.obj
                0x10006938                tuh_cdc_itf_get_index
 .text.ch34x_set_line_coding_stage1_complete
                0x1000697c       0x8c usb/host/tinyusb_host_examples/cdc_msc_hid/CMakeFiles/tinyusb_host_cdc_msc_hid.dir/C_/Users/agras/.pico-sdk/sdk/2.1.0/lib/tinyusb/src/class/cdc/cdc_host.c.obj
 .text.process_internal_control_complete
                0x10006a08      0x108 usb/host/tinyusb_host_examples/cdc_msc_hid/CMakeFiles/tinyusb_host_cdc_msc_hid.dir/C_/Users/agras/.pico-sdk/sdk/2.1.0/lib/tinyusb/src/class/cdc/cdc_host.c.obj
 .text.ch34x_control_complete
                0x10006b10        0xa usb/host/tinyusb_host_examples/cdc_msc_hid/CMakeFiles/tinyusb_host_cdc_msc_hid.dir/C_/Users/agras/.pico-sdk/sdk/2.1.0/lib/tinyusb/src/class/cdc/cdc_host.c.obj
 .text.cdch_internal_control_complete
                0x10006b1a        0xe usb/host/tinyusb_host_examples/cdc_msc_hid/CMakeFiles/tinyusb_host_cdc_msc_hid.dir/C_/Users/agras/.pico-sdk/sdk/2.1.0/lib/tinyusb/src/class/cdc/cdc_host.c.obj
 .text.ch34x_process_config
                0x10006b28      0x250 usb/host/tinyusb_host_examples/cdc_msc_hid/CMakeFiles/tinyusb_host_cdc_msc_hid.dir/C_/Users/agras/.pico-sdk/sdk/2.1.0/lib/tinyusb/src/class/cdc/cdc_host.c.obj
 .text.cp210x_process_config
                0x10006d78       0xfc usb/host/tinyusb_host_examples/cdc_msc_hid/CMakeFiles/tinyusb_host_cdc_msc_hid.dir/C_/Users/agras/.pico-sdk/sdk/2.1.0/lib/tinyusb/src/class/cdc/cdc_host.c.obj
 .text.ftdi_process_config
                0x10006e74       0xfc usb/host/tinyusb_host_examples/cdc_msc_hid/CMakeFiles/tinyusb_host_cdc_msc_hid.dir/C_/Users/agras/.pico-sdk/sdk/2.1.0/lib/tinyusb/src/class/cdc/cdc_host.c.obj
 .text.acm_process_config
                0x10006f70       0xe4 usb/host/tinyusb_host_examples/cdc_msc_hid/CMakeFiles/tinyusb_host_cdc_msc_hid.dir/C_/Users/agras/.pico-sdk/sdk/2.1.0/lib/tinyusb/src/class/cdc/cdc_host.c.obj
 .text.tuh_cdc_itf_get_info
                0x10007054       0x4a usb/host/tinyusb_host_examples/cdc_msc_hid/CMakeFiles/tinyusb_host_cdc_msc_hid.dir/C_/Users/agras/.pico-sdk/sdk/2.1.0/lib/tinyusb/src/class/cdc/cdc_host.c.obj
                0x10007054                tuh_cdc_itf_get_info
 .text.tuh_cdc_mounted
                0x1000709e       0x10 usb/host/tinyusb_host_examples/cdc_msc_hid/CMakeFiles/tinyusb_host_cdc_msc_hid.dir/C_/Users/agras/.pico-sdk/sdk/2.1.0/lib/tinyusb/src/class/cdc/cdc_host.c.obj
                0x1000709e                tuh_cdc_mounted
 .text.tuh_cdc_get_local_line_coding
                0x100070ae       0x20 usb/host/tinyusb_host_examples/cdc_msc_hid/CMakeFiles/tinyusb_host_cdc_msc_hid.dir/C_/Users/agras/.pico-sdk/sdk/2.1.0/lib/tinyusb/src/class/cdc/cdc_host.c.obj
                0x100070ae                tuh_cdc_get_local_line_coding
 .text.tuh_cdc_write
                0x100070ce       0x20 usb/host/tinyusb_host_examples/cdc_msc_hid/CMakeFiles/tinyusb_host_cdc_msc_hid.dir/C_/Users/agras/.pico-sdk/sdk/2.1.0/lib/tinyusb/src/class/cdc/cdc_host.c.obj
                0x100070ce                tuh_cdc_write
 .text.tuh_cdc_write_flush
                0x100070ee       0x18 usb/host/tinyusb_host_examples/cdc_msc_hid/CMakeFiles/tinyusb_host_cdc_msc_hid.dir/C_/Users/agras/.pico-sdk/sdk/2.1.0/lib/tinyusb/src/class/cdc/cdc_host.c.obj
                0x100070ee                tuh_cdc_write_flush
 .text.tuh_cdc_read
                0x10007106       0x20 usb/host/tinyusb_host_examples/cdc_msc_hid/CMakeFiles/tinyusb_host_cdc_msc_hid.dir/C_/Users/agras/.pico-sdk/sdk/2.1.0/lib/tinyusb/src/class/cdc/cdc_host.c.obj
                0x10007106                tuh_cdc_read
 *fill*         0x10007126        0x2 
 .text.cdch_init
                0x10007128       0x84 usb/host/tinyusb_host_examples/cdc_msc_hid/CMakeFiles/tinyusb_host_cdc_msc_hid.dir/C_/Users/agras/.pico-sdk/sdk/2.1.0/lib/tinyusb/src/class/cdc/cdc_host.c.obj
                0x10007128                cdch_init
 .text.cdch_deinit
                0x100071ac       0x34 usb/host/tinyusb_host_examples/cdc_msc_hid/CMakeFiles/tinyusb_host_cdc_msc_hid.dir/C_/Users/agras/.pico-sdk/sdk/2.1.0/lib/tinyusb/src/class/cdc/cdc_host.c.obj
                0x100071ac                cdch_deinit
 .text.cdch_close
                0x100071e0       0x50 usb/host/tinyusb_host_examples/cdc_msc_hid/CMakeFiles/tinyusb_host_cdc_msc_hid.dir/C_/Users/agras/.pico-sdk/sdk/2.1.0/lib/tinyusb/src/class/cdc/cdc_host.c.obj
                0x100071e0                cdch_close
 .text.cdch_xfer_cb
                0x10007230      0x118 usb/host/tinyusb_host_examples/cdc_msc_hid/CMakeFiles/tinyusb_host_cdc_msc_hid.dir/C_/Users/agras/.pico-sdk/sdk/2.1.0/lib/tinyusb/src/class/cdc/cdc_host.c.obj
                0x10007230                cdch_xfer_cb
 .text.cdch_open
                0x10007348       0x9c usb/host/tinyusb_host_examples/cdc_msc_hid/CMakeFiles/tinyusb_host_cdc_msc_hid.dir/C_/Users/agras/.pico-sdk/sdk/2.1.0/lib/tinyusb/src/class/cdc/cdc_host.c.obj
                0x10007348                cdch_open
 .text.cdch_set_config
                0x100073e4       0x68 usb/host/tinyusb_host_examples/cdc_msc_hid/CMakeFiles/tinyusb_host_cdc_msc_hid.dir/C_/Users/agras/.pico-sdk/sdk/2.1.0/lib/tinyusb/src/class/cdc/cdc_host.c.obj
                0x100073e4                cdch_set_config
 .text.get_idx_by_epaddr
                0x1000744c       0x50 usb/host/tinyusb_host_examples/cdc_msc_hid/CMakeFiles/tinyusb_host_cdc_msc_hid.dir/C_/Users/agras/.pico-sdk/sdk/2.1.0/lib/tinyusb/src/class/hid/hid_host.c.obj
 .text.find_new_itf
                0x1000749c       0x2c usb/host/tinyusb_host_examples/cdc_msc_hid/CMakeFiles/tinyusb_host_cdc_msc_hid.dir/C_/Users/agras/.pico-sdk/sdk/2.1.0/lib/tinyusb/src/class/hid/hid_host.c.obj
 .text._hidh_set_protocol
                0x100074c8       0x68 usb/host/tinyusb_host_examples/cdc_msc_hid/CMakeFiles/tinyusb_host_cdc_msc_hid.dir/C_/Users/agras/.pico-sdk/sdk/2.1.0/lib/tinyusb/src/class/hid/hid_host.c.obj
 .text._hidh_set_idle
                0x10007530       0x68 usb/host/tinyusb_host_examples/cdc_msc_hid/CMakeFiles/tinyusb_host_cdc_msc_hid.dir/C_/Users/agras/.pico-sdk/sdk/2.1.0/lib/tinyusb/src/class/hid/hid_host.c.obj
 .text.config_driver_mount_complete
                0x10007598       0x64 usb/host/tinyusb_host_examples/cdc_msc_hid/CMakeFiles/tinyusb_host_cdc_msc_hid.dir/C_/Users/agras/.pico-sdk/sdk/2.1.0/lib/tinyusb/src/class/hid/hid_host.c.obj
 .text.tuh_hid_itf_get_index
                0x100075fc       0x38 usb/host/tinyusb_host_examples/cdc_msc_hid/CMakeFiles/tinyusb_host_cdc_msc_hid.dir/C_/Users/agras/.pico-sdk/sdk/2.1.0/lib/tinyusb/src/class/hid/hid_host.c.obj
                0x100075fc                tuh_hid_itf_get_index
 .text.process_set_config
                0x10007634      0x12c usb/host/tinyusb_host_examples/cdc_msc_hid/CMakeFiles/tinyusb_host_cdc_msc_hid.dir/C_/Users/agras/.pico-sdk/sdk/2.1.0/lib/tinyusb/src/class/hid/hid_host.c.obj
 .text.tuh_hid_interface_protocol
                0x10007760       0x54 usb/host/tinyusb_host_examples/cdc_msc_hid/CMakeFiles/tinyusb_host_cdc_msc_hid.dir/C_/Users/agras/.pico-sdk/sdk/2.1.0/lib/tinyusb/src/class/hid/hid_host.c.obj
                0x10007760                tuh_hid_interface_protocol
 .text.tuh_hid_receive_report
                0x100077b4       0x7c usb/host/tinyusb_host_examples/cdc_msc_hid/CMakeFiles/tinyusb_host_cdc_msc_hid.dir/C_/Users/agras/.pico-sdk/sdk/2.1.0/lib/tinyusb/src/class/hid/hid_host.c.obj
                0x100077b4                tuh_hid_receive_report
 .text.hidh_init
                0x10007830       0x18 usb/host/tinyusb_host_examples/cdc_msc_hid/CMakeFiles/tinyusb_host_cdc_msc_hid.dir/C_/Users/agras/.pico-sdk/sdk/2.1.0/lib/tinyusb/src/class/hid/hid_host.c.obj
                0x10007830                hidh_init
 .text.hidh_deinit
                0x10007848        0x4 usb/host/tinyusb_host_examples/cdc_msc_hid/CMakeFiles/tinyusb_host_cdc_msc_hid.dir/C_/Users/agras/.pico-sdk/sdk/2.1.0/lib/tinyusb/src/class/hid/hid_host.c.obj
                0x10007848                hidh_deinit
 .text.hidh_xfer_cb
                0x1000784c       0x80 usb/host/tinyusb_host_examples/cdc_msc_hid/CMakeFiles/tinyusb_host_cdc_msc_hid.dir/C_/Users/agras/.pico-sdk/sdk/2.1.0/lib/tinyusb/src/class/hid/hid_host.c.obj
                0x1000784c                hidh_xfer_cb
 .text.hidh_close
                0x100078cc       0x48 usb/host/tinyusb_host_examples/cdc_msc_hid/CMakeFiles/tinyusb_host_cdc_msc_hid.dir/C_/Users/agras/.pico-sdk/sdk/2.1.0/lib/tinyusb/src/class/hid/hid_host.c.obj
                0x100078cc                hidh_close
 .text.hidh_open
                0x10007914      0x178 usb/host/tinyusb_host_examples/cdc_msc_hid/CMakeFiles/tinyusb_host_cdc_msc_hid.dir/C_/Users/agras/.pico-sdk/sdk/2.1.0/lib/tinyusb/src/class/hid/hid_host.c.obj
                0x10007914                hidh_open
 .text.hidh_set_config
                0x10007a8c       0x26 usb/host/tinyusb_host_examples/cdc_msc_hid/CMakeFiles/tinyusb_host_cdc_msc_hid.dir/C_/Users/agras/.pico-sdk/sdk/2.1.0/lib/tinyusb/src/class/hid/hid_host.c.obj
                0x10007a8c                hidh_set_config
 .text.tuh_hid_parse_report_descriptor
                0x10007ab2       0xc4 usb/host/tinyusb_host_examples/cdc_msc_hid/CMakeFiles/tinyusb_host_cdc_msc_hid.dir/C_/Users/agras/.pico-sdk/sdk/2.1.0/lib/tinyusb/src/class/hid/hid_host.c.obj
                0x10007ab2                tuh_hid_parse_report_descriptor
 *fill*         0x10007b76        0x2 
 .text.config_read_capacity_complete
                0x10007b78       0x98 usb/host/tinyusb_host_examples/cdc_msc_hid/CMakeFiles/tinyusb_host_cdc_msc_hid.dir/C_/Users/agras/.pico-sdk/sdk/2.1.0/lib/tinyusb/src/class/msc/msc_host.c.obj
 .text.tuh_msc_get_block_count
                0x10007c10       0x1c usb/host/tinyusb_host_examples/cdc_msc_hid/CMakeFiles/tinyusb_host_cdc_msc_hid.dir/C_/Users/agras/.pico-sdk/sdk/2.1.0/lib/tinyusb/src/class/msc/msc_host.c.obj
                0x10007c10                tuh_msc_get_block_count
 .text.tuh_msc_get_block_size
                0x10007c2c       0x1c usb/host/tinyusb_host_examples/cdc_msc_hid/CMakeFiles/tinyusb_host_cdc_msc_hid.dir/C_/Users/agras/.pico-sdk/sdk/2.1.0/lib/tinyusb/src/class/msc/msc_host.c.obj
                0x10007c2c                tuh_msc_get_block_size
 .text.tuh_msc_scsi_command
                0x10007c48       0xb4 usb/host/tinyusb_host_examples/cdc_msc_hid/CMakeFiles/tinyusb_host_cdc_msc_hid.dir/C_/Users/agras/.pico-sdk/sdk/2.1.0/lib/tinyusb/src/class/msc/msc_host.c.obj
                0x10007c48                tuh_msc_scsi_command
 .text.tuh_msc_read_capacity
                0x10007cfc       0x70 usb/host/tinyusb_host_examples/cdc_msc_hid/CMakeFiles/tinyusb_host_cdc_msc_hid.dir/C_/Users/agras/.pico-sdk/sdk/2.1.0/lib/tinyusb/src/class/msc/msc_host.c.obj
                0x10007cfc                tuh_msc_read_capacity
 .text.tuh_msc_inquiry
                0x10007d6c       0x8c usb/host/tinyusb_host_examples/cdc_msc_hid/CMakeFiles/tinyusb_host_cdc_msc_hid.dir/C_/Users/agras/.pico-sdk/sdk/2.1.0/lib/tinyusb/src/class/msc/msc_host.c.obj
                0x10007d6c                tuh_msc_inquiry
 .text.tuh_msc_test_unit_ready
                0x10007df8       0x64 usb/host/tinyusb_host_examples/cdc_msc_hid/CMakeFiles/tinyusb_host_cdc_msc_hid.dir/C_/Users/agras/.pico-sdk/sdk/2.1.0/lib/tinyusb/src/class/msc/msc_host.c.obj
                0x10007df8                tuh_msc_test_unit_ready
 .text.config_get_maxlun_complete
                0x10007e5c       0x3c usb/host/tinyusb_host_examples/cdc_msc_hid/CMakeFiles/tinyusb_host_cdc_msc_hid.dir/C_/Users/agras/.pico-sdk/sdk/2.1.0/lib/tinyusb/src/class/msc/msc_host.c.obj
 .text.config_request_sense_complete
                0x10007e98       0x68 usb/host/tinyusb_host_examples/cdc_msc_hid/CMakeFiles/tinyusb_host_cdc_msc_hid.dir/C_/Users/agras/.pico-sdk/sdk/2.1.0/lib/tinyusb/src/class/msc/msc_host.c.obj
 .text.tuh_msc_request_sense
                0x10007f00       0x74 usb/host/tinyusb_host_examples/cdc_msc_hid/CMakeFiles/tinyusb_host_cdc_msc_hid.dir/C_/Users/agras/.pico-sdk/sdk/2.1.0/lib/tinyusb/src/class/msc/msc_host.c.obj
                0x10007f00                tuh_msc_request_sense
 .text.config_test_unit_ready_complete
                0x10007f74       0x68 usb/host/tinyusb_host_examples/cdc_msc_hid/CMakeFiles/tinyusb_host_cdc_msc_hid.dir/C_/Users/agras/.pico-sdk/sdk/2.1.0/lib/tinyusb/src/class/msc/msc_host.c.obj
 .text.msch_init
                0x10007fdc       0x18 usb/host/tinyusb_host_examples/cdc_msc_hid/CMakeFiles/tinyusb_host_cdc_msc_hid.dir/C_/Users/agras/.pico-sdk/sdk/2.1.0/lib/tinyusb/src/class/msc/msc_host.c.obj
                0x10007fdc                msch_init
 .text.msch_deinit
                0x10007ff4        0x4 usb/host/tinyusb_host_examples/cdc_msc_hid/CMakeFiles/tinyusb_host_cdc_msc_hid.dir/C_/Users/agras/.pico-sdk/sdk/2.1.0/lib/tinyusb/src/class/msc/msc_host.c.obj
                0x10007ff4                msch_deinit
 .text.msch_close
                0x10007ff8       0x38 usb/host/tinyusb_host_examples/cdc_msc_hid/CMakeFiles/tinyusb_host_cdc_msc_hid.dir/C_/Users/agras/.pico-sdk/sdk/2.1.0/lib/tinyusb/src/class/msc/msc_host.c.obj
                0x10007ff8                msch_close
 .text.msch_xfer_cb
                0x10008030      0x1a0 usb/host/tinyusb_host_examples/cdc_msc_hid/CMakeFiles/tinyusb_host_cdc_msc_hid.dir/C_/Users/agras/.pico-sdk/sdk/2.1.0/lib/tinyusb/src/class/msc/msc_host.c.obj
                0x10008030                msch_xfer_cb
 .text.msch_open
                0x100081d0      0x104 usb/host/tinyusb_host_examples/cdc_msc_hid/CMakeFiles/tinyusb_host_cdc_msc_hid.dir/C_/Users/agras/.pico-sdk/sdk/2.1.0/lib/tinyusb/src/class/msc/msc_host.c.obj
                0x100081d0                msch_open
 .text.msch_set_config
                0x100082d4       0xd4 usb/host/tinyusb_host_examples/cdc_msc_hid/CMakeFiles/tinyusb_host_cdc_msc_hid.dir/C_/Users/agras/.pico-sdk/sdk/2.1.0/lib/tinyusb/src/class/msc/msc_host.c.obj
                0x100082d4                msch_set_config
 .text.tu_edpt_claim
                0x100083a8       0x50 usb/host/tinyusb_host_examples/cdc_msc_hid/CMakeFiles/tinyusb_host_cdc_msc_hid.dir/C_/Users/agras/.pico-sdk/sdk/2.1.0/lib/tinyusb/src/tusb.c.obj
                0x100083a8                tu_edpt_claim
 .text.tu_edpt_release
                0x100083f8       0x3c usb/host/tinyusb_host_examples/cdc_msc_hid/CMakeFiles/tinyusb_host_cdc_msc_hid.dir/C_/Users/agras/.pico-sdk/sdk/2.1.0/lib/tinyusb/src/tusb.c.obj
                0x100083f8                tu_edpt_release
 .text.tu_edpt_validate
                0x10008434       0xe0 usb/host/tinyusb_host_examples/cdc_msc_hid/CMakeFiles/tinyusb_host_cdc_msc_hid.dir/C_/Users/agras/.pico-sdk/sdk/2.1.0/lib/tinyusb/src/tusb.c.obj
                0x10008434                tu_edpt_validate
 .text.tu_edpt_bind_driver
                0x10008514       0x4a usb/host/tinyusb_host_examples/cdc_msc_hid/CMakeFiles/tinyusb_host_cdc_msc_hid.dir/C_/Users/agras/.pico-sdk/sdk/2.1.0/lib/tinyusb/src/tusb.c.obj
                0x10008514                tu_edpt_bind_driver
 .text.tu_desc_get_interface_total_len
                0x1000855e       0x46 usb/host/tinyusb_host_examples/cdc_msc_hid/CMakeFiles/tinyusb_host_cdc_msc_hid.dir/C_/Users/agras/.pico-sdk/sdk/2.1.0/lib/tinyusb/src/tusb.c.obj
                0x1000855e                tu_desc_get_interface_total_len
 .text.tu_edpt_stream_init
                0x100085a4       0x54 usb/host/tinyusb_host_examples/cdc_msc_hid/CMakeFiles/tinyusb_host_cdc_msc_hid.dir/C_/Users/agras/.pico-sdk/sdk/2.1.0/lib/tinyusb/src/tusb.c.obj
                0x100085a4                tu_edpt_stream_init
 .text.tu_edpt_stream_deinit
                0x100085f8        0x4 usb/host/tinyusb_host_examples/cdc_msc_hid/CMakeFiles/tinyusb_host_cdc_msc_hid.dir/C_/Users/agras/.pico-sdk/sdk/2.1.0/lib/tinyusb/src/tusb.c.obj
                0x100085f8                tu_edpt_stream_deinit
 .text.tu_edpt_stream_write_zlp_if_needed
                0x100085fc       0x9c usb/host/tinyusb_host_examples/cdc_msc_hid/CMakeFiles/tinyusb_host_cdc_msc_hid.dir/C_/Users/agras/.pico-sdk/sdk/2.1.0/lib/tinyusb/src/tusb.c.obj
                0x100085fc                tu_edpt_stream_write_zlp_if_needed
 .text.tu_edpt_stream_write_xfer
                0x10008698       0xa4 usb/host/tinyusb_host_examples/cdc_msc_hid/CMakeFiles/tinyusb_host_cdc_msc_hid.dir/C_/Users/agras/.pico-sdk/sdk/2.1.0/lib/tinyusb/src/tusb.c.obj
                0x10008698                tu_edpt_stream_write_xfer
 .text.tu_edpt_stream_write
                0x1000873c       0xd4 usb/host/tinyusb_host_examples/cdc_msc_hid/CMakeFiles/tinyusb_host_cdc_msc_hid.dir/C_/Users/agras/.pico-sdk/sdk/2.1.0/lib/tinyusb/src/tusb.c.obj
                0x1000873c                tu_edpt_stream_write
 .text.tu_edpt_stream_read_xfer
                0x10008810      0x12c usb/host/tinyusb_host_examples/cdc_msc_hid/CMakeFiles/tinyusb_host_cdc_msc_hid.dir/C_/Users/agras/.pico-sdk/sdk/2.1.0/lib/tinyusb/src/tusb.c.obj
                0x10008810                tu_edpt_stream_read_xfer
 .text.tu_edpt_stream_read
                0x1000893c       0x20 usb/host/tinyusb_host_examples/cdc_msc_hid/CMakeFiles/tinyusb_host_cdc_msc_hid.dir/C_/Users/agras/.pico-sdk/sdk/2.1.0/lib/tinyusb/src/tusb.c.obj